2025-10-09 18:32:59,270 - game_server - INFO - <module>:87 - Сервер запущен на 192.168.1.4:5555 (привязан к 0.0.0.0)
2025-10-09 18:33:02,290 - game_server - INFO - log_connection:56 - Клиент 0: подключен - {"ip": "192.168.1.4", "port": 56029}
2025-10-09 18:33:02,307 - game_server - INFO - log_game_event:61 - Игровое событие: обновление_позиции - {"client_id": 0, "position": {"x": 960, "y": 540}, "inputs": {"left": false, "right": false, "up": false, "down": false}}
2025-10-09 18:33:02,332 - game_server - INFO - log_game_event:61 - Игровое событие: обновление_позиции - {"client_id": 0, "position": {"x": 960, "y": 540}, "inputs": {"left": false, "right": false, "up": false, "down": false}}
2025-10-09 18:33:02,365 - game_server - INFO - log_game_event:61 - Игровое событие: обновление_позиции - {"client_id": 0, "position": {"x": 960, "y": 540}, "inputs": {"left": false, "right": false, "up": false, "down": false}}
2025-10-09 18:33:02,401 - game_server - INFO - log_game_event:61 - Игровое событие: обновление_позиции - {"client_id": 0, "position": {"x": 960, "y": 540}, "inputs": {"left": false, "right": false, "up": false, "down": false}}
2025-10-09 18:33:02,439 - game_server - INFO - log_game_event:61 - Игровое событие: обновление_позиции - {"client_id": 0, "position": {"x": 960, "y": 540}, "inputs": {"left": false, "right": false, "up": false, "down": false}}
2025-10-09 18:33:02,481 - game_server - INFO - log_game_event:61 - Игровое событие: обновление_позиции - {"client_id": 0, "position": {"x": 960, "y": 540}, "inputs": {"left": false, "right": false, "up": false, "down": false}}
2025-10-09 18:33:02,526 - game_server - INFO - log_game_event:61 - Игровое событие: обновление_позиции - {"client_id": 0, "position": {"x": 960, "y": 540}, "inputs": {"left": false, "right": false, "up": false, "down": false}}
2025-10-09 18:33:02,574 - game_server - INFO - log_game_event:61 - Игровое событие: обновление_позиции - {"client_id": 0, "position": {"x": 960, "y": 540}, "inputs": {"left": false, "right": false, "up": false, "down": false}}
2025-10-09 18:33:02,620 - game_server - INFO - log_game_event:61 - Игровое событие: обновление_позиции - {"client_id": 0, "position": {"x": 960, "y": 540}, "inputs": {"left": false, "right": false, "up": false, "down": false}}
2025-10-09 18:33:02,662 - game_server - INFO - log_game_event:61 - Игровое событие: обновление_позиции - {"client_id": 0, "position": {"x": 960, "y": 540}, "inputs": {"left": false, "right": false, "up": false, "down": false}}
2025-10-09 18:33:02,701 - game_server - INFO - log_game_event:61 - Игровое событие: обновление_позиции - {"client_id": 0, "position": {"x": 960, "y": 540}, "inputs": {"left": false, "right": false, "up": false, "down": false}}
2025-10-09 18:33:02,734 - game_server - INFO - log_game_event:61 - Игровое событие: обновление_позиции - {"client_id": 0, "position": {"x": 960, "y": 540}, "inputs": {"left": false, "right": false, "up": false, "down": false}}
2025-10-09 18:33:02,769 - game_server - INFO - log_game_event:61 - Игровое событие: обновление_позиции - {"client_id": 0, "position": {"x": 960, "y": 540}, "inputs": {"left": false, "right": false, "up": false, "down": false}}
2025-10-09 18:33:02,812 - game_server - INFO - log_game_event:61 - Игровое событие: обновление_позиции - {"client_id": 0, "position": {"x": 960, "y": 540}, "inputs": {"left": false, "right": false, "up": false, "down": false}}
2025-10-09 18:33:02,855 - game_server - INFO - log_game_event:61 - Игровое событие: обновление_позиции - {"client_id": 0, "position": {"x": 960, "y": 540}, "inputs": {"left": false, "right": false, "up": false, "down": false}}
2025-10-09 18:33:02,899 - game_server - INFO - log_game_event:61 - Игровое событие: обновление_позиции - {"client_id": 0, "position": {"x": 960, "y": 540}, "inputs": {"left": false, "right": false, "up": false, "down": false}}
2025-10-09 18:33:02,942 - game_server - INFO - log_game_event:61 - Игровое событие: обновление_позиции - {"client_id": 0, "position": {"x": 960, "y": 540}, "inputs": {"left": false, "right": false, "up": false, "down": false}}
2025-10-09 18:33:02,988 - game_server - INFO - log_game_event:61 - Игровое событие: обновление_позиции - {"client_id": 0, "position": {"x": 960, "y": 540}, "inputs": {"left": false, "right": false, "up": false, "down": false}}
2025-10-09 18:33:03,033 - game_server - INFO - log_game_event:61 - Игровое событие: обновление_позиции - {"client_id": 0, "position": {"x": 960, "y": 540}, "inputs": {"left": false, "right": false, "up": false, "down": false}}
2025-10-09 18:33:03,072 - game_server - INFO - log_game_event:61 - Игровое событие: обновление_позиции - {"client_id": 0, "position": {"x": 960, "y": 540}, "inputs": {"left": false, "right": false, "up": false, "down": false}}
2025-10-09 18:33:03,115 - game_server - INFO - log_game_event:61 - Игровое событие: обновление_позиции - {"client_id": 0, "position": {"x": 960, "y": 540}, "inputs": {"left": false, "right": false, "up": false, "down": false}}
2025-10-09 18:33:03,159 - game_server - INFO - log_game_event:61 - Игровое событие: обновление_позиции - {"client_id": 0, "position": {"x": 960, "y": 540}, "inputs": {"left": false, "right": false, "up": false, "down": false}}
2025-10-09 18:33:03,203 - game_server - INFO - log_game_event:61 - Игровое событие: обновление_позиции - {"client_id": 0, "position": {"x": 960, "y": 540}, "inputs": {"left": false, "right": false, "up": false, "down": false}}
2025-10-09 18:33:03,249 - game_server - INFO - log_game_event:61 - Игровое событие: обновление_позиции - {"client_id": 0, "position": {"x": 960, "y": 540}, "inputs": {"left": false, "right": false, "up": false, "down": false}}
2025-10-09 18:33:03,289 - game_server - INFO - log_game_event:61 - Игровое событие: обновление_позиции - {"client_id": 0, "position": {"x": 960, "y": 540}, "inputs": {"left": false, "right": false, "up": false, "down": false}}
2025-10-09 18:33:03,326 - game_server - INFO - log_game_event:61 - Игровое событие: обновление_позиции - {"client_id": 0, "position": {"x": 960, "y": 540}, "inputs": {"left": false, "right": false, "up": false, "down": false}}
2025-10-09 18:33:03,370 - game_server - INFO - log_game_event:61 - Игровое событие: обновление_позиции - {"client_id": 0, "position": {"x": 960, "y": 540}, "inputs": {"left": false, "right": false, "up": false, "down": false}}
2025-10-09 18:33:03,412 - game_server - INFO - log_game_event:61 - Игровое событие: обновление_позиции - {"client_id": 0, "position": {"x": 960, "y": 540}, "inputs": {"left": false, "right": false, "up": false, "down": false}}
2025-10-09 18:33:03,452 - game_server - INFO - log_game_event:61 - Игровое событие: обновление_позиции - {"client_id": 0, "position": {"x": 960, "y": 540}, "inputs": {"left": false, "right": false, "up": false, "down": false}}
2025-10-09 18:33:03,496 - game_server - INFO - log_game_event:61 - Игровое событие: обновление_позиции - {"client_id": 0, "position": {"x": 960, "y": 540}, "inputs": {"left": false, "right": false, "up": false, "down": false}}
2025-10-09 18:33:03,540 - game_server - INFO - log_game_event:61 - Игровое событие: обновление_позиции - {"client_id": 0, "position": {"x": 960, "y": 540}, "inputs": {"left": false, "right": false, "up": false, "down": false}}
2025-10-09 18:33:03,581 - game_server - INFO - log_game_event:61 - Игровое событие: обновление_позиции - {"client_id": 0, "position": {"x": 960, "y": 540}, "inputs": {"left": false, "right": false, "up": false, "down": false}}
2025-10-09 18:33:03,614 - game_server - INFO - log_game_event:61 - Игровое событие: обновление_позиции - {"client_id": 0, "position": {"x": 960, "y": 540}, "inputs": {"left": false, "right": false, "up": false, "down": false}}
2025-10-09 18:33:03,657 - game_server - INFO - log_game_event:61 - Игровое событие: обновление_позиции - {"client_id": 0, "position": {"x": 960, "y": 540}, "inputs": {"left": false, "right": false, "up": false, "down": false}}
2025-10-09 18:33:03,699 - game_server - INFO - log_game_event:61 - Игровое событие: обновление_позиции - {"client_id": 0, "position": {"x": 960, "y": 540}, "inputs": {"left": false, "right": false, "up": false, "down": false}}
2025-10-09 18:33:03,746 - game_server - INFO - log_game_event:61 - Игровое событие: обновление_позиции - {"client_id": 0, "position": {"x": 960, "y": 540}, "inputs": {"left": false, "right": false, "up": false, "down": false}}
2025-10-09 18:33:03,786 - game_server - INFO - log_game_event:61 - Игровое событие: обновление_позиции - {"client_id": 0, "position": {"x": 960, "y": 540}, "inputs": {"left": false, "right": false, "up": false, "down": false}}
2025-10-09 18:33:03,822 - game_server - INFO - log_game_event:61 - Игровое событие: обновление_позиции - {"client_id": 0, "position": {"x": 960, "y": 540}, "inputs": {"left": false, "right": false, "up": false, "down": false}}
2025-10-09 18:33:03,864 - game_server - INFO - log_game_event:61 - Игровое событие: обновление_позиции - {"client_id": 0, "position": {"x": 960, "y": 540}, "inputs": {"left": false, "right": false, "up": false, "down": false}}
2025-10-09 18:33:03,907 - game_server - INFO - log_game_event:61 - Игровое событие: обновление_позиции - {"client_id": 0, "position": {"x": 960, "y": 540}, "inputs": {"left": false, "right": false, "up": false, "down": false}}
2025-10-09 18:33:03,952 - game_server - INFO - log_game_event:61 - Игровое событие: обновление_позиции - {"client_id": 0, "position": {"x": 960, "y": 540}, "inputs": {"left": false, "right": false, "up": false, "down": false}}
2025-10-09 18:33:03,985 - game_server - INFO - log_game_event:61 - Игровое событие: обновление_позиции - {"client_id": 0, "position": {"x": 960, "y": 540}, "inputs": {"left": false, "right": false, "up": false, "down": false}}
2025-10-09 18:33:04,028 - game_server - INFO - log_game_event:61 - Игровое событие: обновление_позиции - {"client_id": 0, "position": {"x": 960, "y": 540}, "inputs": {"left": false, "right": false, "up": false, "down": false}}
2025-10-09 18:33:04,071 - game_server - INFO - log_game_event:61 - Игровое событие: обновление_позиции - {"client_id": 0, "position": {"x": 960, "y": 540}, "inputs": {"left": false, "right": false, "up": false, "down": false}}
2025-10-09 18:33:04,111 - game_server - INFO - log_game_event:61 - Игровое событие: обновление_позиции - {"client_id": 0, "position": {"x": 960, "y": 540}, "inputs": {"left": false, "right": false, "up": false, "down": false}}
2025-10-09 18:33:04,154 - game_server - INFO - log_game_event:61 - Игровое событие: обновление_позиции - {"client_id": 0, "position": {"x": 960, "y": 540}, "inputs": {"left": false, "right": false, "up": false, "down": false}}
2025-10-09 18:33:04,195 - game_server - INFO - log_game_event:61 - Игровое событие: обновление_позиции - {"client_id": 0, "position": {"x": 960, "y": 540}, "inputs": {"left": false, "right": false, "up": false, "down": false}}
2025-10-09 18:33:04,239 - game_server - INFO - log_game_event:61 - Игровое событие: обновление_позиции - {"client_id": 0, "position": {"x": 960, "y": 540}, "inputs": {"left": false, "right": false, "up": false, "down": false}}
2025-10-09 18:33:04,277 - game_server - INFO - log_game_event:61 - Игровое событие: обновление_позиции - {"client_id": 0, "position": {"x": 960, "y": 540}, "inputs": {"left": false, "right": false, "up": false, "down": false}}
2025-10-09 18:33:04,313 - game_server - INFO - log_game_event:61 - Игровое событие: обновление_позиции - {"client_id": 0, "position": {"x": 960, "y": 540}, "inputs": {"left": false, "right": false, "up": false, "down": false}}
2025-10-09 18:33:04,351 - game_server - INFO - log_game_event:61 - Игровое событие: обновление_позиции - {"client_id": 0, "position": {"x": 960, "y": 540}, "inputs": {"left": false, "right": false, "up": false, "down": false}}
2025-10-09 18:33:04,389 - game_server - INFO - log_game_event:61 - Игровое событие: обновление_позиции - {"client_id": 0, "position": {"x": 960, "y": 540}, "inputs": {"left": false, "right": false, "up": false, "down": false}}
2025-10-09 18:33:04,455 - game_server - INFO - log_game_event:61 - Игровое событие: обновление_позиции - {"client_id": 0, "position": {"x": 960, "y": 540}, "inputs": {"left": false, "right": false, "up": false, "down": false}}
2025-10-09 18:33:04,482 - game_server - INFO - log_game_event:61 - Игровое событие: обновление_позиции - {"client_id": 0, "position": {"x": 960, "y": 540}, "inputs": {"left": false, "right": false, "up": false, "down": false}}
2025-10-09 18:33:04,509 - game_server - INFO - log_game_event:61 - Игровое событие: обновление_позиции - {"client_id": 0, "position": {"x": 960, "y": 540}, "inputs": {"left": false, "right": false, "up": false, "down": false}}
2025-10-09 18:33:04,535 - game_server - INFO - log_game_event:61 - Игровое событие: обновление_позиции - {"client_id": 0, "position": {"x": 960, "y": 540}, "inputs": {"left": false, "right": false, "up": false, "down": false}}
2025-10-09 18:33:04,566 - game_server - INFO - log_game_event:61 - Игровое событие: обновление_позиции - {"client_id": 0, "position": {"x": 960, "y": 540}, "inputs": {"left": false, "right": false, "up": false, "down": false}}
2025-10-09 18:33:04,599 - game_server - INFO - log_game_event:61 - Игровое событие: обновление_позиции - {"client_id": 0, "position": {"x": 960, "y": 540}, "inputs": {"left": false, "right": false, "up": false, "down": false}}
2025-10-09 18:33:04,629 - game_server - INFO - log_game_event:61 - Игровое событие: обновление_позиции - {"client_id": 0, "position": {"x": 960, "y": 540}, "inputs": {"left": false, "right": false, "up": false, "down": false}}
2025-10-09 18:33:04,663 - game_server - INFO - log_game_event:61 - Игровое событие: обновление_позиции - {"client_id": 0, "position": {"x": 960, "y": 540}, "inputs": {"left": false, "right": false, "up": false, "down": false}}
2025-10-09 18:33:04,690 - game_server - INFO - log_game_event:61 - Игровое событие: обновление_позиции - {"client_id": 0, "position": {"x": 960, "y": 540}, "inputs": {"left": false, "right": false, "up": false, "down": false}}
2025-10-09 18:33:04,730 - game_server - INFO - log_game_event:61 - Игровое событие: обновление_позиции - {"client_id": 0, "position": {"x": 960, "y": 540}, "inputs": {"left": false, "right": false, "up": false, "down": false}}
2025-10-09 18:33:04,772 - game_server - INFO - log_game_event:61 - Игровое событие: обновление_позиции - {"client_id": 0, "position": {"x": 960, "y": 540}, "inputs": {"left": false, "right": false, "up": false, "down": false}}
2025-10-09 18:33:04,816 - game_server - INFO - log_game_event:61 - Игровое событие: обновление_позиции - {"client_id": 0, "position": {"x": 960, "y": 540}, "inputs": {"left": false, "right": false, "up": false, "down": false}}
2025-10-09 18:33:04,859 - game_server - INFO - log_game_event:61 - Игровое событие: обновление_позиции - {"client_id": 0, "position": {"x": 960, "y": 540}, "inputs": {"left": false, "right": false, "up": false, "down": false}}
2025-10-09 18:33:04,900 - game_server - INFO - log_game_event:61 - Игровое событие: обновление_позиции - {"client_id": 0, "position": {"x": 960, "y": 540}, "inputs": {"left": false, "right": false, "up": false, "down": false}}
2025-10-09 18:33:04,942 - game_server - INFO - log_game_event:61 - Игровое событие: обновление_позиции - {"client_id": 0, "position": {"x": 960, "y": 540}, "inputs": {"left": false, "right": false, "up": false, "down": false}}
2025-10-09 18:33:04,986 - game_server - INFO - log_game_event:61 - Игровое событие: обновление_позиции - {"client_id": 0, "position": {"x": 960, "y": 540}, "inputs": {"left": false, "right": false, "up": false, "down": false}}
2025-10-09 18:33:05,028 - game_server - INFO - log_game_event:61 - Игровое событие: обновление_позиции - {"client_id": 0, "position": {"x": 960, "y": 540}, "inputs": {"left": false, "right": false, "up": false, "down": false}}
2025-10-09 18:33:05,070 - game_server - INFO - log_game_event:61 - Игровое событие: обновление_позиции - {"client_id": 0, "position": {"x": 960, "y": 540}, "inputs": {"left": false, "right": false, "up": false, "down": false}}
2025-10-09 18:33:05,113 - game_server - INFO - log_game_event:61 - Игровое событие: обновление_позиции - {"client_id": 0, "position": {"x": 960, "y": 540}, "inputs": {"left": false, "right": false, "up": false, "down": false}}
2025-10-09 18:33:05,158 - game_server - INFO - log_game_event:61 - Игровое событие: обновление_позиции - {"client_id": 0, "position": {"x": 960, "y": 540}, "inputs": {"left": false, "right": false, "up": false, "down": false}}
2025-10-09 18:33:05,200 - game_server - INFO - log_game_event:61 - Игровое событие: обновление_позиции - {"client_id": 0, "position": {"x": 960, "y": 540}, "inputs": {"left": false, "right": false, "up": false, "down": false}}
2025-10-09 18:33:05,242 - game_server - INFO - log_game_event:61 - Игровое событие: обновление_позиции - {"client_id": 0, "position": {"x": 960, "y": 540}, "inputs": {"left": false, "right": false, "up": false, "down": false}}
2025-10-09 18:33:05,280 - game_server - INFO - log_game_event:61 - Игровое событие: обновление_позиции - {"client_id": 0, "position": {"x": 960, "y": 540}, "inputs": {"left": false, "right": false, "up": false, "down": false}}
2025-10-09 18:33:05,323 - game_server - INFO - log_game_event:61 - Игровое событие: обновление_позиции - {"client_id": 0, "position": {"x": 960, "y": 545}, "inputs": {"left": false, "right": false, "up": false, "down": true}}
2025-10-09 18:33:05,368 - game_server - INFO - log_game_event:61 - Игровое событие: обновление_позиции - {"client_id": 0, "position": {"x": 960, "y": 550}, "inputs": {"left": false, "right": false, "up": false, "down": true}}
2025-10-09 18:33:05,411 - game_server - INFO - log_game_event:61 - Игровое событие: обновление_позиции - {"client_id": 0, "position": {"x": 960, "y": 555}, "inputs": {"left": false, "right": false, "up": false, "down": true}}
2025-10-09 18:33:05,455 - game_server - INFO - log_game_event:61 - Игровое событие: обновление_позиции - {"client_id": 0, "position": {"x": 960, "y": 560}, "inputs": {"left": false, "right": false, "up": false, "down": true}}
2025-10-09 18:33:05,501 - game_server - INFO - log_game_event:61 - Игровое событие: обновление_позиции - {"client_id": 0, "position": {"x": 960, "y": 565}, "inputs": {"left": false, "right": false, "up": false, "down": true}}
2025-10-09 18:33:05,545 - game_server - INFO - log_game_event:61 - Игровое событие: обновление_позиции - {"client_id": 0, "position": {"x": 960, "y": 570}, "inputs": {"left": false, "right": false, "up": false, "down": true}}
2025-10-09 18:33:05,590 - game_server - INFO - log_game_event:61 - Игровое событие: обновление_позиции - {"client_id": 0, "position": {"x": 955, "y": 575}, "inputs": {"left": true, "right": false, "up": false, "down": true}}
2025-10-09 18:33:05,632 - game_server - INFO - log_game_event:61 - Игровое событие: обновление_позиции - {"client_id": 0, "position": {"x": 950, "y": 575}, "inputs": {"left": true, "right": false, "up": false, "down": false}}
2025-10-09 18:33:05,676 - game_server - INFO - log_game_event:61 - Игровое событие: обновление_позиции - {"client_id": 0, "position": {"x": 945, "y": 575}, "inputs": {"left": true, "right": false, "up": false, "down": false}}
2025-10-09 18:33:05,710 - game_server - INFO - log_game_event:61 - Игровое событие: обновление_позиции - {"client_id": 0, "position": {"x": 940, "y": 575}, "inputs": {"left": true, "right": false, "up": false, "down": false}}
2025-10-09 18:33:05,753 - game_server - INFO - log_game_event:61 - Игровое событие: обновление_позиции - {"client_id": 0, "position": {"x": 935, "y": 575}, "inputs": {"left": true, "right": false, "up": false, "down": false}}
2025-10-09 18:33:05,797 - game_server - INFO - log_game_event:61 - Игровое событие: обновление_позиции - {"client_id": 0, "position": {"x": 930, "y": 575}, "inputs": {"left": true, "right": false, "up": false, "down": false}}
2025-10-09 18:33:05,840 - game_server - INFO - log_game_event:61 - Игровое событие: обновление_позиции - {"client_id": 0, "position": {"x": 925, "y": 575}, "inputs": {"left": true, "right": false, "up": false, "down": false}}
2025-10-09 18:33:05,882 - game_server - INFO - log_game_event:61 - Игровое событие: обновление_позиции - {"client_id": 0, "position": {"x": 920, "y": 575}, "inputs": {"left": true, "right": false, "up": false, "down": false}}
2025-10-09 18:33:05,926 - game_server - INFO - log_game_event:61 - Игровое событие: обновление_позиции - {"client_id": 0, "position": {"x": 915, "y": 575}, "inputs": {"left": true, "right": false, "up": false, "down": false}}
2025-10-09 18:33:05,971 - game_server - INFO - log_game_event:61 - Игровое событие: обновление_позиции - {"client_id": 0, "position": {"x": 910, "y": 575}, "inputs": {"left": true, "right": false, "up": false, "down": false}}
2025-10-09 18:33:06,013 - game_server - INFO - log_game_event:61 - Игровое событие: обновление_позиции - {"client_id": 0, "position": {"x": 905, "y": 575}, "inputs": {"left": true, "right": false, "up": false, "down": false}}
2025-10-09 18:33:06,050 - game_server - INFO - log_game_event:61 - Игровое событие: обновление_позиции - {"client_id": 0, "position": {"x": 900, "y": 570}, "inputs": {"left": true, "right": false, "up": true, "down": false}}
2025-10-09 18:33:06,096 - game_server - INFO - log_game_event:61 - Игровое событие: обновление_позиции - {"client_id": 0, "position": {"x": 895, "y": 565}, "inputs": {"left": true, "right": false, "up": true, "down": false}}
2025-10-09 18:33:06,143 - game_server - INFO - log_game_event:61 - Игровое событие: обновление_позиции - {"client_id": 0, "position": {"x": 900, "y": 560}, "inputs": {"left": false, "right": true, "up": true, "down": false}}
2025-10-09 18:33:06,188 - game_server - INFO - log_game_event:61 - Игровое событие: обновление_позиции - {"client_id": 0, "position": {"x": 905, "y": 555}, "inputs": {"left": false, "right": true, "up": true, "down": false}}
2025-10-09 18:33:06,232 - game_server - INFO - log_game_event:61 - Игровое событие: обновление_позиции - {"client_id": 0, "position": {"x": 910, "y": 550}, "inputs": {"left": false, "right": true, "up": true, "down": false}}
2025-10-09 18:33:06,272 - game_server - INFO - log_game_event:61 - Игровое событие: обновление_позиции - {"client_id": 0, "position": {"x": 915, "y": 545}, "inputs": {"left": false, "right": true, "up": true, "down": false}}
2025-10-09 18:33:06,316 - game_server - INFO - log_game_event:61 - Игровое событие: обновление_позиции - {"client_id": 0, "position": {"x": 920, "y": 540}, "inputs": {"left": false, "right": true, "up": true, "down": false}}
2025-10-09 18:33:06,359 - game_server - INFO - log_game_event:61 - Игровое событие: обновление_позиции - {"client_id": 0, "position": {"x": 925, "y": 535}, "inputs": {"left": false, "right": true, "up": true, "down": false}}
2025-10-09 18:33:06,402 - game_server - INFO - log_game_event:61 - Игровое событие: обновление_позиции - {"client_id": 0, "position": {"x": 930, "y": 530}, "inputs": {"left": false, "right": true, "up": true, "down": false}}
2025-10-09 18:33:06,447 - game_server - INFO - log_game_event:61 - Игровое событие: обновление_позиции - {"client_id": 0, "position": {"x": 935, "y": 525}, "inputs": {"left": false, "right": true, "up": true, "down": false}}
2025-10-09 18:33:06,490 - game_server - INFO - log_game_event:61 - Игровое событие: обновление_позиции - {"client_id": 0, "position": {"x": 940, "y": 525}, "inputs": {"left": false, "right": true, "up": false, "down": false}}
2025-10-09 18:33:06,531 - game_server - INFO - log_game_event:61 - Игровое событие: обновление_позиции - {"client_id": 0, "position": {"x": 945, "y": 525}, "inputs": {"left": false, "right": true, "up": false, "down": false}}
2025-10-09 18:33:06,574 - game_server - INFO - log_game_event:61 - Игровое событие: обновление_позиции - {"client_id": 0, "position": {"x": 950, "y": 525}, "inputs": {"left": false, "right": true, "up": false, "down": false}}
2025-10-09 18:33:06,617 - game_server - INFO - log_game_event:61 - Игровое событие: обновление_позиции - {"client_id": 0, "position": {"x": 955, "y": 525}, "inputs": {"left": false, "right": true, "up": false, "down": false}}
2025-10-09 18:33:06,660 - game_server - INFO - log_game_event:61 - Игровое событие: обновление_позиции - {"client_id": 0, "position": {"x": 960, "y": 525}, "inputs": {"left": false, "right": true, "up": false, "down": false}}
2025-10-09 18:33:06,703 - game_server - INFO - log_game_event:61 - Игровое событие: обновление_позиции - {"client_id": 0, "position": {"x": 965, "y": 525}, "inputs": {"left": false, "right": true, "up": false, "down": false}}
2025-10-09 18:33:06,741 - game_server - INFO - log_game_event:61 - Игровое событие: обновление_позиции - {"client_id": 0, "position": {"x": 970, "y": 525}, "inputs": {"left": false, "right": true, "up": false, "down": false}}
2025-10-09 18:33:06,778 - game_server - INFO - log_game_event:61 - Игровое событие: обновление_позиции - {"client_id": 0, "position": {"x": 975, "y": 525}, "inputs": {"left": false, "right": true, "up": false, "down": false}}
2025-10-09 18:33:06,811 - game_server - INFO - log_game_event:61 - Игровое событие: обновление_позиции - {"client_id": 0, "position": {"x": 980, "y": 525}, "inputs": {"left": false, "right": true, "up": false, "down": false}}
2025-10-09 18:33:06,847 - game_server - INFO - log_game_event:61 - Игровое событие: обновление_позиции - {"client_id": 0, "position": {"x": 985, "y": 525}, "inputs": {"left": false, "right": true, "up": false, "down": false}}
2025-10-09 18:33:06,890 - game_server - INFO - log_game_event:61 - Игровое событие: обновление_позиции - {"client_id": 0, "position": {"x": 990, "y": 520}, "inputs": {"left": false, "right": true, "up": true, "down": false}}
2025-10-09 18:33:06,934 - game_server - INFO - log_game_event:61 - Игровое событие: обновление_позиции - {"client_id": 0, "position": {"x": 995, "y": 515}, "inputs": {"left": false, "right": true, "up": true, "down": false}}
2025-10-09 18:33:06,977 - game_server - INFO - log_game_event:61 - Игровое событие: обновление_позиции - {"client_id": 0, "position": {"x": 1000, "y": 510}, "inputs": {"left": false, "right": true, "up": true, "down": false}}
2025-10-09 18:33:07,021 - game_server - INFO - log_game_event:61 - Игровое событие: обновление_позиции - {"client_id": 0, "position": {"x": 1005, "y": 505}, "inputs": {"left": false, "right": true, "up": true, "down": false}}
2025-10-09 18:33:07,064 - game_server - INFO - log_game_event:61 - Игровое событие: обновление_позиции - {"client_id": 0, "position": {"x": 1010, "y": 500}, "inputs": {"left": false, "right": true, "up": true, "down": false}}
2025-10-09 18:33:07,106 - game_server - INFO - log_game_event:61 - Игровое событие: обновление_позиции - {"client_id": 0, "position": {"x": 1015, "y": 495}, "inputs": {"left": false, "right": true, "up": true, "down": false}}
2025-10-09 18:33:07,151 - game_server - INFO - log_game_event:61 - Игровое событие: обновление_позиции - {"client_id": 0, "position": {"x": 1020, "y": 490}, "inputs": {"left": false, "right": true, "up": true, "down": false}}
2025-10-09 18:33:07,192 - game_server - INFO - log_game_event:61 - Игровое событие: обновление_позиции - {"client_id": 0, "position": {"x": 1025, "y": 485}, "inputs": {"left": false, "right": true, "up": true, "down": false}}
2025-10-09 18:33:07,233 - game_server - INFO - log_game_event:61 - Игровое событие: обновление_позиции - {"client_id": 0, "position": {"x": 1030, "y": 480}, "inputs": {"left": false, "right": true, "up": true, "down": false}}
2025-10-09 18:33:07,276 - game_server - INFO - log_game_event:61 - Игровое событие: обновление_позиции - {"client_id": 0, "position": {"x": 1035, "y": 475}, "inputs": {"left": false, "right": true, "up": true, "down": false}}
2025-10-09 18:33:07,316 - game_server - INFO - log_game_event:61 - Игровое событие: обновление_позиции - {"client_id": 0, "position": {"x": 1040, "y": 470}, "inputs": {"left": false, "right": true, "up": true, "down": false}}
2025-10-09 18:33:07,359 - game_server - INFO - log_game_event:61 - Игровое событие: обновление_позиции - {"client_id": 0, "position": {"x": 1040, "y": 470}, "inputs": {"left": false, "right": false, "up": false, "down": false}}
2025-10-09 18:33:07,403 - game_server - INFO - log_game_event:61 - Игровое событие: обновление_позиции - {"client_id": 0, "position": {"x": 1040, "y": 470}, "inputs": {"left": false, "right": false, "up": false, "down": false}}
2025-10-09 18:33:07,448 - game_server - INFO - log_game_event:61 - Игровое событие: обновление_позиции - {"client_id": 0, "position": {"x": 1040, "y": 470}, "inputs": {"left": false, "right": false, "up": false, "down": false}}
2025-10-09 18:33:07,490 - game_server - INFO - log_game_event:61 - Игровое событие: обновление_позиции - {"client_id": 0, "position": {"x": 1040, "y": 470}, "inputs": {"left": false, "right": false, "up": false, "down": false}}
2025-10-09 18:33:07,536 - game_server - INFO - log_game_event:61 - Игровое событие: обновление_позиции - {"client_id": 0, "position": {"x": 1040, "y": 470}, "inputs": {"left": false, "right": false, "up": false, "down": false}}
2025-10-09 18:33:07,582 - game_server - INFO - log_game_event:61 - Игровое событие: обновление_позиции - {"client_id": 0, "position": {"x": 1045, "y": 465}, "inputs": {"left": true, "right": true, "up": true, "down": false}}
2025-10-09 18:33:07,625 - game_server - INFO - log_game_event:61 - Игровое событие: обновление_позиции - {"client_id": 0, "position": {"x": 1045, "y": 465}, "inputs": {"left": false, "right": false, "up": false, "down": false}}
2025-10-09 18:33:07,669 - game_server - INFO - log_game_event:61 - Игровое событие: обновление_позиции - {"client_id": 0, "position": {"x": 1045, "y": 465}, "inputs": {"left": false, "right": false, "up": false, "down": false}}
2025-10-09 18:33:07,707 - game_server - INFO - log_game_event:61 - Игровое событие: обновление_позиции - {"client_id": 0, "position": {"x": 1045, "y": 465}, "inputs": {"left": false, "right": false, "up": false, "down": false}}
2025-10-09 18:33:07,751 - game_server - INFO - log_game_event:61 - Игровое событие: обновление_позиции - {"client_id": 0, "position": {"x": 1045, "y": 465}, "inputs": {"left": false, "right": false, "up": false, "down": false}}
2025-10-09 18:33:07,795 - game_server - INFO - log_game_event:61 - Игровое событие: обновление_позиции - {"client_id": 0, "position": {"x": 1045, "y": 465}, "inputs": {"left": false, "right": false, "up": false, "down": false}}
2025-10-09 18:33:07,835 - game_server - INFO - log_game_event:61 - Игровое событие: обновление_позиции - {"client_id": 0, "position": {"x": 1045, "y": 465}, "inputs": {"left": false, "right": false, "up": false, "down": false}}
2025-10-09 18:33:07,878 - game_server - INFO - log_game_event:61 - Игровое событие: обновление_позиции - {"client_id": 0, "position": {"x": 1045, "y": 465}, "inputs": {"left": false, "right": false, "up": false, "down": false}}
2025-10-09 18:33:07,916 - game_server - INFO - log_game_event:61 - Игровое событие: обновление_позиции - {"client_id": 0, "position": {"x": 1045, "y": 465}, "inputs": {"left": false, "right": false, "up": false, "down": false}}
2025-10-09 18:33:07,950 - game_server - INFO - log_game_event:61 - Игровое событие: обновление_позиции - {"client_id": 0, "position": {"x": 1045, "y": 465}, "inputs": {"left": false, "right": false, "up": false, "down": false}}
2025-10-09 18:33:07,989 - game_server - INFO - log_game_event:61 - Игровое событие: обновление_позиции - {"client_id": 0, "position": {"x": 1050, "y": 460}, "inputs": {"left": true, "right": true, "up": true, "down": false}}
2025-10-09 18:33:08,026 - game_server - INFO - log_game_event:61 - Игровое событие: обновление_позиции - {"client_id": 0, "position": {"x": 1055, "y": 455}, "inputs": {"left": true, "right": true, "up": true, "down": false}}
2025-10-09 18:33:08,070 - game_server - INFO - log_game_event:61 - Игровое событие: обновление_позиции - {"client_id": 0, "position": {"x": 1060, "y": 450}, "inputs": {"left": true, "right": true, "up": true, "down": false}}
2025-10-09 18:33:08,116 - game_server - INFO - log_game_event:61 - Игровое событие: обновление_позиции - {"client_id": 0, "position": {"x": 1060, "y": 445}, "inputs": {"left": false, "right": false, "up": true, "down": false}}
2025-10-09 18:33:08,161 - game_server - INFO - log_game_event:61 - Игровое событие: обновление_позиции - {"client_id": 0, "position": {"x": 1060, "y": 440}, "inputs": {"left": false, "right": false, "up": true, "down": false}}
2025-10-09 18:33:08,208 - game_server - INFO - log_game_event:61 - Игровое событие: обновление_позиции - {"client_id": 0, "position": {"x": 1060, "y": 435}, "inputs": {"left": false, "right": false, "up": true, "down": false}}
2025-10-09 18:33:08,250 - game_server - INFO - log_game_event:61 - Игровое событие: обновление_позиции - {"client_id": 0, "position": {"x": 1060, "y": 430}, "inputs": {"left": false, "right": false, "up": true, "down": false}}
2025-10-09 18:33:08,291 - game_server - INFO - log_game_event:61 - Игровое событие: обновление_позиции - {"client_id": 0, "position": {"x": 1060, "y": 425}, "inputs": {"left": false, "right": false, "up": true, "down": false}}
2025-10-09 18:33:08,332 - game_server - INFO - log_game_event:61 - Игровое событие: обновление_позиции - {"client_id": 0, "position": {"x": 1060, "y": 420}, "inputs": {"left": false, "right": false, "up": true, "down": false}}
2025-10-09 18:33:08,376 - game_server - INFO - log_game_event:61 - Игровое событие: обновление_позиции - {"client_id": 0, "position": {"x": 1055, "y": 415}, "inputs": {"left": true, "right": false, "up": true, "down": false}}
2025-10-09 18:33:08,415 - game_server - INFO - log_game_event:61 - Игровое событие: обновление_позиции - {"client_id": 0, "position": {"x": 1050, "y": 410}, "inputs": {"left": true, "right": false, "up": true, "down": false}}
2025-10-09 18:33:08,458 - game_server - INFO - log_game_event:61 - Игровое событие: обновление_позиции - {"client_id": 0, "position": {"x": 1045, "y": 405}, "inputs": {"left": true, "right": false, "up": true, "down": false}}
2025-10-09 18:33:08,501 - game_server - INFO - log_game_event:61 - Игровое событие: обновление_позиции - {"client_id": 0, "position": {"x": 1040, "y": 400}, "inputs": {"left": true, "right": false, "up": true, "down": false}}
2025-10-09 18:33:08,541 - game_server - INFO - log_game_event:61 - Игровое событие: обновление_позиции - {"client_id": 0, "position": {"x": 1035, "y": 395}, "inputs": {"left": true, "right": false, "up": true, "down": false}}
2025-10-09 18:33:08,586 - game_server - INFO - log_game_event:61 - Игровое событие: обновление_позиции - {"client_id": 0, "position": {"x": 1030, "y": 390}, "inputs": {"left": true, "right": false, "up": true, "down": false}}
2025-10-09 18:33:08,628 - game_server - INFO - log_game_event:61 - Игровое событие: обновление_позиции - {"client_id": 0, "position": {"x": 1025, "y": 390}, "inputs": {"left": true, "right": false, "up": false, "down": false}}
2025-10-09 18:33:08,663 - game_server - INFO - log_game_event:61 - Игровое событие: обновление_позиции - {"client_id": 0, "position": {"x": 1020, "y": 390}, "inputs": {"left": true, "right": false, "up": false, "down": false}}
2025-10-09 18:33:08,709 - game_server - INFO - log_game_event:61 - Игровое событие: обновление_позиции - {"client_id": 0, "position": {"x": 1015, "y": 390}, "inputs": {"left": true, "right": false, "up": false, "down": false}}
2025-10-09 18:33:08,751 - game_server - INFO - log_game_event:61 - Игровое событие: обновление_позиции - {"client_id": 0, "position": {"x": 1010, "y": 390}, "inputs": {"left": true, "right": false, "up": false, "down": false}}
2025-10-09 18:33:08,790 - game_server - INFO - log_game_event:61 - Игровое событие: обновление_позиции - {"client_id": 0, "position": {"x": 1005, "y": 390}, "inputs": {"left": true, "right": false, "up": false, "down": false}}
2025-10-09 18:33:08,834 - game_server - INFO - log_game_event:61 - Игровое событие: обновление_позиции - {"client_id": 0, "position": {"x": 1000, "y": 390}, "inputs": {"left": true, "right": false, "up": false, "down": false}}
2025-10-09 18:33:08,877 - game_server - INFO - log_game_event:61 - Игровое событие: обновление_позиции - {"client_id": 0, "position": {"x": 995, "y": 390}, "inputs": {"left": true, "right": false, "up": false, "down": false}}
2025-10-09 18:33:08,920 - game_server - INFO - log_game_event:61 - Игровое событие: обновление_позиции - {"client_id": 0, "position": {"x": 990, "y": 390}, "inputs": {"left": true, "right": false, "up": false, "down": false}}
2025-10-09 18:33:08,958 - game_server - INFO - log_game_event:61 - Игровое событие: обновление_позиции - {"client_id": 0, "position": {"x": 985, "y": 390}, "inputs": {"left": true, "right": false, "up": false, "down": false}}
2025-10-09 18:33:08,995 - game_server - INFO - log_game_event:61 - Игровое событие: обновление_позиции - {"client_id": 0, "position": {"x": 980, "y": 390}, "inputs": {"left": true, "right": false, "up": false, "down": false}}
2025-10-09 18:33:09,030 - game_server - INFO - log_game_event:61 - Игровое событие: обновление_позиции - {"client_id": 0, "position": {"x": 975, "y": 390}, "inputs": {"left": true, "right": false, "up": false, "down": false}}
2025-10-09 18:33:09,059 - game_server - INFO - log_game_event:61 - Игровое событие: обновление_позиции - {"client_id": 0, "position": {"x": 970, "y": 390}, "inputs": {"left": true, "right": false, "up": false, "down": false}}
2025-10-09 18:33:09,091 - game_server - INFO - log_game_event:61 - Игровое событие: обновление_позиции - {"client_id": 0, "position": {"x": 965, "y": 390}, "inputs": {"left": true, "right": false, "up": false, "down": false}}
2025-10-09 18:33:09,138 - game_server - INFO - log_game_event:61 - Игровое событие: обновление_позиции - {"client_id": 0, "position": {"x": 960, "y": 390}, "inputs": {"left": true, "right": false, "up": false, "down": false}}
2025-10-09 18:33:09,179 - game_server - INFO - log_game_event:61 - Игровое событие: обновление_позиции - {"client_id": 0, "position": {"x": 955, "y": 390}, "inputs": {"left": true, "right": false, "up": false, "down": false}}
2025-10-09 18:33:09,220 - game_server - INFO - log_game_event:61 - Игровое событие: обновление_позиции - {"client_id": 0, "position": {"x": 950, "y": 390}, "inputs": {"left": true, "right": false, "up": false, "down": false}}
2025-10-09 18:33:09,265 - game_server - INFO - log_game_event:61 - Игровое событие: обновление_позиции - {"client_id": 0, "position": {"x": 945, "y": 390}, "inputs": {"left": true, "right": false, "up": false, "down": false}}
2025-10-09 18:33:09,312 - game_server - INFO - log_game_event:61 - Игровое событие: обновление_позиции - {"client_id": 0, "position": {"x": 940, "y": 390}, "inputs": {"left": true, "right": false, "up": false, "down": false}}
2025-10-09 18:33:09,358 - game_server - INFO - log_game_event:61 - Игровое событие: обновление_позиции - {"client_id": 0, "position": {"x": 935, "y": 390}, "inputs": {"left": true, "right": false, "up": false, "down": false}}
2025-10-09 18:33:09,405 - game_server - INFO - log_game_event:61 - Игровое событие: обновление_позиции - {"client_id": 0, "position": {"x": 930, "y": 390}, "inputs": {"left": true, "right": false, "up": false, "down": false}}
2025-10-09 18:33:09,451 - game_server - INFO - log_game_event:61 - Игровое событие: обновление_позиции - {"client_id": 0, "position": {"x": 925, "y": 390}, "inputs": {"left": true, "right": false, "up": false, "down": false}}
2025-10-09 18:33:09,489 - game_server - INFO - log_game_event:61 - Игровое событие: обновление_позиции - {"client_id": 0, "position": {"x": 920, "y": 390}, "inputs": {"left": true, "right": false, "up": false, "down": false}}
2025-10-09 18:33:09,532 - game_server - INFO - log_game_event:61 - Игровое событие: обновление_позиции - {"client_id": 0, "position": {"x": 915, "y": 390}, "inputs": {"left": true, "right": false, "up": false, "down": false}}
2025-10-09 18:33:09,571 - game_server - INFO - log_game_event:61 - Игровое событие: обновление_позиции - {"client_id": 0, "position": {"x": 910, "y": 390}, "inputs": {"left": true, "right": false, "up": false, "down": false}}
2025-10-09 18:33:09,615 - game_server - INFO - log_game_event:61 - Игровое событие: обновление_позиции - {"client_id": 0, "position": {"x": 905, "y": 390}, "inputs": {"left": true, "right": false, "up": false, "down": false}}
2025-10-09 18:33:09,660 - game_server - INFO - log_game_event:61 - Игровое событие: обновление_позиции - {"client_id": 0, "position": {"x": 900, "y": 390}, "inputs": {"left": true, "right": false, "up": false, "down": false}}
2025-10-09 18:33:09,701 - game_server - INFO - log_game_event:61 - Игровое событие: обновление_позиции - {"client_id": 0, "position": {"x": 895, "y": 385}, "inputs": {"left": true, "right": false, "up": true, "down": false}}
2025-10-09 18:33:09,743 - game_server - INFO - log_game_event:61 - Игровое событие: обновление_позиции - {"client_id": 0, "position": {"x": 890, "y": 380}, "inputs": {"left": true, "right": false, "up": true, "down": false}}
2025-10-09 18:33:09,780 - game_server - INFO - log_game_event:61 - Игровое событие: обновление_позиции - {"client_id": 0, "position": {"x": 885, "y": 375}, "inputs": {"left": true, "right": false, "up": true, "down": false}}
2025-10-09 18:33:09,807 - game_server - INFO - log_game_event:61 - Игровое событие: обновление_позиции - {"client_id": 0, "position": {"x": 880, "y": 370}, "inputs": {"left": true, "right": false, "up": true, "down": false}}
2025-10-09 18:33:09,841 - game_server - INFO - log_game_event:61 - Игровое событие: обновление_позиции - {"client_id": 0, "position": {"x": 875, "y": 365}, "inputs": {"left": true, "right": false, "up": true, "down": false}}
2025-10-09 18:33:09,885 - game_server - INFO - log_game_event:61 - Игровое событие: обновление_позиции - {"client_id": 0, "position": {"x": 870, "y": 360}, "inputs": {"left": true, "right": false, "up": true, "down": false}}
2025-10-09 18:33:09,927 - game_server - INFO - log_game_event:61 - Игровое событие: обновление_позиции - {"client_id": 0, "position": {"x": 865, "y": 355}, "inputs": {"left": true, "right": false, "up": true, "down": false}}
2025-10-09 18:33:09,971 - game_server - INFO - log_game_event:61 - Игровое событие: обновление_позиции - {"client_id": 0, "position": {"x": 860, "y": 350}, "inputs": {"left": true, "right": false, "up": true, "down": false}}
2025-10-09 18:33:10,013 - game_server - INFO - log_game_event:61 - Игровое событие: обновление_позиции - {"client_id": 0, "position": {"x": 855, "y": 345}, "inputs": {"left": true, "right": false, "up": true, "down": false}}
2025-10-09 18:33:10,057 - game_server - INFO - log_game_event:61 - Игровое событие: обновление_позиции - {"client_id": 0, "position": {"x": 850, "y": 340}, "inputs": {"left": true, "right": false, "up": true, "down": false}}
2025-10-09 18:33:10,100 - game_server - INFO - log_game_event:61 - Игровое событие: обновление_позиции - {"client_id": 0, "position": {"x": 845, "y": 335}, "inputs": {"left": true, "right": false, "up": true, "down": false}}
2025-10-09 18:33:10,141 - game_server - INFO - log_game_event:61 - Игровое событие: обновление_позиции - {"client_id": 0, "position": {"x": 840, "y": 330}, "inputs": {"left": true, "right": false, "up": true, "down": false}}
2025-10-09 18:33:10,187 - game_server - INFO - log_game_event:61 - Игровое событие: обновление_позиции - {"client_id": 0, "position": {"x": 835, "y": 325}, "inputs": {"left": true, "right": false, "up": true, "down": false}}
2025-10-09 18:33:10,234 - game_server - INFO - log_game_event:61 - Игровое событие: обновление_позиции - {"client_id": 0, "position": {"x": 830, "y": 320}, "inputs": {"left": true, "right": false, "up": true, "down": false}}
2025-10-09 18:33:10,277 - game_server - INFO - log_game_event:61 - Игровое событие: обновление_позиции - {"client_id": 0, "position": {"x": 825, "y": 315}, "inputs": {"left": true, "right": false, "up": true, "down": false}}
2025-10-09 18:33:10,320 - game_server - INFO - log_game_event:61 - Игровое событие: обновление_позиции - {"client_id": 0, "position": {"x": 820, "y": 310}, "inputs": {"left": true, "right": false, "up": true, "down": false}}
2025-10-09 18:33:10,368 - game_server - INFO - log_game_event:61 - Игровое событие: обновление_позиции - {"client_id": 0, "position": {"x": 815, "y": 310}, "inputs": {"left": true, "right": false, "up": false, "down": false}}
2025-10-09 18:33:10,410 - game_server - INFO - log_game_event:61 - Игровое событие: обновление_позиции - {"client_id": 0, "position": {"x": 810, "y": 310}, "inputs": {"left": true, "right": false, "up": false, "down": false}}
2025-10-09 18:33:10,453 - game_server - INFO - log_game_event:61 - Игровое событие: обновление_позиции - {"client_id": 0, "position": {"x": 805, "y": 310}, "inputs": {"left": true, "right": false, "up": false, "down": false}}
2025-10-09 18:33:10,496 - game_server - INFO - log_game_event:61 - Игровое событие: обновление_позиции - {"client_id": 0, "position": {"x": 800, "y": 310}, "inputs": {"left": true, "right": false, "up": false, "down": false}}
2025-10-09 18:33:10,538 - game_server - INFO - log_game_event:61 - Игровое событие: обновление_позиции - {"client_id": 0, "position": {"x": 795, "y": 310}, "inputs": {"left": true, "right": false, "up": false, "down": false}}
2025-10-09 18:33:10,583 - game_server - INFO - log_game_event:61 - Игровое событие: обновление_позиции - {"client_id": 0, "position": {"x": 790, "y": 315}, "inputs": {"left": true, "right": false, "up": false, "down": true}}
2025-10-09 18:33:10,628 - game_server - INFO - log_game_event:61 - Игровое событие: обновление_позиции - {"client_id": 0, "position": {"x": 785, "y": 320}, "inputs": {"left": true, "right": false, "up": false, "down": true}}
2025-10-09 18:33:10,668 - game_server - INFO - log_game_event:61 - Игровое событие: обновление_позиции - {"client_id": 0, "position": {"x": 780, "y": 325}, "inputs": {"left": true, "right": false, "up": false, "down": true}}
2025-10-09 18:33:10,713 - game_server - INFO - log_game_event:61 - Игровое событие: обновление_позиции - {"client_id": 0, "position": {"x": 775, "y": 330}, "inputs": {"left": true, "right": false, "up": false, "down": true}}
2025-10-09 18:33:10,757 - game_server - INFO - log_game_event:61 - Игровое событие: обновление_позиции - {"client_id": 0, "position": {"x": 770, "y": 335}, "inputs": {"left": true, "right": false, "up": false, "down": true}}
2025-10-09 18:33:10,799 - game_server - INFO - log_game_event:61 - Игровое событие: обновление_позиции - {"client_id": 0, "position": {"x": 765, "y": 340}, "inputs": {"left": true, "right": false, "up": false, "down": true}}
2025-10-09 18:33:10,828 - game_server - INFO - log_game_event:61 - Игровое событие: обновление_позиции - {"client_id": 0, "position": {"x": 760, "y": 345}, "inputs": {"left": true, "right": false, "up": false, "down": true}}
2025-10-09 18:33:10,866 - game_server - INFO - log_game_event:61 - Игровое событие: обновление_позиции - {"client_id": 0, "position": {"x": 755, "y": 350}, "inputs": {"left": true, "right": false, "up": false, "down": true}}
2025-10-09 18:33:10,907 - game_server - INFO - log_game_event:61 - Игровое событие: обновление_позиции - {"client_id": 0, "position": {"x": 760, "y": 355}, "inputs": {"left": true, "right": true, "up": false, "down": true}}
2025-10-09 18:33:10,952 - game_server - INFO - log_game_event:61 - Игровое событие: обновление_позиции - {"client_id": 0, "position": {"x": 765, "y": 360}, "inputs": {"left": true, "right": true, "up": false, "down": true}}
2025-10-09 18:33:10,997 - game_server - INFO - log_game_event:61 - Игровое событие: обновление_позиции - {"client_id": 0, "position": {"x": 770, "y": 365}, "inputs": {"left": true, "right": true, "up": false, "down": true}}
2025-10-09 18:33:11,036 - game_server - INFO - log_game_event:61 - Игровое событие: обновление_позиции - {"client_id": 0, "position": {"x": 775, "y": 365}, "inputs": {"left": true, "right": true, "up": false, "down": false}}
2025-10-09 18:33:11,080 - game_server - INFO - log_game_event:61 - Игровое событие: обновление_позиции - {"client_id": 0, "position": {"x": 780, "y": 365}, "inputs": {"left": true, "right": true, "up": false, "down": false}}
2025-10-09 18:33:11,123 - game_server - INFO - log_game_event:61 - Игровое событие: обновление_позиции - {"client_id": 0, "position": {"x": 785, "y": 365}, "inputs": {"left": true, "right": true, "up": false, "down": false}}
2025-10-09 18:33:11,168 - game_server - INFO - log_game_event:61 - Игровое событие: обновление_позиции - {"client_id": 0, "position": {"x": 790, "y": 365}, "inputs": {"left": true, "right": true, "up": false, "down": false}}
2025-10-09 18:33:11,213 - game_server - INFO - log_game_event:61 - Игровое событие: обновление_позиции - {"client_id": 0, "position": {"x": 795, "y": 360}, "inputs": {"left": true, "right": true, "up": true, "down": false}}
2025-10-09 18:33:11,256 - game_server - INFO - log_game_event:61 - Игровое событие: обновление_позиции - {"client_id": 0, "position": {"x": 790, "y": 355}, "inputs": {"left": true, "right": false, "up": true, "down": false}}
2025-10-09 18:33:11,296 - game_server - INFO - log_game_event:61 - Игровое событие: обновление_позиции - {"client_id": 0, "position": {"x": 785, "y": 350}, "inputs": {"left": true, "right": false, "up": true, "down": false}}
2025-10-09 18:33:11,335 - game_server - INFO - log_game_event:61 - Игровое событие: обновление_позиции - {"client_id": 0, "position": {"x": 780, "y": 345}, "inputs": {"left": true, "right": false, "up": true, "down": false}}
2025-10-09 18:33:11,373 - game_server - INFO - log_game_event:61 - Игровое событие: обновление_позиции - {"client_id": 0, "position": {"x": 775, "y": 340}, "inputs": {"left": true, "right": false, "up": true, "down": false}}
2025-10-09 18:33:11,410 - game_server - INFO - log_game_event:61 - Игровое событие: обновление_позиции - {"client_id": 0, "position": {"x": 770, "y": 335}, "inputs": {"left": true, "right": false, "up": true, "down": false}}
2025-10-09 18:33:11,451 - game_server - INFO - log_game_event:61 - Игровое событие: обновление_позиции - {"client_id": 0, "position": {"x": 765, "y": 330}, "inputs": {"left": true, "right": false, "up": true, "down": false}}
2025-10-09 18:33:11,495 - game_server - INFO - log_game_event:61 - Игровое событие: обновление_позиции - {"client_id": 0, "position": {"x": 760, "y": 325}, "inputs": {"left": true, "right": false, "up": true, "down": false}}
2025-10-09 18:33:11,538 - game_server - INFO - log_game_event:61 - Игровое событие: обновление_позиции - {"client_id": 0, "position": {"x": 755, "y": 320}, "inputs": {"left": true, "right": false, "up": true, "down": false}}
2025-10-09 18:33:11,582 - game_server - INFO - log_game_event:61 - Игровое событие: обновление_позиции - {"client_id": 0, "position": {"x": 750, "y": 320}, "inputs": {"left": true, "right": false, "up": false, "down": false}}
2025-10-09 18:33:11,626 - game_server - INFO - log_game_event:61 - Игровое событие: обновление_позиции - {"client_id": 0, "position": {"x": 745, "y": 320}, "inputs": {"left": true, "right": false, "up": false, "down": false}}
2025-10-09 18:33:11,668 - game_server - INFO - log_game_event:61 - Игровое событие: обновление_позиции - {"client_id": 0, "position": {"x": 740, "y": 320}, "inputs": {"left": true, "right": false, "up": false, "down": false}}
2025-10-09 18:33:11,706 - game_server - INFO - log_game_event:61 - Игровое событие: обновление_позиции - {"client_id": 0, "position": {"x": 735, "y": 320}, "inputs": {"left": true, "right": false, "up": false, "down": false}}
2025-10-09 18:33:11,748 - game_server - INFO - log_game_event:61 - Игровое событие: обновление_позиции - {"client_id": 0, "position": {"x": 730, "y": 320}, "inputs": {"left": true, "right": false, "up": false, "down": false}}
2025-10-09 18:33:11,788 - game_server - INFO - log_game_event:61 - Игровое событие: обновление_позиции - {"client_id": 0, "position": {"x": 725, "y": 320}, "inputs": {"left": true, "right": false, "up": false, "down": false}}
2025-10-09 18:33:11,831 - game_server - INFO - log_game_event:61 - Игровое событие: обновление_позиции - {"client_id": 0, "position": {"x": 720, "y": 320}, "inputs": {"left": true, "right": false, "up": false, "down": false}}
2025-10-09 18:33:11,870 - game_server - INFO - log_game_event:61 - Игровое событие: обновление_позиции - {"client_id": 0, "position": {"x": 715, "y": 325}, "inputs": {"left": true, "right": false, "up": false, "down": true}}
2025-10-09 18:33:11,913 - game_server - INFO - log_game_event:61 - Игровое событие: обновление_позиции - {"client_id": 0, "position": {"x": 710, "y": 330}, "inputs": {"left": true, "right": false, "up": false, "down": true}}
2025-10-09 18:33:11,951 - game_server - INFO - log_game_event:61 - Игровое событие: обновление_позиции - {"client_id": 0, "position": {"x": 705, "y": 335}, "inputs": {"left": true, "right": false, "up": false, "down": true}}
2025-10-09 18:33:11,994 - game_server - INFO - log_game_event:61 - Игровое событие: обновление_позиции - {"client_id": 0, "position": {"x": 700, "y": 340}, "inputs": {"left": true, "right": false, "up": false, "down": true}}
2025-10-09 18:33:12,040 - game_server - INFO - log_game_event:61 - Игровое событие: обновление_позиции - {"client_id": 0, "position": {"x": 705, "y": 345}, "inputs": {"left": true, "right": true, "up": false, "down": true}}
2025-10-09 18:33:12,085 - game_server - INFO - log_game_event:61 - Игровое событие: обновление_позиции - {"client_id": 0, "position": {"x": 710, "y": 350}, "inputs": {"left": true, "right": true, "up": false, "down": true}}
2025-10-09 18:33:12,125 - game_server - INFO - log_game_event:61 - Игровое событие: обновление_позиции - {"client_id": 0, "position": {"x": 715, "y": 355}, "inputs": {"left": true, "right": true, "up": false, "down": true}}
2025-10-09 18:33:12,170 - game_server - INFO - log_game_event:61 - Игровое событие: обновление_позиции - {"client_id": 0, "position": {"x": 720, "y": 355}, "inputs": {"left": true, "right": true, "up": false, "down": false}}
2025-10-09 18:33:12,213 - game_server - INFO - log_game_event:61 - Игровое событие: обновление_позиции - {"client_id": 0, "position": {"x": 725, "y": 355}, "inputs": {"left": true, "right": true, "up": false, "down": false}}
2025-10-09 18:33:12,256 - game_server - INFO - log_game_event:61 - Игровое событие: обновление_позиции - {"client_id": 0, "position": {"x": 730, "y": 355}, "inputs": {"left": true, "right": true, "up": false, "down": false}}
2025-10-09 18:33:12,297 - game_server - INFO - log_game_event:61 - Игровое событие: обновление_позиции - {"client_id": 0, "position": {"x": 735, "y": 355}, "inputs": {"left": true, "right": true, "up": false, "down": false}}
2025-10-09 18:33:12,333 - game_server - INFO - log_game_event:61 - Игровое событие: обновление_позиции - {"client_id": 0, "position": {"x": 740, "y": 355}, "inputs": {"left": true, "right": true, "up": false, "down": false}}
2025-10-09 18:33:12,368 - game_server - INFO - log_game_event:61 - Игровое событие: обновление_позиции - {"client_id": 0, "position": {"x": 745, "y": 355}, "inputs": {"left": true, "right": true, "up": false, "down": false}}
2025-10-09 18:33:12,407 - game_server - INFO - log_game_event:61 - Игровое событие: обновление_позиции - {"client_id": 0, "position": {"x": 750, "y": 350}, "inputs": {"left": true, "right": true, "up": true, "down": false}}
2025-10-09 18:33:12,451 - game_server - INFO - log_game_event:61 - Игровое событие: обновление_позиции - {"client_id": 0, "position": {"x": 755, "y": 345}, "inputs": {"left": true, "right": true, "up": true, "down": false}}
2025-10-09 18:33:12,494 - game_server - INFO - log_game_event:61 - Игровое событие: обновление_позиции - {"client_id": 0, "position": {"x": 760, "y": 340}, "inputs": {"left": true, "right": true, "up": true, "down": false}}
2025-10-09 18:33:12,538 - game_server - INFO - log_game_event:61 - Игровое событие: обновление_позиции - {"client_id": 0, "position": {"x": 765, "y": 335}, "inputs": {"left": false, "right": true, "up": true, "down": false}}
2025-10-09 18:33:12,581 - game_server - INFO - log_game_event:61 - Игровое событие: обновление_позиции - {"client_id": 0, "position": {"x": 765, "y": 330}, "inputs": {"left": false, "right": false, "up": true, "down": false}}
2025-10-09 18:33:12,623 - game_server - INFO - log_game_event:61 - Игровое событие: обновление_позиции - {"client_id": 0, "position": {"x": 760, "y": 325}, "inputs": {"left": true, "right": false, "up": true, "down": false}}
2025-10-09 18:33:12,668 - game_server - INFO - log_game_event:61 - Игровое событие: обновление_позиции - {"client_id": 0, "position": {"x": 755, "y": 320}, "inputs": {"left": true, "right": false, "up": true, "down": false}}
2025-10-09 18:33:12,710 - game_server - INFO - log_game_event:61 - Игровое событие: обновление_позиции - {"client_id": 0, "position": {"x": 750, "y": 315}, "inputs": {"left": true, "right": false, "up": true, "down": false}}
2025-10-09 18:33:12,756 - game_server - INFO - log_game_event:61 - Игровое событие: обновление_позиции - {"client_id": 0, "position": {"x": 745, "y": 315}, "inputs": {"left": true, "right": false, "up": false, "down": false}}
2025-10-09 18:33:12,801 - game_server - INFO - log_game_event:61 - Игровое событие: обновление_позиции - {"client_id": 0, "position": {"x": 740, "y": 315}, "inputs": {"left": true, "right": false, "up": false, "down": false}}
2025-10-09 18:33:12,845 - game_server - INFO - log_game_event:61 - Игровое событие: обновление_позиции - {"client_id": 0, "position": {"x": 735, "y": 315}, "inputs": {"left": true, "right": false, "up": false, "down": false}}
2025-10-09 18:33:12,874 - game_server - INFO - log_game_event:61 - Игровое событие: обновление_позиции - {"client_id": 0, "position": {"x": 730, "y": 315}, "inputs": {"left": true, "right": false, "up": false, "down": false}}
2025-10-09 18:33:12,908 - game_server - INFO - log_game_event:61 - Игровое событие: обновление_позиции - {"client_id": 0, "position": {"x": 725, "y": 315}, "inputs": {"left": true, "right": false, "up": false, "down": false}}
2025-10-09 18:33:12,951 - game_server - INFO - log_game_event:61 - Игровое событие: обновление_позиции - {"client_id": 0, "position": {"x": 720, "y": 315}, "inputs": {"left": true, "right": false, "up": false, "down": false}}
2025-10-09 18:33:12,996 - game_server - INFO - log_game_event:61 - Игровое событие: обновление_позиции - {"client_id": 0, "position": {"x": 715, "y": 320}, "inputs": {"left": true, "right": false, "up": false, "down": true}}
2025-10-09 18:33:13,033 - game_server - INFO - log_game_event:61 - Игровое событие: обновление_позиции - {"client_id": 0, "position": {"x": 710, "y": 325}, "inputs": {"left": true, "right": false, "up": false, "down": true}}
2025-10-09 18:33:13,073 - game_server - INFO - log_game_event:61 - Игровое событие: обновление_позиции - {"client_id": 0, "position": {"x": 705, "y": 330}, "inputs": {"left": true, "right": false, "up": false, "down": true}}
2025-10-09 18:33:13,116 - game_server - INFO - log_game_event:61 - Игровое событие: обновление_позиции - {"client_id": 0, "position": {"x": 700, "y": 335}, "inputs": {"left": true, "right": false, "up": false, "down": true}}
2025-10-09 18:33:13,163 - game_server - INFO - log_game_event:61 - Игровое событие: обновление_позиции - {"client_id": 0, "position": {"x": 705, "y": 340}, "inputs": {"left": true, "right": true, "up": false, "down": true}}
2025-10-09 18:33:13,206 - game_server - INFO - log_game_event:61 - Игровое событие: обновление_позиции - {"client_id": 0, "position": {"x": 710, "y": 345}, "inputs": {"left": true, "right": true, "up": false, "down": true}}
2025-10-09 18:33:13,248 - game_server - INFO - log_game_event:61 - Игровое событие: обновление_позиции - {"client_id": 0, "position": {"x": 715, "y": 345}, "inputs": {"left": true, "right": true, "up": false, "down": false}}
2025-10-09 18:33:13,293 - game_server - INFO - log_game_event:61 - Игровое событие: обновление_позиции - {"client_id": 0, "position": {"x": 720, "y": 345}, "inputs": {"left": true, "right": true, "up": false, "down": false}}
2025-10-09 18:33:13,337 - game_server - INFO - log_game_event:61 - Игровое событие: обновление_позиции - {"client_id": 0, "position": {"x": 725, "y": 345}, "inputs": {"left": true, "right": true, "up": false, "down": false}}
2025-10-09 18:33:13,382 - game_server - INFO - log_game_event:61 - Игровое событие: обновление_позиции - {"client_id": 0, "position": {"x": 730, "y": 345}, "inputs": {"left": true, "right": true, "up": false, "down": false}}
2025-10-09 18:33:13,430 - game_server - INFO - log_game_event:61 - Игровое событие: обновление_позиции - {"client_id": 0, "position": {"x": 735, "y": 340}, "inputs": {"left": true, "right": true, "up": true, "down": false}}
2025-10-09 18:33:13,473 - game_server - INFO - log_game_event:61 - Игровое событие: обновление_позиции - {"client_id": 0, "position": {"x": 740, "y": 335}, "inputs": {"left": true, "right": true, "up": true, "down": false}}
2025-10-09 18:33:13,518 - game_server - INFO - log_game_event:61 - Игровое событие: обновление_позиции - {"client_id": 0, "position": {"x": 745, "y": 330}, "inputs": {"left": true, "right": true, "up": true, "down": false}}
2025-10-09 18:33:13,562 - game_server - INFO - log_game_event:61 - Игровое событие: обновление_позиции - {"client_id": 0, "position": {"x": 750, "y": 325}, "inputs": {"left": true, "right": true, "up": true, "down": false}}
2025-10-09 18:33:13,610 - game_server - INFO - log_game_event:61 - Игровое событие: обновление_позиции - {"client_id": 0, "position": {"x": 745, "y": 325}, "inputs": {"left": true, "right": false, "up": false, "down": false}}
2025-10-09 18:33:13,653 - game_server - INFO - log_game_event:61 - Игровое событие: обновление_позиции - {"client_id": 0, "position": {"x": 740, "y": 325}, "inputs": {"left": true, "right": false, "up": false, "down": false}}
2025-10-09 18:33:13,695 - game_server - INFO - log_game_event:61 - Игровое событие: обновление_позиции - {"client_id": 0, "position": {"x": 735, "y": 325}, "inputs": {"left": true, "right": false, "up": false, "down": false}}
2025-10-09 18:33:13,738 - game_server - INFO - log_game_event:61 - Игровое событие: обновление_позиции - {"client_id": 0, "position": {"x": 730, "y": 325}, "inputs": {"left": true, "right": false, "up": false, "down": false}}
2025-10-09 18:33:13,780 - game_server - INFO - log_game_event:61 - Игровое событие: обновление_позиции - {"client_id": 0, "position": {"x": 725, "y": 330}, "inputs": {"left": true, "right": false, "up": false, "down": true}}
2025-10-09 18:33:13,822 - game_server - INFO - log_game_event:61 - Игровое событие: обновление_позиции - {"client_id": 0, "position": {"x": 720, "y": 335}, "inputs": {"left": true, "right": false, "up": false, "down": true}}
2025-10-09 18:33:13,863 - game_server - INFO - log_game_event:61 - Игровое событие: обновление_позиции - {"client_id": 0, "position": {"x": 715, "y": 340}, "inputs": {"left": true, "right": false, "up": false, "down": true}}
2025-10-09 18:33:13,897 - game_server - INFO - log_game_event:61 - Игровое событие: обновление_позиции - {"client_id": 0, "position": {"x": 710, "y": 345}, "inputs": {"left": true, "right": false, "up": false, "down": true}}
2025-10-09 18:33:13,933 - game_server - INFO - log_game_event:61 - Игровое событие: обновление_позиции - {"client_id": 0, "position": {"x": 705, "y": 350}, "inputs": {"left": true, "right": false, "up": false, "down": true}}
2025-10-09 18:33:13,972 - game_server - INFO - log_game_event:61 - Игровое событие: обновление_позиции - {"client_id": 0, "position": {"x": 700, "y": 355}, "inputs": {"left": true, "right": false, "up": false, "down": true}}
2025-10-09 18:33:14,021 - game_server - INFO - log_game_event:61 - Игровое событие: обновление_позиции - {"client_id": 0, "position": {"x": 705, "y": 360}, "inputs": {"left": true, "right": true, "up": false, "down": true}}
2025-10-09 18:33:14,065 - game_server - INFO - log_game_event:61 - Игровое событие: обновление_позиции - {"client_id": 0, "position": {"x": 710, "y": 365}, "inputs": {"left": true, "right": true, "up": false, "down": true}}
2025-10-09 18:33:14,112 - game_server - INFO - log_game_event:61 - Игровое событие: обновление_позиции - {"client_id": 0, "position": {"x": 715, "y": 365}, "inputs": {"left": true, "right": true, "up": false, "down": false}}
2025-10-09 18:33:14,155 - game_server - INFO - log_game_event:61 - Игровое событие: обновление_позиции - {"client_id": 0, "position": {"x": 720, "y": 365}, "inputs": {"left": true, "right": true, "up": false, "down": false}}
2025-10-09 18:33:14,199 - game_server - INFO - log_game_event:61 - Игровое событие: обновление_позиции - {"client_id": 0, "position": {"x": 725, "y": 365}, "inputs": {"left": true, "right": true, "up": false, "down": false}}
2025-10-09 18:33:14,243 - game_server - INFO - log_game_event:61 - Игровое событие: обновление_позиции - {"client_id": 0, "position": {"x": 730, "y": 365}, "inputs": {"left": true, "right": true, "up": false, "down": false}}
2025-10-09 18:33:14,288 - game_server - INFO - log_game_event:61 - Игровое событие: обновление_позиции - {"client_id": 0, "position": {"x": 735, "y": 360}, "inputs": {"left": true, "right": true, "up": true, "down": false}}
2025-10-09 18:33:14,333 - game_server - INFO - log_game_event:61 - Игровое событие: обновление_позиции - {"client_id": 0, "position": {"x": 740, "y": 355}, "inputs": {"left": true, "right": true, "up": true, "down": false}}
2025-10-09 18:33:14,373 - game_server - INFO - log_game_event:61 - Игровое событие: обновление_позиции - {"client_id": 0, "position": {"x": 745, "y": 350}, "inputs": {"left": true, "right": true, "up": true, "down": false}}
2025-10-09 18:33:14,415 - game_server - INFO - log_game_event:61 - Игровое событие: обновление_позиции - {"client_id": 0, "position": {"x": 750, "y": 345}, "inputs": {"left": true, "right": true, "up": true, "down": false}}
2025-10-09 18:33:14,461 - game_server - INFO - log_game_event:61 - Игровое событие: обновление_позиции - {"client_id": 0, "position": {"x": 745, "y": 340}, "inputs": {"left": true, "right": false, "up": true, "down": false}}
2025-10-09 18:33:14,503 - game_server - INFO - log_game_event:61 - Игровое событие: обновление_позиции - {"client_id": 0, "position": {"x": 740, "y": 335}, "inputs": {"left": true, "right": false, "up": true, "down": false}}
2025-10-09 18:33:14,546 - game_server - INFO - log_game_event:61 - Игровое событие: обновление_позиции - {"client_id": 0, "position": {"x": 735, "y": 330}, "inputs": {"left": true, "right": false, "up": true, "down": false}}
2025-10-09 18:33:14,587 - game_server - INFO - log_game_event:61 - Игровое событие: обновление_позиции - {"client_id": 0, "position": {"x": 730, "y": 325}, "inputs": {"left": true, "right": false, "up": true, "down": false}}
2025-10-09 18:33:14,632 - game_server - INFO - log_game_event:61 - Игровое событие: обновление_позиции - {"client_id": 0, "position": {"x": 725, "y": 325}, "inputs": {"left": true, "right": false, "up": false, "down": false}}
2025-10-09 18:33:14,681 - game_server - INFO - log_game_event:61 - Игровое событие: обновление_позиции - {"client_id": 0, "position": {"x": 720, "y": 325}, "inputs": {"left": true, "right": false, "up": false, "down": false}}
2025-10-09 18:33:14,725 - game_server - INFO - log_game_event:61 - Игровое событие: обновление_позиции - {"client_id": 0, "position": {"x": 715, "y": 325}, "inputs": {"left": true, "right": false, "up": false, "down": false}}
2025-10-09 18:33:14,769 - game_server - INFO - log_game_event:61 - Игровое событие: обновление_позиции - {"client_id": 0, "position": {"x": 710, "y": 330}, "inputs": {"left": true, "right": false, "up": false, "down": true}}
2025-10-09 18:33:14,812 - game_server - INFO - log_game_event:61 - Игровое событие: обновление_позиции - {"client_id": 0, "position": {"x": 705, "y": 335}, "inputs": {"left": true, "right": false, "up": false, "down": true}}
2025-10-09 18:33:14,857 - game_server - INFO - log_game_event:61 - Игровое событие: обновление_позиции - {"client_id": 0, "position": {"x": 700, "y": 340}, "inputs": {"left": true, "right": false, "up": false, "down": true}}
2025-10-09 18:33:14,903 - game_server - INFO - log_game_event:61 - Игровое событие: обновление_позиции - {"client_id": 0, "position": {"x": 695, "y": 345}, "inputs": {"left": true, "right": false, "up": false, "down": true}}
2025-10-09 18:33:14,942 - game_server - INFO - log_game_event:61 - Игровое событие: обновление_позиции - {"client_id": 0, "position": {"x": 690, "y": 350}, "inputs": {"left": true, "right": false, "up": false, "down": true}}
2025-10-09 18:33:14,977 - game_server - INFO - log_game_event:61 - Игровое событие: обновление_позиции - {"client_id": 0, "position": {"x": 685, "y": 355}, "inputs": {"left": true, "right": false, "up": false, "down": true}}
2025-10-09 18:33:15,015 - game_server - INFO - log_game_event:61 - Игровое событие: обновление_позиции - {"client_id": 0, "position": {"x": 680, "y": 360}, "inputs": {"left": true, "right": false, "up": false, "down": true}}
2025-10-09 18:33:15,059 - game_server - INFO - log_game_event:61 - Игровое событие: обновление_позиции - {"client_id": 0, "position": {"x": 675, "y": 365}, "inputs": {"left": true, "right": false, "up": false, "down": true}}
2025-10-09 18:33:15,098 - game_server - INFO - log_game_event:61 - Игровое событие: обновление_позиции - {"client_id": 0, "position": {"x": 670, "y": 370}, "inputs": {"left": true, "right": false, "up": false, "down": true}}
2025-10-09 18:33:15,142 - game_server - INFO - log_game_event:61 - Игровое событие: обновление_позиции - {"client_id": 0, "position": {"x": 665, "y": 375}, "inputs": {"left": true, "right": false, "up": false, "down": true}}
2025-10-09 18:33:15,184 - game_server - INFO - log_game_event:61 - Игровое событие: обновление_позиции - {"client_id": 0, "position": {"x": 660, "y": 380}, "inputs": {"left": true, "right": false, "up": false, "down": true}}
2025-10-09 18:33:15,232 - game_server - INFO - log_game_event:61 - Игровое событие: обновление_позиции - {"client_id": 0, "position": {"x": 655, "y": 380}, "inputs": {"left": true, "right": false, "up": false, "down": false}}
2025-10-09 18:33:15,275 - game_server - INFO - log_game_event:61 - Игровое событие: обновление_позиции - {"client_id": 0, "position": {"x": 650, "y": 380}, "inputs": {"left": true, "right": false, "up": false, "down": false}}
2025-10-09 18:33:15,312 - game_server - INFO - log_game_event:61 - Игровое событие: обновление_позиции - {"client_id": 0, "position": {"x": 645, "y": 380}, "inputs": {"left": true, "right": false, "up": false, "down": false}}
2025-10-09 18:33:15,356 - game_server - INFO - log_game_event:61 - Игровое событие: обновление_позиции - {"client_id": 0, "position": {"x": 640, "y": 380}, "inputs": {"left": true, "right": false, "up": false, "down": false}}
2025-10-09 18:33:15,399 - game_server - INFO - log_game_event:61 - Игровое событие: обновление_позиции - {"client_id": 0, "position": {"x": 635, "y": 380}, "inputs": {"left": true, "right": false, "up": false, "down": false}}
2025-10-09 18:33:15,444 - game_server - INFO - log_game_event:61 - Игровое событие: обновление_позиции - {"client_id": 0, "position": {"x": 630, "y": 385}, "inputs": {"left": true, "right": false, "up": false, "down": true}}
2025-10-09 18:33:15,486 - game_server - INFO - log_game_event:61 - Игровое событие: обновление_позиции - {"client_id": 0, "position": {"x": 625, "y": 390}, "inputs": {"left": true, "right": false, "up": false, "down": true}}
2025-10-09 18:33:15,530 - game_server - INFO - log_game_event:61 - Игровое событие: обновление_позиции - {"client_id": 0, "position": {"x": 620, "y": 395}, "inputs": {"left": true, "right": false, "up": false, "down": true}}
2025-10-09 18:33:15,571 - game_server - INFO - log_game_event:61 - Игровое событие: обновление_позиции - {"client_id": 0, "position": {"x": 615, "y": 400}, "inputs": {"left": true, "right": false, "up": false, "down": true}}
2025-10-09 18:33:15,616 - game_server - INFO - log_game_event:61 - Игровое событие: обновление_позиции - {"client_id": 0, "position": {"x": 615, "y": 400}, "inputs": {"left": false, "right": false, "up": false, "down": false}}
2025-10-09 18:33:15,659 - game_server - INFO - log_game_event:61 - Игровое событие: обновление_позиции - {"client_id": 0, "position": {"x": 615, "y": 400}, "inputs": {"left": false, "right": false, "up": false, "down": false}}
2025-10-09 18:33:15,701 - game_server - INFO - log_game_event:61 - Игровое событие: обновление_позиции - {"client_id": 0, "position": {"x": 615, "y": 400}, "inputs": {"left": false, "right": false, "up": false, "down": false}}
2025-10-09 18:33:15,743 - game_server - INFO - log_game_event:61 - Игровое событие: обновление_позиции - {"client_id": 0, "position": {"x": 615, "y": 400}, "inputs": {"left": false, "right": false, "up": false, "down": false}}
2025-10-09 18:33:15,784 - game_server - INFO - log_game_event:61 - Игровое событие: обновление_позиции - {"client_id": 0, "position": {"x": 615, "y": 400}, "inputs": {"left": false, "right": false, "up": false, "down": false}}
2025-10-09 18:33:15,826 - game_server - INFO - log_game_event:61 - Игровое событие: обновление_позиции - {"client_id": 0, "position": {"x": 615, "y": 400}, "inputs": {"left": false, "right": false, "up": false, "down": false}}
2025-10-09 18:33:15,867 - game_server - INFO - log_game_event:61 - Игровое событие: обновление_позиции - {"client_id": 0, "position": {"x": 615, "y": 400}, "inputs": {"left": false, "right": false, "up": false, "down": false}}
2025-10-09 18:33:15,910 - game_server - INFO - log_game_event:61 - Игровое событие: обновление_позиции - {"client_id": 0, "position": {"x": 615, "y": 400}, "inputs": {"left": false, "right": false, "up": false, "down": false}}
2025-10-09 18:33:15,943 - game_server - INFO - log_game_event:61 - Игровое событие: обновление_позиции - {"client_id": 0, "position": {"x": 610, "y": 400}, "inputs": {"left": true, "right": false, "up": false, "down": false}}
2025-10-09 18:33:15,975 - game_server - INFO - log_game_event:61 - Игровое событие: обновление_позиции - {"client_id": 0, "position": {"x": 605, "y": 400}, "inputs": {"left": true, "right": false, "up": false, "down": false}}
2025-10-09 18:33:16,019 - game_server - INFO - log_game_event:61 - Игровое событие: обновление_позиции - {"client_id": 0, "position": {"x": 600, "y": 400}, "inputs": {"left": true, "right": false, "up": false, "down": false}}
2025-10-09 18:33:16,062 - game_server - INFO - log_game_event:61 - Игровое событие: обновление_позиции - {"client_id": 0, "position": {"x": 595, "y": 400}, "inputs": {"left": true, "right": false, "up": false, "down": false}}
2025-10-09 18:33:16,105 - game_server - INFO - log_game_event:61 - Игровое событие: обновление_позиции - {"client_id": 0, "position": {"x": 590, "y": 400}, "inputs": {"left": true, "right": false, "up": false, "down": false}}
2025-10-09 18:33:16,145 - game_server - INFO - log_game_event:61 - Игровое событие: обновление_позиции - {"client_id": 0, "position": {"x": 585, "y": 400}, "inputs": {"left": true, "right": false, "up": false, "down": false}}
2025-10-09 18:33:16,186 - game_server - INFO - log_game_event:61 - Игровое событие: обновление_позиции - {"client_id": 0, "position": {"x": 580, "y": 400}, "inputs": {"left": true, "right": false, "up": false, "down": false}}
2025-10-09 18:33:16,227 - game_server - INFO - log_game_event:61 - Игровое событие: обновление_позиции - {"client_id": 0, "position": {"x": 575, "y": 400}, "inputs": {"left": true, "right": false, "up": false, "down": false}}
2025-10-09 18:33:16,270 - game_server - INFO - log_game_event:61 - Игровое событие: обновление_позиции - {"client_id": 0, "position": {"x": 570, "y": 400}, "inputs": {"left": true, "right": false, "up": false, "down": false}}
2025-10-09 18:33:16,313 - game_server - INFO - log_game_event:61 - Игровое событие: обновление_позиции - {"client_id": 0, "position": {"x": 565, "y": 400}, "inputs": {"left": true, "right": false, "up": false, "down": false}}
2025-10-09 18:33:16,356 - game_server - INFO - log_game_event:61 - Игровое событие: обновление_позиции - {"client_id": 0, "position": {"x": 560, "y": 400}, "inputs": {"left": true, "right": false, "up": false, "down": false}}
2025-10-09 18:33:16,401 - game_server - INFO - log_game_event:61 - Игровое событие: обновление_позиции - {"client_id": 0, "position": {"x": 555, "y": 400}, "inputs": {"left": true, "right": false, "up": false, "down": false}}
2025-10-09 18:33:16,444 - game_server - INFO - log_game_event:61 - Игровое событие: обновление_позиции - {"client_id": 0, "position": {"x": 550, "y": 400}, "inputs": {"left": true, "right": false, "up": false, "down": false}}
2025-10-09 18:33:16,484 - game_server - INFO - log_game_event:61 - Игровое событие: обновление_позиции - {"client_id": 0, "position": {"x": 545, "y": 400}, "inputs": {"left": true, "right": false, "up": false, "down": false}}
2025-10-09 18:33:16,526 - game_server - INFO - log_game_event:61 - Игровое событие: обновление_позиции - {"client_id": 0, "position": {"x": 540, "y": 400}, "inputs": {"left": true, "right": false, "up": false, "down": false}}
2025-10-09 18:33:16,568 - game_server - INFO - log_game_event:61 - Игровое событие: обновление_позиции - {"client_id": 0, "position": {"x": 535, "y": 400}, "inputs": {"left": true, "right": false, "up": false, "down": false}}
2025-10-09 18:33:16,608 - game_server - INFO - log_game_event:61 - Игровое событие: обновление_позиции - {"client_id": 0, "position": {"x": 530, "y": 400}, "inputs": {"left": true, "right": false, "up": false, "down": false}}
2025-10-09 18:33:16,651 - game_server - INFO - log_game_event:61 - Игровое событие: обновление_позиции - {"client_id": 0, "position": {"x": 525, "y": 400}, "inputs": {"left": true, "right": false, "up": false, "down": false}}
2025-10-09 18:33:16,695 - game_server - INFO - log_game_event:61 - Игровое событие: обновление_позиции - {"client_id": 0, "position": {"x": 520, "y": 400}, "inputs": {"left": true, "right": false, "up": false, "down": false}}
2025-10-09 18:33:16,737 - game_server - INFO - log_game_event:61 - Игровое событие: обновление_позиции - {"client_id": 0, "position": {"x": 515, "y": 405}, "inputs": {"left": true, "right": false, "up": false, "down": true}}
2025-10-09 18:33:16,781 - game_server - INFO - log_game_event:61 - Игровое событие: обновление_позиции - {"client_id": 0, "position": {"x": 520, "y": 410}, "inputs": {"left": true, "right": true, "up": false, "down": true}}
2025-10-09 18:33:16,818 - game_server - INFO - log_game_event:61 - Игровое событие: обновление_позиции - {"client_id": 0, "position": {"x": 525, "y": 415}, "inputs": {"left": true, "right": true, "up": false, "down": true}}
2025-10-09 18:33:16,862 - game_server - INFO - log_game_event:61 - Игровое событие: обновление_позиции - {"client_id": 0, "position": {"x": 530, "y": 420}, "inputs": {"left": true, "right": true, "up": false, "down": true}}
2025-10-09 18:33:16,906 - game_server - INFO - log_game_event:61 - Игровое событие: обновление_позиции - {"client_id": 0, "position": {"x": 530, "y": 420}, "inputs": {"left": false, "right": false, "up": false, "down": false}}
2025-10-09 18:33:16,953 - game_server - INFO - log_game_event:61 - Игровое событие: обновление_позиции - {"client_id": 0, "position": {"x": 530, "y": 420}, "inputs": {"left": false, "right": false, "up": false, "down": false}}
2025-10-09 18:33:16,993 - game_server - INFO - log_game_event:61 - Игровое событие: обновление_позиции - {"client_id": 0, "position": {"x": 530, "y": 420}, "inputs": {"left": false, "right": false, "up": false, "down": false}}
2025-10-09 18:33:17,030 - game_server - INFO - log_game_event:61 - Игровое событие: обновление_позиции - {"client_id": 0, "position": {"x": 530, "y": 420}, "inputs": {"left": false, "right": false, "up": false, "down": false}}
2025-10-09 18:33:17,070 - game_server - INFO - log_game_event:61 - Игровое событие: обновление_позиции - {"client_id": 0, "position": {"x": 530, "y": 420}, "inputs": {"left": false, "right": false, "up": false, "down": false}}
2025-10-09 18:33:17,113 - game_server - INFO - log_game_event:61 - Игровое событие: обновление_позиции - {"client_id": 0, "position": {"x": 530, "y": 420}, "inputs": {"left": false, "right": false, "up": false, "down": false}}
2025-10-09 18:33:17,154 - game_server - INFO - log_game_event:61 - Игровое событие: обновление_позиции - {"client_id": 0, "position": {"x": 530, "y": 420}, "inputs": {"left": false, "right": false, "up": false, "down": false}}
2025-10-09 18:33:17,192 - game_server - INFO - log_game_event:61 - Игровое событие: обновление_позиции - {"client_id": 0, "position": {"x": 530, "y": 420}, "inputs": {"left": false, "right": false, "up": false, "down": false}}
2025-10-09 18:33:17,233 - game_server - INFO - log_game_event:61 - Игровое событие: обновление_позиции - {"client_id": 0, "position": {"x": 530, "y": 420}, "inputs": {"left": false, "right": false, "up": false, "down": false}}
2025-10-09 18:33:17,276 - game_server - INFO - log_game_event:61 - Игровое событие: обновление_позиции - {"client_id": 0, "position": {"x": 530, "y": 420}, "inputs": {"left": false, "right": false, "up": false, "down": false}}
2025-10-09 18:33:17,318 - game_server - INFO - log_game_event:61 - Игровое событие: обновление_позиции - {"client_id": 0, "position": {"x": 530, "y": 420}, "inputs": {"left": false, "right": false, "up": false, "down": false}}
2025-10-09 18:33:17,364 - game_server - INFO - log_game_event:61 - Игровое событие: обновление_позиции - {"client_id": 0, "position": {"x": 525, "y": 425}, "inputs": {"left": true, "right": false, "up": false, "down": true}}
2025-10-09 18:33:17,406 - game_server - INFO - log_game_event:61 - Игровое событие: обновление_позиции - {"client_id": 0, "position": {"x": 520, "y": 430}, "inputs": {"left": true, "right": false, "up": false, "down": true}}
2025-10-09 18:33:17,451 - game_server - INFO - log_game_event:61 - Игровое событие: обновление_позиции - {"client_id": 0, "position": {"x": 515, "y": 435}, "inputs": {"left": true, "right": false, "up": false, "down": true}}
2025-10-09 18:33:17,493 - game_server - INFO - log_game_event:61 - Игровое событие: обновление_позиции - {"client_id": 0, "position": {"x": 510, "y": 440}, "inputs": {"left": true, "right": false, "up": false, "down": true}}
2025-10-09 18:33:17,530 - game_server - INFO - log_game_event:61 - Игровое событие: обновление_позиции - {"client_id": 0, "position": {"x": 505, "y": 445}, "inputs": {"left": true, "right": false, "up": false, "down": true}}
2025-10-09 18:33:17,572 - game_server - INFO - log_game_event:61 - Игровое событие: обновление_позиции - {"client_id": 0, "position": {"x": 500, "y": 450}, "inputs": {"left": true, "right": false, "up": false, "down": true}}
2025-10-09 18:33:17,616 - game_server - INFO - log_game_event:61 - Игровое событие: обновление_позиции - {"client_id": 0, "position": {"x": 495, "y": 455}, "inputs": {"left": true, "right": false, "up": false, "down": true}}
2025-10-09 18:33:17,659 - game_server - INFO - log_game_event:61 - Игровое событие: обновление_позиции - {"client_id": 0, "position": {"x": 490, "y": 460}, "inputs": {"left": true, "right": false, "up": false, "down": true}}
2025-10-09 18:33:17,700 - game_server - INFO - log_game_event:61 - Игровое событие: обновление_позиции - {"client_id": 0, "position": {"x": 485, "y": 465}, "inputs": {"left": true, "right": false, "up": false, "down": true}}
2025-10-09 18:33:17,742 - game_server - INFO - log_game_event:61 - Игровое событие: обновление_позиции - {"client_id": 0, "position": {"x": 480, "y": 470}, "inputs": {"left": true, "right": false, "up": false, "down": true}}
2025-10-09 18:33:17,781 - game_server - INFO - log_game_event:61 - Игровое событие: обновление_позиции - {"client_id": 0, "position": {"x": 475, "y": 475}, "inputs": {"left": true, "right": false, "up": false, "down": true}}
2025-10-09 18:33:17,825 - game_server - INFO - log_game_event:61 - Игровое событие: обновление_позиции - {"client_id": 0, "position": {"x": 470, "y": 480}, "inputs": {"left": true, "right": false, "up": false, "down": true}}
2025-10-09 18:33:17,870 - game_server - INFO - log_game_event:61 - Игровое событие: обновление_позиции - {"client_id": 0, "position": {"x": 470, "y": 485}, "inputs": {"left": false, "right": false, "up": false, "down": true}}
2025-10-09 18:33:17,913 - game_server - INFO - log_game_event:61 - Игровое событие: обновление_позиции - {"client_id": 0, "position": {"x": 475, "y": 490}, "inputs": {"left": false, "right": true, "up": false, "down": true}}
2025-10-09 18:33:17,955 - game_server - INFO - log_game_event:61 - Игровое событие: обновление_позиции - {"client_id": 0, "position": {"x": 480, "y": 495}, "inputs": {"left": false, "right": true, "up": false, "down": true}}
2025-10-09 18:33:17,986 - game_server - INFO - log_game_event:61 - Игровое событие: обновление_позиции - {"client_id": 0, "position": {"x": 485, "y": 500}, "inputs": {"left": false, "right": true, "up": false, "down": true}}
2025-10-09 18:33:18,029 - game_server - INFO - log_game_event:61 - Игровое событие: обновление_позиции - {"client_id": 0, "position": {"x": 490, "y": 505}, "inputs": {"left": false, "right": true, "up": false, "down": true}}
2025-10-09 18:33:18,068 - game_server - INFO - log_game_event:61 - Игровое событие: обновление_позиции - {"client_id": 0, "position": {"x": 495, "y": 510}, "inputs": {"left": false, "right": true, "up": false, "down": true}}
2025-10-09 18:33:18,110 - game_server - INFO - log_game_event:61 - Игровое событие: обновление_позиции - {"client_id": 0, "position": {"x": 500, "y": 515}, "inputs": {"left": false, "right": true, "up": false, "down": true}}
2025-10-09 18:33:18,150 - game_server - INFO - log_game_event:61 - Игровое событие: обновление_позиции - {"client_id": 0, "position": {"x": 505, "y": 520}, "inputs": {"left": false, "right": true, "up": false, "down": true}}
2025-10-09 18:33:18,188 - game_server - INFO - log_game_event:61 - Игровое событие: обновление_позиции - {"client_id": 0, "position": {"x": 510, "y": 525}, "inputs": {"left": false, "right": true, "up": false, "down": true}}
2025-10-09 18:33:18,230 - game_server - INFO - log_game_event:61 - Игровое событие: обновление_позиции - {"client_id": 0, "position": {"x": 515, "y": 530}, "inputs": {"left": false, "right": true, "up": false, "down": true}}
2025-10-09 18:33:18,275 - game_server - INFO - log_game_event:61 - Игровое событие: обновление_позиции - {"client_id": 0, "position": {"x": 520, "y": 535}, "inputs": {"left": false, "right": true, "up": false, "down": true}}
2025-10-09 18:33:18,317 - game_server - INFO - log_game_event:61 - Игровое событие: обновление_позиции - {"client_id": 0, "position": {"x": 525, "y": 540}, "inputs": {"left": false, "right": true, "up": false, "down": true}}
2025-10-09 18:33:18,360 - game_server - INFO - log_game_event:61 - Игровое событие: обновление_позиции - {"client_id": 0, "position": {"x": 530, "y": 545}, "inputs": {"left": false, "right": true, "up": false, "down": true}}
2025-10-09 18:33:18,402 - game_server - INFO - log_game_event:61 - Игровое событие: обновление_позиции - {"client_id": 0, "position": {"x": 535, "y": 550}, "inputs": {"left": false, "right": true, "up": false, "down": true}}
2025-10-09 18:33:18,448 - game_server - INFO - log_game_event:61 - Игровое событие: обновление_позиции - {"client_id": 0, "position": {"x": 540, "y": 555}, "inputs": {"left": false, "right": true, "up": false, "down": true}}
2025-10-09 18:33:18,491 - game_server - INFO - log_game_event:61 - Игровое событие: обновление_позиции - {"client_id": 0, "position": {"x": 545, "y": 560}, "inputs": {"left": false, "right": true, "up": false, "down": true}}
2025-10-09 18:33:18,530 - game_server - INFO - log_game_event:61 - Игровое событие: обновление_позиции - {"client_id": 0, "position": {"x": 550, "y": 560}, "inputs": {"left": false, "right": true, "up": false, "down": false}}
2025-10-09 18:33:18,573 - game_server - INFO - log_game_event:61 - Игровое событие: обновление_позиции - {"client_id": 0, "position": {"x": 555, "y": 560}, "inputs": {"left": false, "right": true, "up": false, "down": false}}
2025-10-09 18:33:18,618 - game_server - INFO - log_game_event:61 - Игровое событие: обновление_позиции - {"client_id": 0, "position": {"x": 560, "y": 560}, "inputs": {"left": false, "right": true, "up": false, "down": false}}
2025-10-09 18:33:18,661 - game_server - INFO - log_game_event:61 - Игровое событие: обновление_позиции - {"client_id": 0, "position": {"x": 565, "y": 560}, "inputs": {"left": false, "right": true, "up": false, "down": false}}
2025-10-09 18:33:18,697 - game_server - INFO - log_game_event:61 - Игровое событие: обновление_позиции - {"client_id": 0, "position": {"x": 565, "y": 560}, "inputs": {"left": false, "right": false, "up": false, "down": false}}
2025-10-09 18:33:18,738 - game_server - INFO - log_game_event:61 - Игровое событие: обновление_позиции - {"client_id": 0, "position": {"x": 565, "y": 560}, "inputs": {"left": false, "right": false, "up": false, "down": false}}
2025-10-09 18:33:18,777 - game_server - INFO - log_game_event:61 - Игровое событие: обновление_позиции - {"client_id": 0, "position": {"x": 565, "y": 560}, "inputs": {"left": false, "right": false, "up": false, "down": false}}
2025-10-09 18:33:18,815 - game_server - INFO - log_game_event:61 - Игровое событие: обновление_позиции - {"client_id": 0, "position": {"x": 565, "y": 560}, "inputs": {"left": false, "right": false, "up": false, "down": false}}
2025-10-09 18:33:18,857 - game_server - INFO - log_game_event:61 - Игровое событие: обновление_позиции - {"client_id": 0, "position": {"x": 565, "y": 560}, "inputs": {"left": false, "right": false, "up": false, "down": false}}
2025-10-09 18:33:18,898 - game_server - INFO - log_game_event:61 - Игровое событие: обновление_позиции - {"client_id": 0, "position": {"x": 565, "y": 560}, "inputs": {"left": false, "right": false, "up": false, "down": false}}
2025-10-09 18:33:18,933 - game_server - INFO - log_game_event:61 - Игровое событие: обновление_позиции - {"client_id": 0, "position": {"x": 565, "y": 560}, "inputs": {"left": false, "right": false, "up": false, "down": false}}
2025-10-09 18:33:18,967 - game_server - INFO - log_game_event:61 - Игровое событие: обновление_позиции - {"client_id": 0, "position": {"x": 565, "y": 560}, "inputs": {"left": false, "right": false, "up": false, "down": false}}
2025-10-09 18:33:19,009 - game_server - INFO - log_game_event:61 - Игровое событие: обновление_позиции - {"client_id": 0, "position": {"x": 565, "y": 560}, "inputs": {"left": false, "right": false, "up": false, "down": false}}
2025-10-09 18:33:19,050 - game_server - INFO - log_game_event:61 - Игровое событие: обновление_позиции - {"client_id": 0, "position": {"x": 565, "y": 560}, "inputs": {"left": false, "right": false, "up": false, "down": false}}
2025-10-09 18:33:19,092 - game_server - INFO - log_game_event:61 - Игровое событие: обновление_позиции - {"client_id": 0, "position": {"x": 565, "y": 560}, "inputs": {"left": false, "right": false, "up": false, "down": false}}
2025-10-09 18:33:19,131 - game_server - INFO - log_game_event:61 - Игровое событие: обновление_позиции - {"client_id": 0, "position": {"x": 565, "y": 560}, "inputs": {"left": false, "right": false, "up": false, "down": false}}
2025-10-09 18:33:19,169 - game_server - INFO - log_game_event:61 - Игровое событие: обновление_позиции - {"client_id": 0, "position": {"x": 565, "y": 560}, "inputs": {"left": false, "right": false, "up": false, "down": false}}
2025-10-09 18:33:19,205 - game_server - INFO - log_game_event:61 - Игровое событие: обновление_позиции - {"client_id": 0, "position": {"x": 565, "y": 560}, "inputs": {"left": false, "right": false, "up": false, "down": false}}
2025-10-09 18:33:19,246 - game_server - INFO - log_game_event:61 - Игровое событие: обновление_позиции - {"client_id": 0, "position": {"x": 565, "y": 560}, "inputs": {"left": false, "right": false, "up": false, "down": false}}
2025-10-09 18:33:19,288 - game_server - INFO - log_game_event:61 - Игровое событие: обновление_позиции - {"client_id": 0, "position": {"x": 565, "y": 560}, "inputs": {"left": false, "right": false, "up": false, "down": false}}
2025-10-09 18:33:19,327 - game_server - INFO - log_game_event:61 - Игровое событие: обновление_позиции - {"client_id": 0, "position": {"x": 565, "y": 560}, "inputs": {"left": false, "right": false, "up": false, "down": false}}
2025-10-09 18:33:19,346 - game_server - INFO - log_connection:56 - Клиент 0: отключен
