2025-09-25 18:05:59,694 - game_server - INFO - <module>:87 - Сервер запущен на 192.168.1.4:5555 (привязан к 0.0.0.0)
2025-09-25 18:06:15,594 - game_server - INFO - log_connection:56 - Клиент 0: подключен - {"ip": "192.168.1.4", "port": 53843}
2025-09-25 18:06:15,615 - game_server - INFO - log_game_event:61 - Игровое событие: обновление_позиции - {"client_id": 0, "position": {"x": 960, "y": 540}, "inputs": {"left": false, "right": false, "up": false, "down": false}}
2025-09-25 18:06:15,649 - game_server - INFO - log_game_event:61 - Игровое событие: обновление_позиции - {"client_id": 0, "position": {"x": 960, "y": 540}, "inputs": {"left": false, "right": false, "up": false, "down": false}}
2025-09-25 18:06:15,678 - game_server - INFO - log_game_event:61 - Игровое событие: обновление_позиции - {"client_id": 0, "position": {"x": 960, "y": 540}, "inputs": {"left": false, "right": false, "up": false, "down": false}}
2025-09-25 18:06:15,700 - game_server - INFO - log_game_event:61 - Игровое событие: обновление_позиции - {"client_id": 0, "position": {"x": 960, "y": 540}, "inputs": {"left": false, "right": false, "up": false, "down": false}}
2025-09-25 18:06:15,734 - game_server - INFO - log_game_event:61 - Игровое событие: обновление_позиции - {"client_id": 0, "position": {"x": 960, "y": 540}, "inputs": {"left": false, "right": false, "up": false, "down": false}}
2025-09-25 18:06:15,772 - game_server - INFO - log_game_event:61 - Игровое событие: обновление_позиции - {"client_id": 0, "position": {"x": 960, "y": 540}, "inputs": {"left": false, "right": false, "up": false, "down": false}}
2025-09-25 18:06:15,807 - game_server - INFO - log_game_event:61 - Игровое событие: обновление_позиции - {"client_id": 0, "position": {"x": 960, "y": 540}, "inputs": {"left": false, "right": false, "up": false, "down": false}}
2025-09-25 18:06:15,833 - game_server - INFO - log_game_event:61 - Игровое событие: обновление_позиции - {"client_id": 0, "position": {"x": 960, "y": 540}, "inputs": {"left": false, "right": false, "up": false, "down": false}}
2025-09-25 18:06:15,866 - game_server - INFO - log_game_event:61 - Игровое событие: обновление_позиции - {"client_id": 0, "position": {"x": 960, "y": 540}, "inputs": {"left": false, "right": false, "up": false, "down": false}}
2025-09-25 18:06:15,901 - game_server - INFO - log_game_event:61 - Игровое событие: обновление_позиции - {"client_id": 0, "position": {"x": 960, "y": 540}, "inputs": {"left": false, "right": false, "up": false, "down": false}}
2025-09-25 18:06:15,937 - game_server - INFO - log_game_event:61 - Игровое событие: обновление_позиции - {"client_id": 0, "position": {"x": 960, "y": 540}, "inputs": {"left": false, "right": false, "up": false, "down": false}}
2025-09-25 18:06:15,972 - game_server - INFO - log_game_event:61 - Игровое событие: обновление_позиции - {"client_id": 0, "position": {"x": 960, "y": 540}, "inputs": {"left": false, "right": false, "up": false, "down": false}}
2025-09-25 18:06:16,005 - game_server - INFO - log_game_event:61 - Игровое событие: обновление_позиции - {"client_id": 0, "position": {"x": 960, "y": 540}, "inputs": {"left": false, "right": false, "up": false, "down": false}}
2025-09-25 18:06:16,033 - game_server - INFO - log_game_event:61 - Игровое событие: обновление_позиции - {"client_id": 0, "position": {"x": 960, "y": 540}, "inputs": {"left": false, "right": false, "up": false, "down": false}}
2025-09-25 18:06:16,067 - game_server - INFO - log_game_event:61 - Игровое событие: обновление_позиции - {"client_id": 0, "position": {"x": 960, "y": 540}, "inputs": {"left": false, "right": false, "up": false, "down": false}}
2025-09-25 18:06:16,099 - game_server - INFO - log_game_event:61 - Игровое событие: обновление_позиции - {"client_id": 0, "position": {"x": 960, "y": 540}, "inputs": {"left": false, "right": false, "up": false, "down": false}}
2025-09-25 18:06:16,129 - game_server - INFO - log_game_event:61 - Игровое событие: обновление_позиции - {"client_id": 0, "position": {"x": 960, "y": 540}, "inputs": {"left": false, "right": false, "up": false, "down": false}}
2025-09-25 18:06:16,158 - game_server - INFO - log_game_event:61 - Игровое событие: обновление_позиции - {"client_id": 0, "position": {"x": 960, "y": 540}, "inputs": {"left": false, "right": false, "up": false, "down": false}}
2025-09-25 18:06:16,184 - game_server - INFO - log_game_event:61 - Игровое событие: обновление_позиции - {"client_id": 0, "position": {"x": 960, "y": 540}, "inputs": {"left": false, "right": false, "up": false, "down": false}}
2025-09-25 18:06:16,220 - game_server - INFO - log_game_event:61 - Игровое событие: обновление_позиции - {"client_id": 0, "position": {"x": 960, "y": 540}, "inputs": {"left": false, "right": false, "up": false, "down": false}}
2025-09-25 18:06:16,250 - game_server - INFO - log_game_event:61 - Игровое событие: обновление_позиции - {"client_id": 0, "position": {"x": 960, "y": 540}, "inputs": {"left": false, "right": false, "up": false, "down": false}}
2025-09-25 18:06:16,285 - game_server - INFO - log_game_event:61 - Игровое событие: обновление_позиции - {"client_id": 0, "position": {"x": 960, "y": 540}, "inputs": {"left": false, "right": false, "up": false, "down": false}}
2025-09-25 18:06:16,322 - game_server - INFO - log_game_event:61 - Игровое событие: обновление_позиции - {"client_id": 0, "position": {"x": 960, "y": 540}, "inputs": {"left": false, "right": false, "up": false, "down": false}}
2025-09-25 18:06:16,359 - game_server - INFO - log_game_event:61 - Игровое событие: обновление_позиции - {"client_id": 0, "position": {"x": 960, "y": 540}, "inputs": {"left": false, "right": false, "up": false, "down": false}}
2025-09-25 18:06:16,392 - game_server - INFO - log_game_event:61 - Игровое событие: обновление_позиции - {"client_id": 0, "position": {"x": 960, "y": 540}, "inputs": {"left": false, "right": false, "up": false, "down": false}}
2025-09-25 18:06:16,425 - game_server - INFO - log_game_event:61 - Игровое событие: обновление_позиции - {"client_id": 0, "position": {"x": 960, "y": 540}, "inputs": {"left": false, "right": false, "up": false, "down": false}}
2025-09-25 18:06:16,454 - game_server - INFO - log_game_event:61 - Игровое событие: обновление_позиции - {"client_id": 0, "position": {"x": 960, "y": 540}, "inputs": {"left": false, "right": false, "up": false, "down": false}}
2025-09-25 18:06:16,491 - game_server - INFO - log_game_event:61 - Игровое событие: обновление_позиции - {"client_id": 0, "position": {"x": 960, "y": 540}, "inputs": {"left": false, "right": false, "up": false, "down": false}}
2025-09-25 18:06:16,526 - game_server - INFO - log_game_event:61 - Игровое событие: обновление_позиции - {"client_id": 0, "position": {"x": 960, "y": 540}, "inputs": {"left": false, "right": false, "up": false, "down": false}}
2025-09-25 18:06:16,557 - game_server - INFO - log_game_event:61 - Игровое событие: обновление_позиции - {"client_id": 0, "position": {"x": 960, "y": 540}, "inputs": {"left": false, "right": false, "up": false, "down": false}}
2025-09-25 18:06:16,590 - game_server - INFO - log_game_event:61 - Игровое событие: обновление_позиции - {"client_id": 0, "position": {"x": 960, "y": 540}, "inputs": {"left": false, "right": false, "up": false, "down": false}}
2025-09-25 18:06:16,625 - game_server - INFO - log_game_event:61 - Игровое событие: обновление_позиции - {"client_id": 0, "position": {"x": 960, "y": 540}, "inputs": {"left": false, "right": false, "up": false, "down": false}}
2025-09-25 18:06:16,661 - game_server - INFO - log_game_event:61 - Игровое событие: обновление_позиции - {"client_id": 0, "position": {"x": 960, "y": 540}, "inputs": {"left": false, "right": false, "up": false, "down": false}}
2025-09-25 18:06:16,695 - game_server - INFO - log_game_event:61 - Игровое событие: обновление_позиции - {"client_id": 0, "position": {"x": 960, "y": 540}, "inputs": {"left": false, "right": false, "up": false, "down": false}}
2025-09-25 18:06:16,731 - game_server - INFO - log_game_event:61 - Игровое событие: обновление_позиции - {"client_id": 0, "position": {"x": 960, "y": 540}, "inputs": {"left": false, "right": false, "up": false, "down": false}}
2025-09-25 18:06:16,765 - game_server - INFO - log_game_event:61 - Игровое событие: обновление_позиции - {"client_id": 0, "position": {"x": 960, "y": 540}, "inputs": {"left": false, "right": false, "up": false, "down": false}}
2025-09-25 18:06:16,802 - game_server - INFO - log_game_event:61 - Игровое событие: обновление_позиции - {"client_id": 0, "position": {"x": 960, "y": 540}, "inputs": {"left": false, "right": false, "up": false, "down": false}}
2025-09-25 18:06:16,838 - game_server - INFO - log_game_event:61 - Игровое событие: обновление_позиции - {"client_id": 0, "position": {"x": 960, "y": 540}, "inputs": {"left": false, "right": false, "up": false, "down": false}}
2025-09-25 18:06:16,876 - game_server - INFO - log_game_event:61 - Игровое событие: обновление_позиции - {"client_id": 0, "position": {"x": 960, "y": 540}, "inputs": {"left": false, "right": false, "up": false, "down": false}}
2025-09-25 18:06:16,912 - game_server - INFO - log_game_event:61 - Игровое событие: обновление_позиции - {"client_id": 0, "position": {"x": 960, "y": 540}, "inputs": {"left": false, "right": false, "up": false, "down": false}}
2025-09-25 18:06:16,947 - game_server - INFO - log_game_event:61 - Игровое событие: обновление_позиции - {"client_id": 0, "position": {"x": 960, "y": 540}, "inputs": {"left": false, "right": false, "up": false, "down": false}}
2025-09-25 18:06:16,980 - game_server - INFO - log_game_event:61 - Игровое событие: обновление_позиции - {"client_id": 0, "position": {"x": 960, "y": 540}, "inputs": {"left": false, "right": false, "up": false, "down": false}}
2025-09-25 18:06:17,011 - game_server - INFO - log_game_event:61 - Игровое событие: обновление_позиции - {"client_id": 0, "position": {"x": 960, "y": 540}, "inputs": {"left": false, "right": false, "up": false, "down": false}}
2025-09-25 18:06:17,045 - game_server - INFO - log_game_event:61 - Игровое событие: обновление_позиции - {"client_id": 0, "position": {"x": 960, "y": 540}, "inputs": {"left": false, "right": false, "up": false, "down": false}}
2025-09-25 18:06:17,083 - game_server - INFO - log_game_event:61 - Игровое событие: обновление_позиции - {"client_id": 0, "position": {"x": 960, "y": 540}, "inputs": {"left": false, "right": false, "up": false, "down": false}}
2025-09-25 18:06:17,121 - game_server - INFO - log_game_event:61 - Игровое событие: обновление_позиции - {"client_id": 0, "position": {"x": 960, "y": 540}, "inputs": {"left": false, "right": false, "up": false, "down": false}}
2025-09-25 18:06:17,158 - game_server - INFO - log_game_event:61 - Игровое событие: обновление_позиции - {"client_id": 0, "position": {"x": 960, "y": 540}, "inputs": {"left": false, "right": false, "up": false, "down": false}}
2025-09-25 18:06:17,193 - game_server - INFO - log_game_event:61 - Игровое событие: обновление_позиции - {"client_id": 0, "position": {"x": 960, "y": 540}, "inputs": {"left": false, "right": false, "up": false, "down": false}}
2025-09-25 18:06:17,229 - game_server - INFO - log_game_event:61 - Игровое событие: обновление_позиции - {"client_id": 0, "position": {"x": 960, "y": 540}, "inputs": {"left": false, "right": false, "up": false, "down": false}}
2025-09-25 18:06:17,266 - game_server - INFO - log_game_event:61 - Игровое событие: обновление_позиции - {"client_id": 0, "position": {"x": 960, "y": 540}, "inputs": {"left": false, "right": false, "up": false, "down": false}}
2025-09-25 18:06:17,304 - game_server - INFO - log_game_event:61 - Игровое событие: обновление_позиции - {"client_id": 0, "position": {"x": 960, "y": 540}, "inputs": {"left": false, "right": false, "up": false, "down": false}}
2025-09-25 18:06:17,340 - game_server - INFO - log_game_event:61 - Игровое событие: обновление_позиции - {"client_id": 0, "position": {"x": 960, "y": 540}, "inputs": {"left": false, "right": false, "up": false, "down": false}}
2025-09-25 18:06:17,377 - game_server - INFO - log_game_event:61 - Игровое событие: обновление_позиции - {"client_id": 0, "position": {"x": 960, "y": 540}, "inputs": {"left": false, "right": false, "up": false, "down": false}}
2025-09-25 18:06:17,413 - game_server - INFO - log_game_event:61 - Игровое событие: обновление_позиции - {"client_id": 0, "position": {"x": 960, "y": 540}, "inputs": {"left": false, "right": false, "up": false, "down": false}}
2025-09-25 18:06:17,451 - game_server - INFO - log_game_event:61 - Игровое событие: обновление_позиции - {"client_id": 0, "position": {"x": 960, "y": 540}, "inputs": {"left": false, "right": false, "up": false, "down": false}}
2025-09-25 18:06:17,488 - game_server - INFO - log_game_event:61 - Игровое событие: обновление_позиции - {"client_id": 0, "position": {"x": 960, "y": 540}, "inputs": {"left": false, "right": false, "up": false, "down": false}}
2025-09-25 18:06:17,523 - game_server - INFO - log_game_event:61 - Игровое событие: обновление_позиции - {"client_id": 0, "position": {"x": 960, "y": 540}, "inputs": {"left": false, "right": false, "up": false, "down": false}}
2025-09-25 18:06:17,559 - game_server - INFO - log_game_event:61 - Игровое событие: обновление_позиции - {"client_id": 0, "position": {"x": 960, "y": 540}, "inputs": {"left": false, "right": false, "up": false, "down": false}}
2025-09-25 18:06:17,593 - game_server - INFO - log_game_event:61 - Игровое событие: обновление_позиции - {"client_id": 0, "position": {"x": 960, "y": 540}, "inputs": {"left": false, "right": false, "up": false, "down": false}}
2025-09-25 18:06:17,627 - game_server - INFO - log_game_event:61 - Игровое событие: обновление_позиции - {"client_id": 0, "position": {"x": 960, "y": 540}, "inputs": {"left": false, "right": false, "up": false, "down": false}}
2025-09-25 18:06:17,663 - game_server - INFO - log_game_event:61 - Игровое событие: обновление_позиции - {"client_id": 0, "position": {"x": 960, "y": 540}, "inputs": {"left": false, "right": false, "up": false, "down": false}}
2025-09-25 18:06:17,698 - game_server - INFO - log_game_event:61 - Игровое событие: обновление_позиции - {"client_id": 0, "position": {"x": 960, "y": 540}, "inputs": {"left": false, "right": false, "up": false, "down": false}}
2025-09-25 18:06:17,734 - game_server - INFO - log_game_event:61 - Игровое событие: обновление_позиции - {"client_id": 0, "position": {"x": 960, "y": 540}, "inputs": {"left": false, "right": false, "up": false, "down": false}}
2025-09-25 18:06:17,768 - game_server - INFO - log_game_event:61 - Игровое событие: обновление_позиции - {"client_id": 0, "position": {"x": 960, "y": 540}, "inputs": {"left": false, "right": false, "up": false, "down": false}}
2025-09-25 18:06:17,805 - game_server - INFO - log_game_event:61 - Игровое событие: обновление_позиции - {"client_id": 0, "position": {"x": 960, "y": 540}, "inputs": {"left": false, "right": false, "up": false, "down": false}}
2025-09-25 18:06:17,840 - game_server - INFO - log_game_event:61 - Игровое событие: обновление_позиции - {"client_id": 0, "position": {"x": 960, "y": 540}, "inputs": {"left": false, "right": false, "up": false, "down": false}}
2025-09-25 18:06:17,874 - game_server - INFO - log_game_event:61 - Игровое событие: обновление_позиции - {"client_id": 0, "position": {"x": 960, "y": 540}, "inputs": {"left": false, "right": false, "up": false, "down": false}}
2025-09-25 18:06:17,909 - game_server - INFO - log_game_event:61 - Игровое событие: обновление_позиции - {"client_id": 0, "position": {"x": 960, "y": 540}, "inputs": {"left": false, "right": false, "up": false, "down": false}}
2025-09-25 18:06:17,943 - game_server - INFO - log_game_event:61 - Игровое событие: обновление_позиции - {"client_id": 0, "position": {"x": 960, "y": 540}, "inputs": {"left": false, "right": false, "up": false, "down": false}}
2025-09-25 18:06:17,974 - game_server - INFO - log_game_event:61 - Игровое событие: обновление_позиции - {"client_id": 0, "position": {"x": 960, "y": 540}, "inputs": {"left": false, "right": false, "up": false, "down": false}}
2025-09-25 18:06:18,011 - game_server - INFO - log_game_event:61 - Игровое событие: обновление_позиции - {"client_id": 0, "position": {"x": 960, "y": 540}, "inputs": {"left": false, "right": false, "up": false, "down": false}}
2025-09-25 18:06:18,042 - game_server - INFO - log_game_event:61 - Игровое событие: обновление_позиции - {"client_id": 0, "position": {"x": 960, "y": 540}, "inputs": {"left": false, "right": false, "up": false, "down": false}}
2025-09-25 18:06:18,073 - game_server - INFO - log_game_event:61 - Игровое событие: обновление_позиции - {"client_id": 0, "position": {"x": 960, "y": 540}, "inputs": {"left": false, "right": false, "up": false, "down": false}}
2025-09-25 18:06:18,096 - game_server - INFO - log_game_event:61 - Игровое событие: обновление_позиции - {"client_id": 0, "position": {"x": 960, "y": 540}, "inputs": {"left": false, "right": false, "up": false, "down": false}}
2025-09-25 18:06:18,120 - game_server - INFO - log_game_event:61 - Игровое событие: обновление_позиции - {"client_id": 0, "position": {"x": 960, "y": 540}, "inputs": {"left": false, "right": false, "up": false, "down": false}}
2025-09-25 18:06:18,143 - game_server - INFO - log_game_event:61 - Игровое событие: обновление_позиции - {"client_id": 0, "position": {"x": 960, "y": 540}, "inputs": {"left": false, "right": false, "up": false, "down": false}}
2025-09-25 18:06:18,166 - game_server - INFO - log_game_event:61 - Игровое событие: обновление_позиции - {"client_id": 0, "position": {"x": 960, "y": 540}, "inputs": {"left": false, "right": false, "up": false, "down": false}}
2025-09-25 18:06:18,190 - game_server - INFO - log_game_event:61 - Игровое событие: обновление_позиции - {"client_id": 0, "position": {"x": 960, "y": 540}, "inputs": {"left": false, "right": false, "up": false, "down": false}}
2025-09-25 18:06:18,215 - game_server - INFO - log_game_event:61 - Игровое событие: обновление_позиции - {"client_id": 0, "position": {"x": 960, "y": 540}, "inputs": {"left": false, "right": false, "up": false, "down": false}}
2025-09-25 18:06:18,243 - game_server - INFO - log_game_event:61 - Игровое событие: обновление_позиции - {"client_id": 0, "position": {"x": 960, "y": 540}, "inputs": {"left": false, "right": false, "up": false, "down": false}}
2025-09-25 18:06:18,266 - game_server - INFO - log_game_event:61 - Игровое событие: обновление_позиции - {"client_id": 0, "position": {"x": 960, "y": 540}, "inputs": {"left": false, "right": false, "up": false, "down": false}}
2025-09-25 18:06:18,291 - game_server - INFO - log_game_event:61 - Игровое событие: обновление_позиции - {"client_id": 0, "position": {"x": 960, "y": 540}, "inputs": {"left": false, "right": false, "up": false, "down": false}}
2025-09-25 18:06:18,313 - game_server - INFO - log_game_event:61 - Игровое событие: обновление_позиции - {"client_id": 0, "position": {"x": 960, "y": 540}, "inputs": {"left": false, "right": false, "up": false, "down": false}}
2025-09-25 18:06:18,337 - game_server - INFO - log_game_event:61 - Игровое событие: обновление_позиции - {"client_id": 0, "position": {"x": 960, "y": 540}, "inputs": {"left": false, "right": false, "up": false, "down": false}}
2025-09-25 18:06:18,362 - game_server - INFO - log_game_event:61 - Игровое событие: обновление_позиции - {"client_id": 0, "position": {"x": 960, "y": 540}, "inputs": {"left": false, "right": false, "up": false, "down": false}}
2025-09-25 18:06:18,384 - game_server - INFO - log_game_event:61 - Игровое событие: обновление_позиции - {"client_id": 0, "position": {"x": 960, "y": 540}, "inputs": {"left": false, "right": false, "up": false, "down": false}}
2025-09-25 18:06:18,407 - game_server - INFO - log_game_event:61 - Игровое событие: обновление_позиции - {"client_id": 0, "position": {"x": 960, "y": 540}, "inputs": {"left": false, "right": false, "up": false, "down": false}}
2025-09-25 18:06:18,430 - game_server - INFO - log_game_event:61 - Игровое событие: обновление_позиции - {"client_id": 0, "position": {"x": 960, "y": 540}, "inputs": {"left": false, "right": false, "up": false, "down": false}}
2025-09-25 18:06:18,454 - game_server - INFO - log_game_event:61 - Игровое событие: обновление_позиции - {"client_id": 0, "position": {"x": 960, "y": 540}, "inputs": {"left": false, "right": false, "up": false, "down": false}}
2025-09-25 18:06:18,478 - game_server - INFO - log_game_event:61 - Игровое событие: обновление_позиции - {"client_id": 0, "position": {"x": 960, "y": 540}, "inputs": {"left": false, "right": false, "up": false, "down": false}}
2025-09-25 18:06:18,502 - game_server - INFO - log_game_event:61 - Игровое событие: обновление_позиции - {"client_id": 0, "position": {"x": 960, "y": 540}, "inputs": {"left": false, "right": false, "up": false, "down": false}}
2025-09-25 18:06:18,529 - game_server - INFO - log_game_event:61 - Игровое событие: обновление_позиции - {"client_id": 0, "position": {"x": 960, "y": 540}, "inputs": {"left": false, "right": false, "up": false, "down": false}}
2025-09-25 18:06:18,551 - game_server - INFO - log_game_event:61 - Игровое событие: обновление_позиции - {"client_id": 0, "position": {"x": 960, "y": 540}, "inputs": {"left": false, "right": false, "up": false, "down": false}}
2025-09-25 18:06:18,574 - game_server - INFO - log_game_event:61 - Игровое событие: обновление_позиции - {"client_id": 0, "position": {"x": 960, "y": 540}, "inputs": {"left": false, "right": false, "up": false, "down": false}}
2025-09-25 18:06:18,597 - game_server - INFO - log_game_event:61 - Игровое событие: обновление_позиции - {"client_id": 0, "position": {"x": 960, "y": 540}, "inputs": {"left": false, "right": false, "up": false, "down": false}}
2025-09-25 18:06:18,623 - game_server - INFO - log_game_event:61 - Игровое событие: обновление_позиции - {"client_id": 0, "position": {"x": 960, "y": 540}, "inputs": {"left": false, "right": false, "up": false, "down": false}}
2025-09-25 18:06:18,646 - game_server - INFO - log_game_event:61 - Игровое событие: обновление_позиции - {"client_id": 0, "position": {"x": 960, "y": 540}, "inputs": {"left": false, "right": false, "up": false, "down": false}}
2025-09-25 18:06:18,670 - game_server - INFO - log_game_event:61 - Игровое событие: обновление_позиции - {"client_id": 0, "position": {"x": 960, "y": 540}, "inputs": {"left": false, "right": false, "up": false, "down": false}}
2025-09-25 18:06:18,696 - game_server - INFO - log_game_event:61 - Игровое событие: обновление_позиции - {"client_id": 0, "position": {"x": 960, "y": 540}, "inputs": {"left": false, "right": false, "up": false, "down": false}}
2025-09-25 18:06:18,725 - game_server - INFO - log_game_event:61 - Игровое событие: обновление_позиции - {"client_id": 0, "position": {"x": 960, "y": 540}, "inputs": {"left": false, "right": false, "up": false, "down": false}}
2025-09-25 18:06:18,755 - game_server - INFO - log_game_event:61 - Игровое событие: обновление_позиции - {"client_id": 0, "position": {"x": 960, "y": 540}, "inputs": {"left": false, "right": false, "up": false, "down": false}}
2025-09-25 18:06:18,793 - game_server - INFO - log_game_event:61 - Игровое событие: обновление_позиции - {"client_id": 0, "position": {"x": 965, "y": 540}, "inputs": {"left": false, "right": true, "up": false, "down": false}}
2025-09-25 18:06:18,827 - game_server - INFO - log_game_event:61 - Игровое событие: обновление_позиции - {"client_id": 0, "position": {"x": 970, "y": 540}, "inputs": {"left": false, "right": true, "up": false, "down": false}}
2025-09-25 18:06:18,863 - game_server - INFO - log_game_event:61 - Игровое событие: обновление_позиции - {"client_id": 0, "position": {"x": 975, "y": 540}, "inputs": {"left": false, "right": true, "up": false, "down": false}}
2025-09-25 18:06:18,888 - game_server - INFO - log_game_event:61 - Игровое событие: обновление_позиции - {"client_id": 0, "position": {"x": 980, "y": 540}, "inputs": {"left": false, "right": true, "up": false, "down": false}}
2025-09-25 18:06:18,910 - game_server - INFO - log_game_event:61 - Игровое событие: обновление_позиции - {"client_id": 0, "position": {"x": 985, "y": 540}, "inputs": {"left": false, "right": true, "up": false, "down": false}}
2025-09-25 18:06:18,933 - game_server - INFO - log_game_event:61 - Игровое событие: обновление_позиции - {"client_id": 0, "position": {"x": 990, "y": 540}, "inputs": {"left": false, "right": true, "up": false, "down": false}}
2025-09-25 18:06:18,956 - game_server - INFO - log_game_event:61 - Игровое событие: обновление_позиции - {"client_id": 0, "position": {"x": 995, "y": 540}, "inputs": {"left": false, "right": true, "up": false, "down": false}}
2025-09-25 18:06:18,980 - game_server - INFO - log_game_event:61 - Игровое событие: обновление_позиции - {"client_id": 0, "position": {"x": 1000, "y": 540}, "inputs": {"left": false, "right": true, "up": false, "down": false}}
2025-09-25 18:06:19,011 - game_server - INFO - log_game_event:61 - Игровое событие: обновление_позиции - {"client_id": 0, "position": {"x": 1005, "y": 540}, "inputs": {"left": false, "right": true, "up": false, "down": false}}
2025-09-25 18:06:19,036 - game_server - INFO - log_game_event:61 - Игровое событие: обновление_позиции - {"client_id": 0, "position": {"x": 1010, "y": 540}, "inputs": {"left": false, "right": true, "up": false, "down": false}}
2025-09-25 18:06:19,060 - game_server - INFO - log_game_event:61 - Игровое событие: обновление_позиции - {"client_id": 0, "position": {"x": 1015, "y": 540}, "inputs": {"left": false, "right": true, "up": false, "down": false}}
2025-09-25 18:06:19,087 - game_server - INFO - log_game_event:61 - Игровое событие: обновление_позиции - {"client_id": 0, "position": {"x": 1020, "y": 540}, "inputs": {"left": false, "right": true, "up": false, "down": false}}
2025-09-25 18:06:19,114 - game_server - INFO - log_game_event:61 - Игровое событие: обновление_позиции - {"client_id": 0, "position": {"x": 1025, "y": 540}, "inputs": {"left": false, "right": true, "up": false, "down": false}}
2025-09-25 18:06:19,141 - game_server - INFO - log_game_event:61 - Игровое событие: обновление_позиции - {"client_id": 0, "position": {"x": 1030, "y": 540}, "inputs": {"left": false, "right": true, "up": false, "down": false}}
2025-09-25 18:06:19,163 - game_server - INFO - log_game_event:61 - Игровое событие: обновление_позиции - {"client_id": 0, "position": {"x": 1035, "y": 545}, "inputs": {"left": false, "right": true, "up": false, "down": true}}
2025-09-25 18:06:19,187 - game_server - INFO - log_game_event:61 - Игровое событие: обновление_позиции - {"client_id": 0, "position": {"x": 1040, "y": 550}, "inputs": {"left": false, "right": true, "up": false, "down": true}}
2025-09-25 18:06:19,214 - game_server - INFO - log_game_event:61 - Игровое событие: обновление_позиции - {"client_id": 0, "position": {"x": 1040, "y": 555}, "inputs": {"left": false, "right": false, "up": false, "down": true}}
2025-09-25 18:06:19,238 - game_server - INFO - log_game_event:61 - Игровое событие: обновление_позиции - {"client_id": 0, "position": {"x": 1040, "y": 560}, "inputs": {"left": false, "right": false, "up": false, "down": true}}
2025-09-25 18:06:19,261 - game_server - INFO - log_game_event:61 - Игровое событие: обновление_позиции - {"client_id": 0, "position": {"x": 1040, "y": 565}, "inputs": {"left": false, "right": false, "up": false, "down": true}}
2025-09-25 18:06:19,283 - game_server - INFO - log_game_event:61 - Игровое событие: обновление_позиции - {"client_id": 0, "position": {"x": 1040, "y": 570}, "inputs": {"left": false, "right": false, "up": false, "down": true}}
2025-09-25 18:06:19,311 - game_server - INFO - log_game_event:61 - Игровое событие: обновление_позиции - {"client_id": 0, "position": {"x": 1040, "y": 575}, "inputs": {"left": false, "right": false, "up": false, "down": true}}
2025-09-25 18:06:19,338 - game_server - INFO - log_game_event:61 - Игровое событие: обновление_позиции - {"client_id": 0, "position": {"x": 1040, "y": 580}, "inputs": {"left": false, "right": false, "up": false, "down": true}}
2025-09-25 18:06:19,362 - game_server - INFO - log_game_event:61 - Игровое событие: обновление_позиции - {"client_id": 0, "position": {"x": 1040, "y": 585}, "inputs": {"left": false, "right": false, "up": false, "down": true}}
2025-09-25 18:06:19,386 - game_server - INFO - log_game_event:61 - Игровое событие: обновление_позиции - {"client_id": 0, "position": {"x": 1040, "y": 590}, "inputs": {"left": false, "right": false, "up": false, "down": true}}
2025-09-25 18:06:19,414 - game_server - INFO - log_game_event:61 - Игровое событие: обновление_позиции - {"client_id": 0, "position": {"x": 1040, "y": 595}, "inputs": {"left": false, "right": false, "up": false, "down": true}}
2025-09-25 18:06:19,442 - game_server - INFO - log_game_event:61 - Игровое событие: обновление_позиции - {"client_id": 0, "position": {"x": 1040, "y": 595}, "inputs": {"left": false, "right": false, "up": false, "down": false}}
2025-09-25 18:06:19,464 - game_server - INFO - log_game_event:61 - Игровое событие: обновление_позиции - {"client_id": 0, "position": {"x": 1040, "y": 595}, "inputs": {"left": false, "right": false, "up": false, "down": false}}
2025-09-25 18:06:19,489 - game_server - INFO - log_game_event:61 - Игровое событие: обновление_позиции - {"client_id": 0, "position": {"x": 1040, "y": 595}, "inputs": {"left": false, "right": false, "up": false, "down": false}}
2025-09-25 18:06:19,515 - game_server - INFO - log_game_event:61 - Игровое событие: обновление_позиции - {"client_id": 0, "position": {"x": 1040, "y": 595}, "inputs": {"left": false, "right": false, "up": false, "down": false}}
2025-09-25 18:06:19,538 - game_server - INFO - log_game_event:61 - Игровое событие: обновление_позиции - {"client_id": 0, "position": {"x": 1040, "y": 595}, "inputs": {"left": false, "right": false, "up": false, "down": false}}
2025-09-25 18:06:19,563 - game_server - INFO - log_game_event:61 - Игровое событие: обновление_позиции - {"client_id": 0, "position": {"x": 1040, "y": 595}, "inputs": {"left": false, "right": false, "up": false, "down": false}}
2025-09-25 18:06:19,589 - game_server - INFO - log_game_event:61 - Игровое событие: обновление_позиции - {"client_id": 0, "position": {"x": 1040, "y": 595}, "inputs": {"left": false, "right": false, "up": false, "down": false}}
2025-09-25 18:06:19,614 - game_server - INFO - log_game_event:61 - Игровое событие: обновление_позиции - {"client_id": 0, "position": {"x": 1040, "y": 595}, "inputs": {"left": false, "right": false, "up": false, "down": false}}
2025-09-25 18:06:19,642 - game_server - INFO - log_game_event:61 - Игровое событие: обновление_позиции - {"client_id": 0, "position": {"x": 1040, "y": 595}, "inputs": {"left": false, "right": false, "up": false, "down": false}}
2025-09-25 18:06:19,672 - game_server - INFO - log_game_event:61 - Игровое событие: обновление_позиции - {"client_id": 0, "position": {"x": 1040, "y": 595}, "inputs": {"left": false, "right": false, "up": false, "down": false}}
2025-09-25 18:06:19,700 - game_server - INFO - log_game_event:61 - Игровое событие: обновление_позиции - {"client_id": 0, "position": {"x": 1040, "y": 595}, "inputs": {"left": false, "right": false, "up": false, "down": false}}
2025-09-25 18:06:19,733 - game_server - INFO - log_game_event:61 - Игровое событие: обновление_позиции - {"client_id": 0, "position": {"x": 1040, "y": 595}, "inputs": {"left": false, "right": false, "up": false, "down": false}}
2025-09-25 18:06:19,763 - game_server - INFO - log_game_event:61 - Игровое событие: обновление_позиции - {"client_id": 0, "position": {"x": 1040, "y": 595}, "inputs": {"left": false, "right": false, "up": false, "down": false}}
2025-09-25 18:06:19,794 - game_server - INFO - log_game_event:61 - Игровое событие: обновление_позиции - {"client_id": 0, "position": {"x": 1040, "y": 590}, "inputs": {"left": false, "right": false, "up": true, "down": false}}
2025-09-25 18:06:19,825 - game_server - INFO - log_game_event:61 - Игровое событие: обновление_позиции - {"client_id": 0, "position": {"x": 1040, "y": 585}, "inputs": {"left": false, "right": false, "up": true, "down": false}}
2025-09-25 18:06:19,854 - game_server - INFO - log_game_event:61 - Игровое событие: обновление_позиции - {"client_id": 0, "position": {"x": 1040, "y": 580}, "inputs": {"left": false, "right": false, "up": true, "down": false}}
2025-09-25 18:06:19,883 - game_server - INFO - log_game_event:61 - Игровое событие: обновление_позиции - {"client_id": 0, "position": {"x": 1040, "y": 575}, "inputs": {"left": false, "right": false, "up": true, "down": false}}
2025-09-25 18:06:19,913 - game_server - INFO - log_game_event:61 - Игровое событие: обновление_позиции - {"client_id": 0, "position": {"x": 1040, "y": 570}, "inputs": {"left": false, "right": false, "up": true, "down": false}}
2025-09-25 18:06:19,942 - game_server - INFO - log_game_event:61 - Игровое событие: обновление_позиции - {"client_id": 0, "position": {"x": 1040, "y": 565}, "inputs": {"left": false, "right": false, "up": true, "down": false}}
2025-09-25 18:06:19,973 - game_server - INFO - log_game_event:61 - Игровое событие: обновление_позиции - {"client_id": 0, "position": {"x": 1040, "y": 560}, "inputs": {"left": false, "right": false, "up": true, "down": false}}
2025-09-25 18:06:20,003 - game_server - INFO - log_game_event:61 - Игровое событие: обновление_позиции - {"client_id": 0, "position": {"x": 1040, "y": 555}, "inputs": {"left": false, "right": false, "up": true, "down": false}}
2025-09-25 18:06:20,036 - game_server - INFO - log_game_event:61 - Игровое событие: обновление_позиции - {"client_id": 0, "position": {"x": 1040, "y": 550}, "inputs": {"left": false, "right": false, "up": true, "down": false}}
2025-09-25 18:06:20,068 - game_server - INFO - log_game_event:61 - Игровое событие: обновление_позиции - {"client_id": 0, "position": {"x": 1040, "y": 545}, "inputs": {"left": false, "right": false, "up": true, "down": false}}
2025-09-25 18:06:20,101 - game_server - INFO - log_game_event:61 - Игровое событие: обновление_позиции - {"client_id": 0, "position": {"x": 1040, "y": 540}, "inputs": {"left": false, "right": false, "up": true, "down": false}}
2025-09-25 18:06:20,132 - game_server - INFO - log_game_event:61 - Игровое событие: обновление_позиции - {"client_id": 0, "position": {"x": 1040, "y": 535}, "inputs": {"left": false, "right": false, "up": true, "down": false}}
2025-09-25 18:06:20,163 - game_server - INFO - log_game_event:61 - Игровое событие: обновление_позиции - {"client_id": 0, "position": {"x": 1040, "y": 530}, "inputs": {"left": false, "right": false, "up": true, "down": false}}
2025-09-25 18:06:20,197 - game_server - INFO - log_game_event:61 - Игровое событие: обновление_позиции - {"client_id": 0, "position": {"x": 1040, "y": 530}, "inputs": {"left": false, "right": false, "up": false, "down": false}}
2025-09-25 18:06:20,232 - game_server - INFO - log_game_event:61 - Игровое событие: обновление_позиции - {"client_id": 0, "position": {"x": 1040, "y": 530}, "inputs": {"left": false, "right": false, "up": false, "down": false}}
2025-09-25 18:06:20,268 - game_server - INFO - log_game_event:61 - Игровое событие: обновление_позиции - {"client_id": 0, "position": {"x": 1040, "y": 530}, "inputs": {"left": false, "right": false, "up": false, "down": false}}
2025-09-25 18:06:20,305 - game_server - INFO - log_game_event:61 - Игровое событие: обновление_позиции - {"client_id": 0, "position": {"x": 1040, "y": 530}, "inputs": {"left": false, "right": false, "up": false, "down": false}}
2025-09-25 18:06:20,339 - game_server - INFO - log_game_event:61 - Игровое событие: обновление_позиции - {"client_id": 0, "position": {"x": 1040, "y": 530}, "inputs": {"left": false, "right": false, "up": false, "down": false}}
2025-09-25 18:06:20,376 - game_server - INFO - log_game_event:61 - Игровое событие: обновление_позиции - {"client_id": 0, "position": {"x": 1040, "y": 530}, "inputs": {"left": false, "right": false, "up": false, "down": false}}
2025-09-25 18:06:20,409 - game_server - INFO - log_game_event:61 - Игровое событие: обновление_позиции - {"client_id": 0, "position": {"x": 1040, "y": 535}, "inputs": {"left": false, "right": false, "up": false, "down": true}}
2025-09-25 18:06:20,443 - game_server - INFO - log_game_event:61 - Игровое событие: обновление_позиции - {"client_id": 0, "position": {"x": 1040, "y": 540}, "inputs": {"left": false, "right": false, "up": false, "down": true}}
2025-09-25 18:06:20,477 - game_server - INFO - log_game_event:61 - Игровое событие: обновление_позиции - {"client_id": 0, "position": {"x": 1040, "y": 545}, "inputs": {"left": false, "right": false, "up": false, "down": true}}
2025-09-25 18:06:20,513 - game_server - INFO - log_game_event:61 - Игровое событие: обновление_позиции - {"client_id": 0, "position": {"x": 1040, "y": 550}, "inputs": {"left": false, "right": false, "up": false, "down": true}}
2025-09-25 18:06:20,548 - game_server - INFO - log_game_event:61 - Игровое событие: обновление_позиции - {"client_id": 0, "position": {"x": 1040, "y": 555}, "inputs": {"left": false, "right": false, "up": false, "down": true}}
2025-09-25 18:06:20,581 - game_server - INFO - log_game_event:61 - Игровое событие: обновление_позиции - {"client_id": 0, "position": {"x": 1040, "y": 560}, "inputs": {"left": false, "right": false, "up": false, "down": true}}
2025-09-25 18:06:20,618 - game_server - INFO - log_game_event:61 - Игровое событие: обновление_позиции - {"client_id": 0, "position": {"x": 1040, "y": 560}, "inputs": {"left": false, "right": false, "up": false, "down": false}}
2025-09-25 18:06:20,656 - game_server - INFO - log_game_event:61 - Игровое событие: обновление_позиции - {"client_id": 0, "position": {"x": 1040, "y": 560}, "inputs": {"left": false, "right": false, "up": false, "down": false}}
2025-09-25 18:06:20,692 - game_server - INFO - log_game_event:61 - Игровое событие: обновление_позиции - {"client_id": 0, "position": {"x": 1040, "y": 560}, "inputs": {"left": false, "right": false, "up": false, "down": false}}
2025-09-25 18:06:20,728 - game_server - INFO - log_game_event:61 - Игровое событие: обновление_позиции - {"client_id": 0, "position": {"x": 1040, "y": 560}, "inputs": {"left": false, "right": false, "up": false, "down": false}}
2025-09-25 18:06:20,760 - game_server - INFO - log_game_event:61 - Игровое событие: обновление_позиции - {"client_id": 0, "position": {"x": 1040, "y": 560}, "inputs": {"left": false, "right": false, "up": false, "down": false}}
2025-09-25 18:06:20,792 - game_server - INFO - log_game_event:61 - Игровое событие: обновление_позиции - {"client_id": 0, "position": {"x": 1040, "y": 560}, "inputs": {"left": false, "right": false, "up": false, "down": false}}
2025-09-25 18:06:20,826 - game_server - INFO - log_game_event:61 - Игровое событие: обновление_позиции - {"client_id": 0, "position": {"x": 1040, "y": 565}, "inputs": {"left": false, "right": false, "up": false, "down": true}}
2025-09-25 18:06:20,863 - game_server - INFO - log_game_event:61 - Игровое событие: обновление_позиции - {"client_id": 0, "position": {"x": 1040, "y": 570}, "inputs": {"left": false, "right": false, "up": false, "down": true}}
2025-09-25 18:06:20,892 - game_server - INFO - log_game_event:61 - Игровое событие: обновление_позиции - {"client_id": 0, "position": {"x": 1040, "y": 575}, "inputs": {"left": false, "right": false, "up": false, "down": true}}
2025-09-25 18:06:20,926 - game_server - INFO - log_game_event:61 - Игровое событие: обновление_позиции - {"client_id": 0, "position": {"x": 1040, "y": 580}, "inputs": {"left": false, "right": false, "up": false, "down": true}}
2025-09-25 18:06:20,961 - game_server - INFO - log_game_event:61 - Игровое событие: обновление_позиции - {"client_id": 0, "position": {"x": 1040, "y": 585}, "inputs": {"left": false, "right": false, "up": false, "down": true}}
2025-09-25 18:06:20,997 - game_server - INFO - log_game_event:61 - Игровое событие: обновление_позиции - {"client_id": 0, "position": {"x": 1040, "y": 590}, "inputs": {"left": false, "right": false, "up": false, "down": true}}
2025-09-25 18:06:21,026 - game_server - INFO - log_game_event:61 - Игровое событие: обновление_позиции - {"client_id": 0, "position": {"x": 1040, "y": 595}, "inputs": {"left": false, "right": false, "up": false, "down": true}}
2025-09-25 18:06:21,056 - game_server - INFO - log_game_event:61 - Игровое событие: обновление_позиции - {"client_id": 0, "position": {"x": 1040, "y": 600}, "inputs": {"left": false, "right": false, "up": false, "down": true}}
2025-09-25 18:06:21,087 - game_server - INFO - log_game_event:61 - Игровое событие: обновление_позиции - {"client_id": 0, "position": {"x": 1035, "y": 605}, "inputs": {"left": true, "right": false, "up": false, "down": true}}
2025-09-25 18:06:21,116 - game_server - INFO - log_game_event:61 - Игровое событие: обновление_позиции - {"client_id": 0, "position": {"x": 1030, "y": 605}, "inputs": {"left": true, "right": false, "up": false, "down": false}}
2025-09-25 18:06:21,142 - game_server - INFO - log_game_event:61 - Игровое событие: обновление_позиции - {"client_id": 0, "position": {"x": 1025, "y": 605}, "inputs": {"left": true, "right": false, "up": false, "down": false}}
2025-09-25 18:06:21,164 - game_server - INFO - log_game_event:61 - Игровое событие: обновление_позиции - {"client_id": 0, "position": {"x": 1020, "y": 605}, "inputs": {"left": true, "right": false, "up": false, "down": false}}
2025-09-25 18:06:21,189 - game_server - INFO - log_game_event:61 - Игровое событие: обновление_позиции - {"client_id": 0, "position": {"x": 1015, "y": 605}, "inputs": {"left": true, "right": false, "up": false, "down": false}}
2025-09-25 18:06:21,214 - game_server - INFO - log_game_event:61 - Игровое событие: обновление_позиции - {"client_id": 0, "position": {"x": 1010, "y": 605}, "inputs": {"left": true, "right": false, "up": false, "down": false}}
2025-09-25 18:06:21,238 - game_server - INFO - log_game_event:61 - Игровое событие: обновление_позиции - {"client_id": 0, "position": {"x": 1005, "y": 605}, "inputs": {"left": true, "right": false, "up": false, "down": false}}
2025-09-25 18:06:21,269 - game_server - INFO - log_game_event:61 - Игровое событие: обновление_позиции - {"client_id": 0, "position": {"x": 1000, "y": 605}, "inputs": {"left": true, "right": false, "up": false, "down": false}}
2025-09-25 18:06:21,302 - game_server - INFO - log_game_event:61 - Игровое событие: обновление_позиции - {"client_id": 0, "position": {"x": 995, "y": 605}, "inputs": {"left": true, "right": false, "up": false, "down": false}}
2025-09-25 18:06:21,333 - game_server - INFO - log_game_event:61 - Игровое событие: обновление_позиции - {"client_id": 0, "position": {"x": 990, "y": 605}, "inputs": {"left": true, "right": false, "up": false, "down": false}}
2025-09-25 18:06:21,368 - game_server - INFO - log_game_event:61 - Игровое событие: обновление_позиции - {"client_id": 0, "position": {"x": 985, "y": 605}, "inputs": {"left": true, "right": false, "up": false, "down": false}}
2025-09-25 18:06:21,406 - game_server - INFO - log_game_event:61 - Игровое событие: обновление_позиции - {"client_id": 0, "position": {"x": 980, "y": 605}, "inputs": {"left": true, "right": false, "up": false, "down": false}}
2025-09-25 18:06:21,441 - game_server - INFO - log_game_event:61 - Игровое событие: обновление_позиции - {"client_id": 0, "position": {"x": 975, "y": 605}, "inputs": {"left": true, "right": false, "up": false, "down": false}}
2025-09-25 18:06:21,475 - game_server - INFO - log_game_event:61 - Игровое событие: обновление_позиции - {"client_id": 0, "position": {"x": 970, "y": 605}, "inputs": {"left": true, "right": false, "up": false, "down": false}}
2025-09-25 18:06:21,512 - game_server - INFO - log_game_event:61 - Игровое событие: обновление_позиции - {"client_id": 0, "position": {"x": 965, "y": 605}, "inputs": {"left": true, "right": false, "up": false, "down": false}}
2025-09-25 18:06:21,548 - game_server - INFO - log_game_event:61 - Игровое событие: обновление_позиции - {"client_id": 0, "position": {"x": 960, "y": 600}, "inputs": {"left": true, "right": false, "up": true, "down": false}}
2025-09-25 18:06:21,585 - game_server - INFO - log_game_event:61 - Игровое событие: обновление_позиции - {"client_id": 0, "position": {"x": 955, "y": 595}, "inputs": {"left": true, "right": false, "up": true, "down": false}}
2025-09-25 18:06:21,623 - game_server - INFO - log_game_event:61 - Игровое событие: обновление_позиции - {"client_id": 0, "position": {"x": 950, "y": 590}, "inputs": {"left": true, "right": false, "up": true, "down": false}}
2025-09-25 18:06:21,658 - game_server - INFO - log_game_event:61 - Игровое событие: обновление_позиции - {"client_id": 0, "position": {"x": 945, "y": 585}, "inputs": {"left": true, "right": false, "up": true, "down": false}}
2025-09-25 18:06:21,693 - game_server - INFO - log_game_event:61 - Игровое событие: обновление_позиции - {"client_id": 0, "position": {"x": 940, "y": 580}, "inputs": {"left": true, "right": false, "up": true, "down": false}}
2025-09-25 18:06:21,726 - game_server - INFO - log_game_event:61 - Игровое событие: обновление_позиции - {"client_id": 0, "position": {"x": 940, "y": 575}, "inputs": {"left": false, "right": false, "up": true, "down": false}}
2025-09-25 18:06:21,760 - game_server - INFO - log_game_event:61 - Игровое событие: обновление_позиции - {"client_id": 0, "position": {"x": 940, "y": 570}, "inputs": {"left": false, "right": false, "up": true, "down": false}}
2025-09-25 18:06:21,794 - game_server - INFO - log_game_event:61 - Игровое событие: обновление_позиции - {"client_id": 0, "position": {"x": 940, "y": 565}, "inputs": {"left": false, "right": false, "up": true, "down": false}}
2025-09-25 18:06:21,831 - game_server - INFO - log_game_event:61 - Игровое событие: обновление_позиции - {"client_id": 0, "position": {"x": 940, "y": 560}, "inputs": {"left": false, "right": false, "up": true, "down": false}}
2025-09-25 18:06:21,868 - game_server - INFO - log_game_event:61 - Игровое событие: обновление_позиции - {"client_id": 0, "position": {"x": 940, "y": 555}, "inputs": {"left": false, "right": false, "up": true, "down": false}}
2025-09-25 18:06:21,907 - game_server - INFO - log_game_event:61 - Игровое событие: обновление_позиции - {"client_id": 0, "position": {"x": 940, "y": 550}, "inputs": {"left": false, "right": false, "up": true, "down": false}}
2025-09-25 18:06:21,943 - game_server - INFO - log_game_event:61 - Игровое событие: обновление_позиции - {"client_id": 0, "position": {"x": 940, "y": 545}, "inputs": {"left": false, "right": false, "up": true, "down": false}}
2025-09-25 18:06:21,977 - game_server - INFO - log_game_event:61 - Игровое событие: обновление_позиции - {"client_id": 0, "position": {"x": 940, "y": 540}, "inputs": {"left": false, "right": false, "up": true, "down": false}}
2025-09-25 18:06:22,015 - game_server - INFO - log_game_event:61 - Игровое событие: обновление_позиции - {"client_id": 0, "position": {"x": 940, "y": 535}, "inputs": {"left": false, "right": false, "up": true, "down": false}}
2025-09-25 18:06:22,050 - game_server - INFO - log_game_event:61 - Игровое событие: обновление_позиции - {"client_id": 0, "position": {"x": 940, "y": 530}, "inputs": {"left": false, "right": false, "up": true, "down": false}}
2025-09-25 18:06:22,086 - game_server - INFO - log_game_event:61 - Игровое событие: обновление_позиции - {"client_id": 0, "position": {"x": 940, "y": 525}, "inputs": {"left": false, "right": false, "up": true, "down": false}}
2025-09-25 18:06:22,123 - game_server - INFO - log_game_event:61 - Игровое событие: обновление_позиции - {"client_id": 0, "position": {"x": 940, "y": 520}, "inputs": {"left": false, "right": false, "up": true, "down": false}}
2025-09-25 18:06:22,158 - game_server - INFO - log_game_event:61 - Игровое событие: обновление_позиции - {"client_id": 0, "position": {"x": 940, "y": 515}, "inputs": {"left": false, "right": false, "up": true, "down": false}}
2025-09-25 18:06:22,192 - game_server - INFO - log_game_event:61 - Игровое событие: обновление_позиции - {"client_id": 0, "position": {"x": 940, "y": 510}, "inputs": {"left": false, "right": false, "up": true, "down": false}}
2025-09-25 18:06:22,226 - game_server - INFO - log_game_event:61 - Игровое событие: обновление_позиции - {"client_id": 0, "position": {"x": 940, "y": 505}, "inputs": {"left": false, "right": false, "up": true, "down": false}}
2025-09-25 18:06:22,260 - game_server - INFO - log_game_event:61 - Игровое событие: обновление_позиции - {"client_id": 0, "position": {"x": 940, "y": 500}, "inputs": {"left": false, "right": false, "up": true, "down": false}}
2025-09-25 18:06:22,296 - game_server - INFO - log_game_event:61 - Игровое событие: обновление_позиции - {"client_id": 0, "position": {"x": 940, "y": 495}, "inputs": {"left": false, "right": false, "up": true, "down": false}}
2025-09-25 18:06:22,332 - game_server - INFO - log_game_event:61 - Игровое событие: обновление_позиции - {"client_id": 0, "position": {"x": 940, "y": 490}, "inputs": {"left": false, "right": false, "up": true, "down": false}}
2025-09-25 18:06:22,372 - game_server - INFO - log_game_event:61 - Игровое событие: обновление_позиции - {"client_id": 0, "position": {"x": 940, "y": 485}, "inputs": {"left": false, "right": false, "up": true, "down": false}}
2025-09-25 18:06:22,408 - game_server - INFO - log_game_event:61 - Игровое событие: обновление_позиции - {"client_id": 0, "position": {"x": 940, "y": 480}, "inputs": {"left": false, "right": false, "up": true, "down": false}}
2025-09-25 18:06:22,443 - game_server - INFO - log_game_event:61 - Игровое событие: обновление_позиции - {"client_id": 0, "position": {"x": 940, "y": 475}, "inputs": {"left": false, "right": false, "up": true, "down": false}}
2025-09-25 18:06:22,478 - game_server - INFO - log_game_event:61 - Игровое событие: обновление_позиции - {"client_id": 0, "position": {"x": 940, "y": 470}, "inputs": {"left": false, "right": false, "up": true, "down": false}}
2025-09-25 18:06:22,513 - game_server - INFO - log_game_event:61 - Игровое событие: обновление_позиции - {"client_id": 0, "position": {"x": 940, "y": 465}, "inputs": {"left": false, "right": false, "up": true, "down": false}}
2025-09-25 18:06:22,547 - game_server - INFO - log_game_event:61 - Игровое событие: обновление_позиции - {"client_id": 0, "position": {"x": 940, "y": 460}, "inputs": {"left": false, "right": false, "up": true, "down": false}}
2025-09-25 18:06:22,583 - game_server - INFO - log_game_event:61 - Игровое событие: обновление_позиции - {"client_id": 0, "position": {"x": 940, "y": 455}, "inputs": {"left": false, "right": false, "up": true, "down": false}}
2025-09-25 18:06:22,621 - game_server - INFO - log_game_event:61 - Игровое событие: обновление_позиции - {"client_id": 0, "position": {"x": 940, "y": 450}, "inputs": {"left": false, "right": false, "up": true, "down": false}}
2025-09-25 18:06:22,657 - game_server - INFO - log_game_event:61 - Игровое событие: обновление_позиции - {"client_id": 0, "position": {"x": 940, "y": 445}, "inputs": {"left": false, "right": false, "up": true, "down": false}}
2025-09-25 18:06:22,691 - game_server - INFO - log_game_event:61 - Игровое событие: обновление_позиции - {"client_id": 0, "position": {"x": 940, "y": 440}, "inputs": {"left": false, "right": false, "up": true, "down": false}}
2025-09-25 18:06:22,727 - game_server - INFO - log_game_event:61 - Игровое событие: обновление_позиции - {"client_id": 0, "position": {"x": 940, "y": 435}, "inputs": {"left": false, "right": false, "up": true, "down": false}}
2025-09-25 18:06:22,763 - game_server - INFO - log_game_event:61 - Игровое событие: обновление_позиции - {"client_id": 0, "position": {"x": 940, "y": 430}, "inputs": {"left": false, "right": false, "up": true, "down": false}}
2025-09-25 18:06:22,801 - game_server - INFO - log_game_event:61 - Игровое событие: обновление_позиции - {"client_id": 0, "position": {"x": 940, "y": 425}, "inputs": {"left": false, "right": false, "up": true, "down": false}}
2025-09-25 18:06:22,838 - game_server - INFO - log_game_event:61 - Игровое событие: обновление_позиции - {"client_id": 0, "position": {"x": 940, "y": 420}, "inputs": {"left": false, "right": false, "up": true, "down": false}}
2025-09-25 18:06:22,875 - game_server - INFO - log_game_event:61 - Игровое событие: обновление_позиции - {"client_id": 0, "position": {"x": 940, "y": 415}, "inputs": {"left": false, "right": false, "up": true, "down": false}}
2025-09-25 18:06:22,909 - game_server - INFO - log_game_event:61 - Игровое событие: обновление_позиции - {"client_id": 0, "position": {"x": 940, "y": 410}, "inputs": {"left": false, "right": false, "up": true, "down": false}}
2025-09-25 18:06:22,944 - game_server - INFO - log_game_event:61 - Игровое событие: обновление_позиции - {"client_id": 0, "position": {"x": 935, "y": 405}, "inputs": {"left": true, "right": false, "up": true, "down": false}}
2025-09-25 18:06:22,980 - game_server - INFO - log_game_event:61 - Игровое событие: обновление_позиции - {"client_id": 0, "position": {"x": 930, "y": 400}, "inputs": {"left": true, "right": false, "up": true, "down": false}}
2025-09-25 18:06:23,016 - game_server - INFO - log_game_event:61 - Игровое событие: обновление_позиции - {"client_id": 0, "position": {"x": 925, "y": 395}, "inputs": {"left": true, "right": false, "up": true, "down": false}}
2025-09-25 18:06:23,053 - game_server - INFO - log_game_event:61 - Игровое событие: обновление_позиции - {"client_id": 0, "position": {"x": 925, "y": 390}, "inputs": {"left": false, "right": false, "up": true, "down": false}}
2025-09-25 18:06:23,090 - game_server - INFO - log_game_event:61 - Игровое событие: обновление_позиции - {"client_id": 0, "position": {"x": 925, "y": 385}, "inputs": {"left": false, "right": false, "up": true, "down": false}}
2025-09-25 18:06:23,126 - game_server - INFO - log_game_event:61 - Игровое событие: обновление_позиции - {"client_id": 0, "position": {"x": 925, "y": 380}, "inputs": {"left": false, "right": false, "up": true, "down": false}}
2025-09-25 18:06:23,162 - game_server - INFO - log_game_event:61 - Игровое событие: обновление_позиции - {"client_id": 0, "position": {"x": 925, "y": 375}, "inputs": {"left": false, "right": false, "up": true, "down": false}}
2025-09-25 18:06:23,198 - game_server - INFO - log_game_event:61 - Игровое событие: обновление_позиции - {"client_id": 0, "position": {"x": 925, "y": 370}, "inputs": {"left": false, "right": false, "up": true, "down": false}}
2025-09-25 18:06:23,237 - game_server - INFO - log_game_event:61 - Игровое событие: обновление_позиции - {"client_id": 0, "position": {"x": 925, "y": 370}, "inputs": {"left": false, "right": false, "up": false, "down": false}}
2025-09-25 18:06:23,274 - game_server - INFO - log_game_event:61 - Игровое событие: обновление_позиции - {"client_id": 0, "position": {"x": 925, "y": 370}, "inputs": {"left": false, "right": false, "up": false, "down": false}}
2025-09-25 18:06:23,310 - game_server - INFO - log_game_event:61 - Игровое событие: обновление_позиции - {"client_id": 0, "position": {"x": 925, "y": 370}, "inputs": {"left": false, "right": false, "up": false, "down": false}}
2025-09-25 18:06:23,345 - game_server - INFO - log_game_event:61 - Игровое событие: обновление_позиции - {"client_id": 0, "position": {"x": 925, "y": 370}, "inputs": {"left": false, "right": false, "up": false, "down": false}}
2025-09-25 18:06:23,380 - game_server - INFO - log_game_event:61 - Игровое событие: обновление_позиции - {"client_id": 0, "position": {"x": 925, "y": 370}, "inputs": {"left": false, "right": false, "up": false, "down": false}}
2025-09-25 18:06:23,415 - game_server - INFO - log_game_event:61 - Игровое событие: обновление_позиции - {"client_id": 0, "position": {"x": 925, "y": 370}, "inputs": {"left": false, "right": false, "up": false, "down": false}}
2025-09-25 18:06:23,449 - game_server - INFO - log_game_event:61 - Игровое событие: обновление_позиции - {"client_id": 0, "position": {"x": 925, "y": 370}, "inputs": {"left": false, "right": false, "up": false, "down": false}}
2025-09-25 18:06:23,485 - game_server - INFO - log_game_event:61 - Игровое событие: обновление_позиции - {"client_id": 0, "position": {"x": 925, "y": 370}, "inputs": {"left": false, "right": false, "up": false, "down": false}}
2025-09-25 18:06:23,521 - game_server - INFO - log_game_event:61 - Игровое событие: обновление_позиции - {"client_id": 0, "position": {"x": 925, "y": 370}, "inputs": {"left": false, "right": false, "up": false, "down": false}}
2025-09-25 18:06:23,557 - game_server - INFO - log_game_event:61 - Игровое событие: обновление_позиции - {"client_id": 0, "position": {"x": 925, "y": 370}, "inputs": {"left": false, "right": false, "up": false, "down": false}}
2025-09-25 18:06:23,590 - game_server - INFO - log_game_event:61 - Игровое событие: обновление_позиции - {"client_id": 0, "position": {"x": 925, "y": 370}, "inputs": {"left": false, "right": false, "up": false, "down": false}}
2025-09-25 18:06:23,614 - game_server - INFO - log_game_event:61 - Игровое событие: обновление_позиции - {"client_id": 0, "position": {"x": 925, "y": 370}, "inputs": {"left": false, "right": false, "up": false, "down": false}}
2025-09-25 18:06:23,641 - game_server - INFO - log_game_event:61 - Игровое событие: обновление_позиции - {"client_id": 0, "position": {"x": 925, "y": 370}, "inputs": {"left": false, "right": false, "up": false, "down": false}}
2025-09-25 18:06:23,664 - game_server - INFO - log_game_event:61 - Игровое событие: обновление_позиции - {"client_id": 0, "position": {"x": 925, "y": 370}, "inputs": {"left": false, "right": false, "up": false, "down": false}}
2025-09-25 18:06:23,690 - game_server - INFO - log_game_event:61 - Игровое событие: обновление_позиции - {"client_id": 0, "position": {"x": 925, "y": 370}, "inputs": {"left": false, "right": false, "up": false, "down": false}}
2025-09-25 18:06:23,720 - game_server - INFO - log_game_event:61 - Игровое событие: обновление_позиции - {"client_id": 0, "position": {"x": 925, "y": 370}, "inputs": {"left": false, "right": false, "up": false, "down": false}}
2025-09-25 18:06:23,748 - game_server - INFO - log_game_event:61 - Игровое событие: обновление_позиции - {"client_id": 0, "position": {"x": 925, "y": 370}, "inputs": {"left": false, "right": false, "up": false, "down": false}}
2025-09-25 18:06:23,776 - game_server - INFO - log_game_event:61 - Игровое событие: обновление_позиции - {"client_id": 0, "position": {"x": 925, "y": 370}, "inputs": {"left": false, "right": false, "up": false, "down": false}}
2025-09-25 18:06:23,800 - game_server - INFO - log_game_event:61 - Игровое событие: обновление_позиции - {"client_id": 0, "position": {"x": 925, "y": 370}, "inputs": {"left": false, "right": false, "up": false, "down": false}}
2025-09-25 18:06:23,827 - game_server - INFO - log_game_event:61 - Игровое событие: обновление_позиции - {"client_id": 0, "position": {"x": 925, "y": 370}, "inputs": {"left": false, "right": false, "up": false, "down": false}}
2025-09-25 18:06:23,854 - game_server - INFO - log_game_event:61 - Игровое событие: обновление_позиции - {"client_id": 0, "position": {"x": 925, "y": 370}, "inputs": {"left": false, "right": false, "up": false, "down": false}}
2025-09-25 18:06:23,877 - game_server - INFO - log_game_event:61 - Игровое событие: обновление_позиции - {"client_id": 0, "position": {"x": 925, "y": 370}, "inputs": {"left": false, "right": false, "up": false, "down": false}}
2025-09-25 18:06:23,916 - game_server - INFO - log_game_event:61 - Игровое событие: обновление_позиции - {"client_id": 0, "position": {"x": 925, "y": 370}, "inputs": {"left": false, "right": false, "up": false, "down": false}}
2025-09-25 18:06:23,945 - game_server - INFO - log_game_event:61 - Игровое событие: обновление_позиции - {"client_id": 0, "position": {"x": 925, "y": 370}, "inputs": {"left": false, "right": false, "up": false, "down": false}}
2025-09-25 18:06:23,968 - game_server - INFO - log_game_event:61 - Игровое событие: обновление_позиции - {"client_id": 0, "position": {"x": 925, "y": 370}, "inputs": {"left": false, "right": false, "up": false, "down": false}}
2025-09-25 18:06:23,992 - game_server - INFO - log_game_event:61 - Игровое событие: обновление_позиции - {"client_id": 0, "position": {"x": 925, "y": 370}, "inputs": {"left": false, "right": false, "up": false, "down": false}}
2025-09-25 18:06:24,014 - game_server - INFO - log_game_event:61 - Игровое событие: обновление_позиции - {"client_id": 0, "position": {"x": 925, "y": 370}, "inputs": {"left": false, "right": false, "up": false, "down": false}}
2025-09-25 18:06:24,038 - game_server - INFO - log_game_event:61 - Игровое событие: обновление_позиции - {"client_id": 0, "position": {"x": 925, "y": 370}, "inputs": {"left": false, "right": false, "up": false, "down": false}}
2025-09-25 18:06:24,060 - game_server - INFO - log_game_event:61 - Игровое событие: обновление_позиции - {"client_id": 0, "position": {"x": 925, "y": 370}, "inputs": {"left": false, "right": false, "up": false, "down": false}}
2025-09-25 18:06:24,084 - game_server - INFO - log_game_event:61 - Игровое событие: обновление_позиции - {"client_id": 0, "position": {"x": 925, "y": 370}, "inputs": {"left": false, "right": false, "up": false, "down": false}}
2025-09-25 18:06:24,110 - game_server - INFO - log_game_event:61 - Игровое событие: обновление_позиции - {"client_id": 0, "position": {"x": 925, "y": 370}, "inputs": {"left": false, "right": false, "up": false, "down": false}}
2025-09-25 18:06:24,139 - game_server - INFO - log_game_event:61 - Игровое событие: обновление_позиции - {"client_id": 0, "position": {"x": 925, "y": 370}, "inputs": {"left": false, "right": false, "up": false, "down": false}}
2025-09-25 18:06:24,170 - game_server - INFO - log_game_event:61 - Игровое событие: обновление_позиции - {"client_id": 0, "position": {"x": 925, "y": 370}, "inputs": {"left": false, "right": false, "up": false, "down": false}}
2025-09-25 18:06:24,199 - game_server - INFO - log_game_event:61 - Игровое событие: обновление_позиции - {"client_id": 0, "position": {"x": 925, "y": 370}, "inputs": {"left": false, "right": false, "up": false, "down": false}}
2025-09-25 18:06:24,227 - game_server - INFO - log_game_event:61 - Игровое событие: обновление_позиции - {"client_id": 0, "position": {"x": 925, "y": 370}, "inputs": {"left": false, "right": false, "up": false, "down": false}}
2025-09-25 18:06:24,260 - game_server - INFO - log_game_event:61 - Игровое событие: обновление_позиции - {"client_id": 0, "position": {"x": 925, "y": 370}, "inputs": {"left": false, "right": false, "up": false, "down": false}}
2025-09-25 18:06:24,293 - game_server - INFO - log_game_event:61 - Игровое событие: обновление_позиции - {"client_id": 0, "position": {"x": 925, "y": 370}, "inputs": {"left": false, "right": false, "up": false, "down": false}}
2025-09-25 18:06:24,327 - game_server - INFO - log_game_event:61 - Игровое событие: обновление_позиции - {"client_id": 0, "position": {"x": 925, "y": 370}, "inputs": {"left": false, "right": false, "up": false, "down": false}}
2025-09-25 18:06:24,361 - game_server - INFO - log_game_event:61 - Игровое событие: обновление_позиции - {"client_id": 0, "position": {"x": 925, "y": 370}, "inputs": {"left": false, "right": false, "up": false, "down": false}}
2025-09-25 18:06:24,386 - game_server - INFO - log_game_event:61 - Игровое событие: обновление_позиции - {"client_id": 0, "position": {"x": 925, "y": 370}, "inputs": {"left": false, "right": false, "up": false, "down": false}}
2025-09-25 18:06:24,414 - game_server - INFO - log_game_event:61 - Игровое событие: обновление_позиции - {"client_id": 0, "position": {"x": 925, "y": 370}, "inputs": {"left": false, "right": false, "up": false, "down": false}}
2025-09-25 18:06:24,447 - game_server - INFO - log_game_event:61 - Игровое событие: обновление_позиции - {"client_id": 0, "position": {"x": 925, "y": 370}, "inputs": {"left": false, "right": false, "up": false, "down": false}}
2025-09-25 18:06:24,477 - game_server - INFO - log_game_event:61 - Игровое событие: обновление_позиции - {"client_id": 0, "position": {"x": 925, "y": 370}, "inputs": {"left": false, "right": false, "up": false, "down": false}}
2025-09-25 18:06:24,502 - game_server - INFO - log_game_event:61 - Игровое событие: обновление_позиции - {"client_id": 0, "position": {"x": 925, "y": 370}, "inputs": {"left": false, "right": false, "up": false, "down": false}}
2025-09-25 18:06:24,527 - game_server - INFO - log_game_event:61 - Игровое событие: обновление_позиции - {"client_id": 0, "position": {"x": 925, "y": 370}, "inputs": {"left": false, "right": false, "up": false, "down": false}}
2025-09-25 18:06:24,551 - game_server - INFO - log_game_event:61 - Игровое событие: обновление_позиции - {"client_id": 0, "position": {"x": 925, "y": 370}, "inputs": {"left": false, "right": false, "up": false, "down": false}}
2025-09-25 18:06:24,577 - game_server - INFO - log_game_event:61 - Игровое событие: обновление_позиции - {"client_id": 0, "position": {"x": 925, "y": 370}, "inputs": {"left": false, "right": false, "up": false, "down": false}}
2025-09-25 18:06:24,600 - game_server - INFO - log_game_event:61 - Игровое событие: обновление_позиции - {"client_id": 0, "position": {"x": 925, "y": 370}, "inputs": {"left": false, "right": false, "up": false, "down": false}}
2025-09-25 18:06:24,633 - game_server - INFO - log_game_event:61 - Игровое событие: обновление_позиции - {"client_id": 0, "position": {"x": 925, "y": 370}, "inputs": {"left": false, "right": false, "up": false, "down": false}}
2025-09-25 18:06:24,662 - game_server - INFO - log_game_event:61 - Игровое событие: обновление_позиции - {"client_id": 0, "position": {"x": 925, "y": 370}, "inputs": {"left": false, "right": false, "up": false, "down": false}}
2025-09-25 18:06:24,692 - game_server - INFO - log_game_event:61 - Игровое событие: обновление_позиции - {"client_id": 0, "position": {"x": 925, "y": 370}, "inputs": {"left": false, "right": false, "up": false, "down": false}}
2025-09-25 18:06:24,717 - game_server - INFO - log_game_event:61 - Игровое событие: обновление_позиции - {"client_id": 0, "position": {"x": 925, "y": 370}, "inputs": {"left": false, "right": false, "up": false, "down": false}}
2025-09-25 18:06:24,743 - game_server - INFO - log_game_event:61 - Игровое событие: обновление_позиции - {"client_id": 0, "position": {"x": 925, "y": 370}, "inputs": {"left": false, "right": false, "up": false, "down": false}}
2025-09-25 18:06:24,766 - game_server - INFO - log_game_event:61 - Игровое событие: обновление_позиции - {"client_id": 0, "position": {"x": 925, "y": 370}, "inputs": {"left": false, "right": false, "up": false, "down": false}}
2025-09-25 18:06:24,802 - game_server - INFO - log_game_event:61 - Игровое событие: обновление_позиции - {"client_id": 0, "position": {"x": 925, "y": 370}, "inputs": {"left": false, "right": false, "up": false, "down": false}}
2025-09-25 18:06:24,829 - game_server - INFO - log_game_event:61 - Игровое событие: обновление_позиции - {"client_id": 0, "position": {"x": 925, "y": 370}, "inputs": {"left": false, "right": false, "up": false, "down": false}}
2025-09-25 18:06:24,854 - game_server - INFO - log_game_event:61 - Игровое событие: обновление_позиции - {"client_id": 0, "position": {"x": 925, "y": 370}, "inputs": {"left": false, "right": false, "up": false, "down": false}}
2025-09-25 18:06:24,877 - game_server - INFO - log_game_event:61 - Игровое событие: обновление_позиции - {"client_id": 0, "position": {"x": 925, "y": 370}, "inputs": {"left": false, "right": false, "up": false, "down": false}}
2025-09-25 18:06:24,904 - game_server - INFO - log_game_event:61 - Игровое событие: обновление_позиции - {"client_id": 0, "position": {"x": 925, "y": 370}, "inputs": {"left": false, "right": false, "up": false, "down": false}}
2025-09-25 18:06:24,936 - game_server - INFO - log_game_event:61 - Игровое событие: обновление_позиции - {"client_id": 0, "position": {"x": 925, "y": 370}, "inputs": {"left": false, "right": false, "up": false, "down": false}}
2025-09-25 18:06:24,964 - game_server - INFO - log_game_event:61 - Игровое событие: обновление_позиции - {"client_id": 0, "position": {"x": 925, "y": 370}, "inputs": {"left": false, "right": false, "up": false, "down": false}}
2025-09-25 18:06:24,997 - game_server - INFO - log_game_event:61 - Игровое событие: обновление_позиции - {"client_id": 0, "position": {"x": 925, "y": 370}, "inputs": {"left": false, "right": false, "up": false, "down": false}}
2025-09-25 18:06:25,034 - game_server - INFO - log_game_event:61 - Игровое событие: обновление_позиции - {"client_id": 0, "position": {"x": 925, "y": 370}, "inputs": {"left": false, "right": false, "up": false, "down": false}}
2025-09-25 18:06:25,066 - game_server - INFO - log_game_event:61 - Игровое событие: обновление_позиции - {"client_id": 0, "position": {"x": 925, "y": 370}, "inputs": {"left": false, "right": false, "up": false, "down": false}}
2025-09-25 18:06:25,093 - game_server - INFO - log_game_event:61 - Игровое событие: обновление_позиции - {"client_id": 0, "position": {"x": 925, "y": 370}, "inputs": {"left": false, "right": false, "up": false, "down": false}}
2025-09-25 18:06:25,126 - game_server - INFO - log_game_event:61 - Игровое событие: обновление_позиции - {"client_id": 0, "position": {"x": 925, "y": 370}, "inputs": {"left": false, "right": false, "up": false, "down": false}}
2025-09-25 18:06:25,152 - game_server - INFO - log_game_event:61 - Игровое событие: обновление_позиции - {"client_id": 0, "position": {"x": 925, "y": 370}, "inputs": {"left": false, "right": false, "up": false, "down": false}}
2025-09-25 18:06:25,182 - game_server - INFO - log_game_event:61 - Игровое событие: обновление_позиции - {"client_id": 0, "position": {"x": 925, "y": 370}, "inputs": {"left": false, "right": false, "up": false, "down": false}}
2025-09-25 18:06:25,207 - game_server - INFO - log_game_event:61 - Игровое событие: обновление_позиции - {"client_id": 0, "position": {"x": 925, "y": 370}, "inputs": {"left": false, "right": false, "up": false, "down": false}}
2025-09-25 18:06:25,231 - game_server - INFO - log_game_event:61 - Игровое событие: обновление_позиции - {"client_id": 0, "position": {"x": 925, "y": 370}, "inputs": {"left": false, "right": false, "up": false, "down": false}}
2025-09-25 18:06:25,264 - game_server - INFO - log_game_event:61 - Игровое событие: обновление_позиции - {"client_id": 0, "position": {"x": 925, "y": 370}, "inputs": {"left": false, "right": false, "up": false, "down": false}}
2025-09-25 18:06:25,292 - game_server - INFO - log_game_event:61 - Игровое событие: обновление_позиции - {"client_id": 0, "position": {"x": 925, "y": 370}, "inputs": {"left": false, "right": false, "up": false, "down": false}}
2025-09-25 18:06:25,324 - game_server - INFO - log_game_event:61 - Игровое событие: обновление_позиции - {"client_id": 0, "position": {"x": 925, "y": 370}, "inputs": {"left": false, "right": false, "up": false, "down": false}}
2025-09-25 18:06:25,352 - game_server - INFO - log_game_event:61 - Игровое событие: обновление_позиции - {"client_id": 0, "position": {"x": 925, "y": 370}, "inputs": {"left": false, "right": false, "up": false, "down": false}}
2025-09-25 18:06:25,384 - game_server - INFO - log_game_event:61 - Игровое событие: обновление_позиции - {"client_id": 0, "position": {"x": 925, "y": 370}, "inputs": {"left": false, "right": false, "up": false, "down": false}}
2025-09-25 18:06:25,408 - game_server - INFO - log_game_event:61 - Игровое событие: обновление_позиции - {"client_id": 0, "position": {"x": 925, "y": 370}, "inputs": {"left": false, "right": false, "up": false, "down": false}}
2025-09-25 18:06:25,431 - game_server - INFO - log_game_event:61 - Игровое событие: обновление_позиции - {"client_id": 0, "position": {"x": 925, "y": 370}, "inputs": {"left": false, "right": false, "up": false, "down": false}}
2025-09-25 18:06:25,463 - game_server - INFO - log_game_event:61 - Игровое событие: обновление_позиции - {"client_id": 0, "position": {"x": 925, "y": 370}, "inputs": {"left": false, "right": false, "up": false, "down": false}}
2025-09-25 18:06:25,490 - game_server - INFO - log_game_event:61 - Игровое событие: обновление_позиции - {"client_id": 0, "position": {"x": 925, "y": 370}, "inputs": {"left": false, "right": false, "up": false, "down": false}}
2025-09-25 18:06:25,520 - game_server - INFO - log_game_event:61 - Игровое событие: обновление_позиции - {"client_id": 0, "position": {"x": 925, "y": 370}, "inputs": {"left": false, "right": false, "up": false, "down": false}}
2025-09-25 18:06:25,545 - game_server - INFO - log_game_event:61 - Игровое событие: обновление_позиции - {"client_id": 0, "position": {"x": 925, "y": 370}, "inputs": {"left": false, "right": false, "up": false, "down": false}}
2025-09-25 18:06:25,572 - game_server - INFO - log_game_event:61 - Игровое событие: обновление_позиции - {"client_id": 0, "position": {"x": 925, "y": 370}, "inputs": {"left": false, "right": false, "up": false, "down": false}}
2025-09-25 18:06:25,603 - game_server - INFO - log_game_event:61 - Игровое событие: обновление_позиции - {"client_id": 0, "position": {"x": 925, "y": 370}, "inputs": {"left": false, "right": false, "up": false, "down": false}}
2025-09-25 18:06:25,629 - game_server - INFO - log_game_event:61 - Игровое событие: обновление_позиции - {"client_id": 0, "position": {"x": 925, "y": 370}, "inputs": {"left": false, "right": false, "up": false, "down": false}}
2025-09-25 18:06:25,666 - game_server - INFO - log_game_event:61 - Игровое событие: обновление_позиции - {"client_id": 0, "position": {"x": 925, "y": 370}, "inputs": {"left": false, "right": false, "up": false, "down": false}}
2025-09-25 18:06:25,701 - game_server - INFO - log_game_event:61 - Игровое событие: обновление_позиции - {"client_id": 0, "position": {"x": 925, "y": 370}, "inputs": {"left": false, "right": false, "up": false, "down": false}}
2025-09-25 18:06:25,736 - game_server - INFO - log_game_event:61 - Игровое событие: обновление_позиции - {"client_id": 0, "position": {"x": 925, "y": 370}, "inputs": {"left": false, "right": false, "up": false, "down": false}}
2025-09-25 18:06:25,771 - game_server - INFO - log_game_event:61 - Игровое событие: обновление_позиции - {"client_id": 0, "position": {"x": 925, "y": 370}, "inputs": {"left": false, "right": false, "up": false, "down": false}}
2025-09-25 18:06:25,808 - game_server - INFO - log_game_event:61 - Игровое событие: обновление_позиции - {"client_id": 0, "position": {"x": 925, "y": 370}, "inputs": {"left": false, "right": false, "up": false, "down": false}}
2025-09-25 18:06:25,837 - game_server - INFO - log_game_event:61 - Игровое событие: обновление_позиции - {"client_id": 0, "position": {"x": 925, "y": 370}, "inputs": {"left": false, "right": false, "up": false, "down": false}}
2025-09-25 18:06:25,872 - game_server - INFO - log_game_event:61 - Игровое событие: обновление_позиции - {"client_id": 0, "position": {"x": 925, "y": 370}, "inputs": {"left": false, "right": false, "up": false, "down": false}}
2025-09-25 18:06:25,908 - game_server - INFO - log_game_event:61 - Игровое событие: обновление_позиции - {"client_id": 0, "position": {"x": 925, "y": 370}, "inputs": {"left": false, "right": false, "up": false, "down": false}}
2025-09-25 18:06:25,939 - game_server - INFO - log_game_event:61 - Игровое событие: обновление_позиции - {"client_id": 0, "position": {"x": 925, "y": 370}, "inputs": {"left": false, "right": false, "up": false, "down": false}}
2025-09-25 18:06:25,972 - game_server - INFO - log_game_event:61 - Игровое событие: обновление_позиции - {"client_id": 0, "position": {"x": 925, "y": 370}, "inputs": {"left": false, "right": false, "up": false, "down": false}}
2025-09-25 18:06:26,008 - game_server - INFO - log_game_event:61 - Игровое событие: обновление_позиции - {"client_id": 0, "position": {"x": 925, "y": 370}, "inputs": {"left": false, "right": false, "up": false, "down": false}}
2025-09-25 18:06:26,042 - game_server - INFO - log_game_event:61 - Игровое событие: обновление_позиции - {"client_id": 0, "position": {"x": 925, "y": 370}, "inputs": {"left": false, "right": false, "up": false, "down": false}}
2025-09-25 18:06:26,075 - game_server - INFO - log_game_event:61 - Игровое событие: обновление_позиции - {"client_id": 0, "position": {"x": 925, "y": 370}, "inputs": {"left": false, "right": false, "up": false, "down": false}}
2025-09-25 18:06:26,110 - game_server - INFO - log_game_event:61 - Игровое событие: обновление_позиции - {"client_id": 0, "position": {"x": 925, "y": 370}, "inputs": {"left": false, "right": false, "up": false, "down": false}}
2025-09-25 18:06:26,145 - game_server - INFO - log_game_event:61 - Игровое событие: обновление_позиции - {"client_id": 0, "position": {"x": 925, "y": 370}, "inputs": {"left": false, "right": false, "up": false, "down": false}}
2025-09-25 18:06:26,182 - game_server - INFO - log_game_event:61 - Игровое событие: обновление_позиции - {"client_id": 0, "position": {"x": 925, "y": 370}, "inputs": {"left": false, "right": false, "up": false, "down": false}}
2025-09-25 18:06:26,216 - game_server - INFO - log_game_event:61 - Игровое событие: обновление_позиции - {"client_id": 0, "position": {"x": 925, "y": 370}, "inputs": {"left": false, "right": false, "up": false, "down": false}}
2025-09-25 18:06:26,251 - game_server - INFO - log_game_event:61 - Игровое событие: обновление_позиции - {"client_id": 0, "position": {"x": 925, "y": 370}, "inputs": {"left": false, "right": false, "up": false, "down": false}}
2025-09-25 18:06:26,285 - game_server - INFO - log_game_event:61 - Игровое событие: обновление_позиции - {"client_id": 0, "position": {"x": 925, "y": 370}, "inputs": {"left": false, "right": false, "up": false, "down": false}}
2025-09-25 18:06:26,319 - game_server - INFO - log_game_event:61 - Игровое событие: обновление_позиции - {"client_id": 0, "position": {"x": 925, "y": 370}, "inputs": {"left": false, "right": false, "up": false, "down": false}}
2025-09-25 18:06:26,354 - game_server - INFO - log_game_event:61 - Игровое событие: обновление_позиции - {"client_id": 0, "position": {"x": 925, "y": 370}, "inputs": {"left": false, "right": false, "up": false, "down": false}}
2025-09-25 18:06:26,386 - game_server - INFO - log_game_event:61 - Игровое событие: обновление_позиции - {"client_id": 0, "position": {"x": 925, "y": 370}, "inputs": {"left": false, "right": false, "up": false, "down": false}}
2025-09-25 18:06:26,419 - game_server - INFO - log_game_event:61 - Игровое событие: обновление_позиции - {"client_id": 0, "position": {"x": 925, "y": 370}, "inputs": {"left": false, "right": false, "up": false, "down": false}}
2025-09-25 18:06:26,448 - game_server - INFO - log_game_event:61 - Игровое событие: обновление_позиции - {"client_id": 0, "position": {"x": 925, "y": 370}, "inputs": {"left": false, "right": false, "up": false, "down": false}}
2025-09-25 18:06:26,481 - game_server - INFO - log_game_event:61 - Игровое событие: обновление_позиции - {"client_id": 0, "position": {"x": 925, "y": 370}, "inputs": {"left": false, "right": false, "up": false, "down": false}}
2025-09-25 18:06:26,514 - game_server - INFO - log_game_event:61 - Игровое событие: обновление_позиции - {"client_id": 0, "position": {"x": 925, "y": 370}, "inputs": {"left": false, "right": false, "up": false, "down": false}}
2025-09-25 18:06:26,548 - game_server - INFO - log_game_event:61 - Игровое событие: обновление_позиции - {"client_id": 0, "position": {"x": 925, "y": 370}, "inputs": {"left": false, "right": false, "up": false, "down": false}}
2025-09-25 18:06:26,580 - game_server - INFO - log_game_event:61 - Игровое событие: обновление_позиции - {"client_id": 0, "position": {"x": 925, "y": 370}, "inputs": {"left": false, "right": false, "up": false, "down": false}}
2025-09-25 18:06:26,614 - game_server - INFO - log_game_event:61 - Игровое событие: обновление_позиции - {"client_id": 0, "position": {"x": 925, "y": 370}, "inputs": {"left": false, "right": false, "up": false, "down": false}}
2025-09-25 18:06:26,650 - game_server - INFO - log_game_event:61 - Игровое событие: обновление_позиции - {"client_id": 0, "position": {"x": 925, "y": 370}, "inputs": {"left": false, "right": false, "up": false, "down": false}}
2025-09-25 18:06:26,679 - game_server - INFO - log_game_event:61 - Игровое событие: обновление_позиции - {"client_id": 0, "position": {"x": 925, "y": 370}, "inputs": {"left": false, "right": false, "up": false, "down": false}}
2025-09-25 18:06:26,715 - game_server - INFO - log_game_event:61 - Игровое событие: обновление_позиции - {"client_id": 0, "position": {"x": 925, "y": 370}, "inputs": {"left": false, "right": false, "up": false, "down": false}}
2025-09-25 18:06:26,751 - game_server - INFO - log_game_event:61 - Игровое событие: обновление_позиции - {"client_id": 0, "position": {"x": 925, "y": 370}, "inputs": {"left": false, "right": false, "up": false, "down": false}}
2025-09-25 18:06:26,786 - game_server - INFO - log_game_event:61 - Игровое событие: обновление_позиции - {"client_id": 0, "position": {"x": 925, "y": 370}, "inputs": {"left": false, "right": false, "up": false, "down": false}}
2025-09-25 18:06:26,823 - game_server - INFO - log_game_event:61 - Игровое событие: обновление_позиции - {"client_id": 0, "position": {"x": 925, "y": 370}, "inputs": {"left": false, "right": false, "up": false, "down": false}}
2025-09-25 18:06:26,856 - game_server - INFO - log_game_event:61 - Игровое событие: обновление_позиции - {"client_id": 0, "position": {"x": 925, "y": 370}, "inputs": {"left": false, "right": false, "up": false, "down": false}}
2025-09-25 18:06:26,891 - game_server - INFO - log_game_event:61 - Игровое событие: обновление_позиции - {"client_id": 0, "position": {"x": 925, "y": 370}, "inputs": {"left": false, "right": false, "up": false, "down": false}}
2025-09-25 18:06:26,928 - game_server - INFO - log_game_event:61 - Игровое событие: обновление_позиции - {"client_id": 0, "position": {"x": 925, "y": 370}, "inputs": {"left": false, "right": false, "up": false, "down": false}}
2025-09-25 18:06:26,964 - game_server - INFO - log_game_event:61 - Игровое событие: обновление_позиции - {"client_id": 0, "position": {"x": 925, "y": 370}, "inputs": {"left": false, "right": false, "up": false, "down": false}}
2025-09-25 18:06:26,999 - game_server - INFO - log_game_event:61 - Игровое событие: обновление_позиции - {"client_id": 0, "position": {"x": 925, "y": 370}, "inputs": {"left": false, "right": false, "up": false, "down": false}}
2025-09-25 18:06:27,037 - game_server - INFO - log_game_event:61 - Игровое событие: обновление_позиции - {"client_id": 0, "position": {"x": 925, "y": 370}, "inputs": {"left": false, "right": false, "up": false, "down": false}}
2025-09-25 18:06:27,073 - game_server - INFO - log_game_event:61 - Игровое событие: обновление_позиции - {"client_id": 0, "position": {"x": 925, "y": 370}, "inputs": {"left": false, "right": false, "up": false, "down": false}}
2025-09-25 18:06:27,108 - game_server - INFO - log_game_event:61 - Игровое событие: обновление_позиции - {"client_id": 0, "position": {"x": 925, "y": 370}, "inputs": {"left": false, "right": false, "up": false, "down": false}}
2025-09-25 18:06:27,143 - game_server - INFO - log_game_event:61 - Игровое событие: обновление_позиции - {"client_id": 0, "position": {"x": 925, "y": 370}, "inputs": {"left": false, "right": false, "up": false, "down": false}}
2025-09-25 18:06:27,178 - game_server - INFO - log_game_event:61 - Игровое событие: обновление_позиции - {"client_id": 0, "position": {"x": 925, "y": 370}, "inputs": {"left": false, "right": false, "up": false, "down": false}}
2025-09-25 18:06:27,214 - game_server - INFO - log_game_event:61 - Игровое событие: обновление_позиции - {"client_id": 0, "position": {"x": 925, "y": 370}, "inputs": {"left": false, "right": false, "up": false, "down": false}}
2025-09-25 18:06:27,251 - game_server - INFO - log_game_event:61 - Игровое событие: обновление_позиции - {"client_id": 0, "position": {"x": 925, "y": 370}, "inputs": {"left": false, "right": false, "up": false, "down": false}}
2025-09-25 18:06:27,284 - game_server - INFO - log_game_event:61 - Игровое событие: обновление_позиции - {"client_id": 0, "position": {"x": 925, "y": 370}, "inputs": {"left": false, "right": false, "up": false, "down": false}}
2025-09-25 18:06:27,317 - game_server - INFO - log_game_event:61 - Игровое событие: обновление_позиции - {"client_id": 0, "position": {"x": 925, "y": 370}, "inputs": {"left": false, "right": false, "up": false, "down": false}}
2025-09-25 18:06:27,352 - game_server - INFO - log_game_event:61 - Игровое событие: обновление_позиции - {"client_id": 0, "position": {"x": 925, "y": 370}, "inputs": {"left": false, "right": false, "up": false, "down": false}}
2025-09-25 18:06:27,385 - game_server - INFO - log_game_event:61 - Игровое событие: обновление_позиции - {"client_id": 0, "position": {"x": 925, "y": 370}, "inputs": {"left": false, "right": false, "up": false, "down": false}}
2025-09-25 18:06:27,412 - game_server - INFO - log_game_event:61 - Игровое событие: обновление_позиции - {"client_id": 0, "position": {"x": 925, "y": 370}, "inputs": {"left": false, "right": false, "up": false, "down": false}}
2025-09-25 18:06:27,443 - game_server - INFO - log_game_event:61 - Игровое событие: обновление_позиции - {"client_id": 0, "position": {"x": 925, "y": 370}, "inputs": {"left": false, "right": false, "up": false, "down": false}}
2025-09-25 18:06:27,475 - game_server - INFO - log_game_event:61 - Игровое событие: обновление_позиции - {"client_id": 0, "position": {"x": 925, "y": 370}, "inputs": {"left": false, "right": false, "up": false, "down": false}}
2025-09-25 18:06:27,510 - game_server - INFO - log_game_event:61 - Игровое событие: обновление_позиции - {"client_id": 0, "position": {"x": 925, "y": 370}, "inputs": {"left": false, "right": false, "up": false, "down": false}}
2025-09-25 18:06:27,540 - game_server - INFO - log_game_event:61 - Игровое событие: обновление_позиции - {"client_id": 0, "position": {"x": 925, "y": 370}, "inputs": {"left": false, "right": false, "up": false, "down": false}}
2025-09-25 18:06:27,546 - game_server - INFO - log_connection:56 - Клиент 0: отключен
