2025-09-29 16:20:24,893 - game_server - INFO - <module>:87 - Сервер запущен на 192.168.1.4:5555 (привязан к 0.0.0.0)
2025-09-29 16:20:29,782 - game_server - INFO - log_connection:56 - Клиент 0: подключен - {"ip": "192.168.1.4", "port": 52151}
2025-09-29 16:20:29,798 - game_server - INFO - log_game_event:61 - Игровое событие: обновление_позиции - {"client_id": 0, "position": {"x": 960, "y": 540}, "inputs": {"left": false, "right": false, "up": false, "down": false}}
2025-09-29 16:20:29,831 - game_server - INFO - log_game_event:61 - Игровое событие: обновление_позиции - {"client_id": 0, "position": {"x": 960, "y": 540}, "inputs": {"left": false, "right": false, "up": false, "down": false}}
2025-09-29 16:20:29,856 - game_server - INFO - log_game_event:61 - Игровое событие: обновление_позиции - {"client_id": 0, "position": {"x": 960, "y": 540}, "inputs": {"left": false, "right": false, "up": false, "down": false}}
2025-09-29 16:20:29,893 - game_server - INFO - log_game_event:61 - Игровое событие: обновление_позиции - {"client_id": 0, "position": {"x": 960, "y": 540}, "inputs": {"left": false, "right": false, "up": false, "down": false}}
2025-09-29 16:20:29,932 - game_server - INFO - log_game_event:61 - Игровое событие: обновление_позиции - {"client_id": 0, "position": {"x": 960, "y": 540}, "inputs": {"left": false, "right": false, "up": false, "down": false}}
2025-09-29 16:20:29,969 - game_server - INFO - log_game_event:61 - Игровое событие: обновление_позиции - {"client_id": 0, "position": {"x": 960, "y": 540}, "inputs": {"left": false, "right": false, "up": false, "down": false}}
2025-09-29 16:20:30,005 - game_server - INFO - log_game_event:61 - Игровое событие: обновление_позиции - {"client_id": 0, "position": {"x": 960, "y": 540}, "inputs": {"left": false, "right": false, "up": false, "down": false}}
2025-09-29 16:20:30,041 - game_server - INFO - log_game_event:61 - Игровое событие: обновление_позиции - {"client_id": 0, "position": {"x": 960, "y": 540}, "inputs": {"left": false, "right": false, "up": false, "down": false}}
2025-09-29 16:20:30,079 - game_server - INFO - log_game_event:61 - Игровое событие: обновление_позиции - {"client_id": 0, "position": {"x": 960, "y": 540}, "inputs": {"left": false, "right": false, "up": false, "down": false}}
2025-09-29 16:20:30,115 - game_server - INFO - log_game_event:61 - Игровое событие: обновление_позиции - {"client_id": 0, "position": {"x": 960, "y": 540}, "inputs": {"left": false, "right": false, "up": false, "down": false}}
2025-09-29 16:20:30,152 - game_server - INFO - log_game_event:61 - Игровое событие: обновление_позиции - {"client_id": 0, "position": {"x": 960, "y": 540}, "inputs": {"left": false, "right": false, "up": false, "down": false}}
2025-09-29 16:20:30,189 - game_server - INFO - log_game_event:61 - Игровое событие: обновление_позиции - {"client_id": 0, "position": {"x": 960, "y": 540}, "inputs": {"left": false, "right": false, "up": false, "down": false}}
2025-09-29 16:20:30,226 - game_server - INFO - log_game_event:61 - Игровое событие: обновление_позиции - {"client_id": 0, "position": {"x": 960, "y": 540}, "inputs": {"left": false, "right": false, "up": false, "down": false}}
2025-09-29 16:20:30,263 - game_server - INFO - log_game_event:61 - Игровое событие: обновление_позиции - {"client_id": 0, "position": {"x": 960, "y": 540}, "inputs": {"left": false, "right": false, "up": false, "down": false}}
2025-09-29 16:20:30,302 - game_server - INFO - log_game_event:61 - Игровое событие: обновление_позиции - {"client_id": 0, "position": {"x": 960, "y": 540}, "inputs": {"left": false, "right": false, "up": false, "down": false}}
2025-09-29 16:20:30,341 - game_server - INFO - log_game_event:61 - Игровое событие: обновление_позиции - {"client_id": 0, "position": {"x": 960, "y": 540}, "inputs": {"left": false, "right": false, "up": false, "down": false}}
2025-09-29 16:20:30,377 - game_server - INFO - log_game_event:61 - Игровое событие: обновление_позиции - {"client_id": 0, "position": {"x": 960, "y": 540}, "inputs": {"left": false, "right": false, "up": false, "down": false}}
2025-09-29 16:20:30,409 - game_server - INFO - log_game_event:61 - Игровое событие: обновление_позиции - {"client_id": 0, "position": {"x": 960, "y": 540}, "inputs": {"left": false, "right": false, "up": false, "down": false}}
2025-09-29 16:20:30,446 - game_server - INFO - log_game_event:61 - Игровое событие: обновление_позиции - {"client_id": 0, "position": {"x": 960, "y": 540}, "inputs": {"left": false, "right": false, "up": false, "down": false}}
2025-09-29 16:20:30,486 - game_server - INFO - log_game_event:61 - Игровое событие: обновление_позиции - {"client_id": 0, "position": {"x": 960, "y": 540}, "inputs": {"left": false, "right": false, "up": false, "down": false}}
2025-09-29 16:20:30,526 - game_server - INFO - log_game_event:61 - Игровое событие: обновление_позиции - {"client_id": 0, "position": {"x": 960, "y": 540}, "inputs": {"left": false, "right": false, "up": false, "down": false}}
2025-09-29 16:20:30,565 - game_server - INFO - log_game_event:61 - Игровое событие: обновление_позиции - {"client_id": 0, "position": {"x": 960, "y": 540}, "inputs": {"left": false, "right": false, "up": false, "down": false}}
2025-09-29 16:20:30,601 - game_server - INFO - log_game_event:61 - Игровое событие: обновление_позиции - {"client_id": 0, "position": {"x": 960, "y": 540}, "inputs": {"left": false, "right": false, "up": false, "down": false}}
2025-09-29 16:20:30,637 - game_server - INFO - log_game_event:61 - Игровое событие: обновление_позиции - {"client_id": 0, "position": {"x": 960, "y": 540}, "inputs": {"left": false, "right": false, "up": false, "down": false}}
2025-09-29 16:20:30,676 - game_server - INFO - log_game_event:61 - Игровое событие: обновление_позиции - {"client_id": 0, "position": {"x": 960, "y": 540}, "inputs": {"left": false, "right": false, "up": false, "down": false}}
2025-09-29 16:20:30,711 - game_server - INFO - log_game_event:61 - Игровое событие: обновление_позиции - {"client_id": 0, "position": {"x": 960, "y": 540}, "inputs": {"left": false, "right": false, "up": false, "down": false}}
2025-09-29 16:20:30,748 - game_server - INFO - log_game_event:61 - Игровое событие: обновление_позиции - {"client_id": 0, "position": {"x": 960, "y": 540}, "inputs": {"left": false, "right": false, "up": false, "down": false}}
2025-09-29 16:20:30,789 - game_server - INFO - log_game_event:61 - Игровое событие: обновление_позиции - {"client_id": 0, "position": {"x": 960, "y": 540}, "inputs": {"left": false, "right": false, "up": false, "down": false}}
2025-09-29 16:20:30,826 - game_server - INFO - log_game_event:61 - Игровое событие: обновление_позиции - {"client_id": 0, "position": {"x": 960, "y": 540}, "inputs": {"left": false, "right": false, "up": false, "down": false}}
2025-09-29 16:20:30,863 - game_server - INFO - log_game_event:61 - Игровое событие: обновление_позиции - {"client_id": 0, "position": {"x": 960, "y": 540}, "inputs": {"left": false, "right": false, "up": false, "down": false}}
2025-09-29 16:20:30,899 - game_server - INFO - log_game_event:61 - Игровое событие: обновление_позиции - {"client_id": 0, "position": {"x": 960, "y": 540}, "inputs": {"left": false, "right": false, "up": false, "down": false}}
2025-09-29 16:20:30,935 - game_server - INFO - log_game_event:61 - Игровое событие: обновление_позиции - {"client_id": 0, "position": {"x": 960, "y": 540}, "inputs": {"left": false, "right": false, "up": false, "down": false}}
2025-09-29 16:20:30,975 - game_server - INFO - log_game_event:61 - Игровое событие: обновление_позиции - {"client_id": 0, "position": {"x": 960, "y": 540}, "inputs": {"left": false, "right": false, "up": false, "down": false}}
2025-09-29 16:20:31,012 - game_server - INFO - log_game_event:61 - Игровое событие: обновление_позиции - {"client_id": 0, "position": {"x": 960, "y": 540}, "inputs": {"left": false, "right": false, "up": false, "down": false}}
2025-09-29 16:20:31,048 - game_server - INFO - log_game_event:61 - Игровое событие: обновление_позиции - {"client_id": 0, "position": {"x": 960, "y": 540}, "inputs": {"left": false, "right": false, "up": false, "down": false}}
2025-09-29 16:20:31,086 - game_server - INFO - log_game_event:61 - Игровое событие: обновление_позиции - {"client_id": 0, "position": {"x": 960, "y": 540}, "inputs": {"left": false, "right": false, "up": false, "down": false}}
2025-09-29 16:20:31,122 - game_server - INFO - log_game_event:61 - Игровое событие: обновление_позиции - {"client_id": 0, "position": {"x": 960, "y": 540}, "inputs": {"left": false, "right": false, "up": false, "down": false}}
2025-09-29 16:20:31,159 - game_server - INFO - log_game_event:61 - Игровое событие: обновление_позиции - {"client_id": 0, "position": {"x": 960, "y": 540}, "inputs": {"left": false, "right": false, "up": false, "down": false}}
2025-09-29 16:20:31,195 - game_server - INFO - log_game_event:61 - Игровое событие: обновление_позиции - {"client_id": 0, "position": {"x": 960, "y": 540}, "inputs": {"left": false, "right": false, "up": false, "down": false}}
2025-09-29 16:20:31,232 - game_server - INFO - log_game_event:61 - Игровое событие: обновление_позиции - {"client_id": 0, "position": {"x": 960, "y": 540}, "inputs": {"left": false, "right": false, "up": false, "down": false}}
2025-09-29 16:20:31,267 - game_server - INFO - log_game_event:61 - Игровое событие: обновление_позиции - {"client_id": 0, "position": {"x": 960, "y": 540}, "inputs": {"left": false, "right": false, "up": false, "down": false}}
2025-09-29 16:20:31,301 - game_server - INFO - log_game_event:61 - Игровое событие: обновление_позиции - {"client_id": 0, "position": {"x": 960, "y": 540}, "inputs": {"left": false, "right": false, "up": false, "down": false}}
2025-09-29 16:20:31,338 - game_server - INFO - log_game_event:61 - Игровое событие: обновление_позиции - {"client_id": 0, "position": {"x": 960, "y": 540}, "inputs": {"left": false, "right": false, "up": false, "down": false}}
2025-09-29 16:20:31,375 - game_server - INFO - log_game_event:61 - Игровое событие: обновление_позиции - {"client_id": 0, "position": {"x": 960, "y": 540}, "inputs": {"left": false, "right": false, "up": false, "down": false}}
2025-09-29 16:20:31,412 - game_server - INFO - log_game_event:61 - Игровое событие: обновление_позиции - {"client_id": 0, "position": {"x": 960, "y": 540}, "inputs": {"left": false, "right": false, "up": false, "down": false}}
2025-09-29 16:20:31,449 - game_server - INFO - log_game_event:61 - Игровое событие: обновление_позиции - {"client_id": 0, "position": {"x": 960, "y": 540}, "inputs": {"left": false, "right": false, "up": false, "down": false}}
2025-09-29 16:20:31,487 - game_server - INFO - log_game_event:61 - Игровое событие: обновление_позиции - {"client_id": 0, "position": {"x": 960, "y": 540}, "inputs": {"left": false, "right": false, "up": false, "down": false}}
2025-09-29 16:20:31,524 - game_server - INFO - log_game_event:61 - Игровое событие: обновление_позиции - {"client_id": 0, "position": {"x": 960, "y": 540}, "inputs": {"left": false, "right": false, "up": false, "down": false}}
2025-09-29 16:20:31,560 - game_server - INFO - log_game_event:61 - Игровое событие: обновление_позиции - {"client_id": 0, "position": {"x": 960, "y": 540}, "inputs": {"left": false, "right": false, "up": false, "down": false}}
2025-09-29 16:20:31,598 - game_server - INFO - log_game_event:61 - Игровое событие: обновление_позиции - {"client_id": 0, "position": {"x": 960, "y": 540}, "inputs": {"left": false, "right": false, "up": false, "down": false}}
2025-09-29 16:20:31,634 - game_server - INFO - log_game_event:61 - Игровое событие: обновление_позиции - {"client_id": 0, "position": {"x": 960, "y": 540}, "inputs": {"left": false, "right": false, "up": false, "down": false}}
2025-09-29 16:20:31,671 - game_server - INFO - log_game_event:61 - Игровое событие: обновление_позиции - {"client_id": 0, "position": {"x": 960, "y": 540}, "inputs": {"left": false, "right": false, "up": false, "down": false}}
2025-09-29 16:20:31,708 - game_server - INFO - log_game_event:61 - Игровое событие: обновление_позиции - {"client_id": 0, "position": {"x": 960, "y": 540}, "inputs": {"left": false, "right": false, "up": false, "down": false}}
2025-09-29 16:20:31,743 - game_server - INFO - log_game_event:61 - Игровое событие: обновление_позиции - {"client_id": 0, "position": {"x": 960, "y": 540}, "inputs": {"left": false, "right": false, "up": false, "down": false}}
2025-09-29 16:20:31,780 - game_server - INFO - log_game_event:61 - Игровое событие: обновление_позиции - {"client_id": 0, "position": {"x": 960, "y": 540}, "inputs": {"left": false, "right": false, "up": false, "down": false}}
2025-09-29 16:20:31,816 - game_server - INFO - log_game_event:61 - Игровое событие: обновление_позиции - {"client_id": 0, "position": {"x": 960, "y": 540}, "inputs": {"left": false, "right": false, "up": false, "down": false}}
2025-09-29 16:20:31,853 - game_server - INFO - log_game_event:61 - Игровое событие: обновление_позиции - {"client_id": 0, "position": {"x": 960, "y": 540}, "inputs": {"left": false, "right": false, "up": false, "down": false}}
2025-09-29 16:20:31,888 - game_server - INFO - log_game_event:61 - Игровое событие: обновление_позиции - {"client_id": 0, "position": {"x": 960, "y": 540}, "inputs": {"left": false, "right": false, "up": false, "down": false}}
2025-09-29 16:20:31,925 - game_server - INFO - log_game_event:61 - Игровое событие: обновление_позиции - {"client_id": 0, "position": {"x": 960, "y": 540}, "inputs": {"left": false, "right": false, "up": false, "down": false}}
2025-09-29 16:20:31,959 - game_server - INFO - log_game_event:61 - Игровое событие: обновление_позиции - {"client_id": 0, "position": {"x": 960, "y": 540}, "inputs": {"left": false, "right": false, "up": false, "down": false}}
2025-09-29 16:20:31,998 - game_server - INFO - log_game_event:61 - Игровое событие: обновление_позиции - {"client_id": 0, "position": {"x": 960, "y": 540}, "inputs": {"left": false, "right": false, "up": false, "down": false}}
2025-09-29 16:20:32,035 - game_server - INFO - log_game_event:61 - Игровое событие: обновление_позиции - {"client_id": 0, "position": {"x": 960, "y": 540}, "inputs": {"left": false, "right": false, "up": false, "down": false}}
2025-09-29 16:20:32,072 - game_server - INFO - log_game_event:61 - Игровое событие: обновление_позиции - {"client_id": 0, "position": {"x": 960, "y": 540}, "inputs": {"left": false, "right": false, "up": false, "down": false}}
2025-09-29 16:20:32,112 - game_server - INFO - log_game_event:61 - Игровое событие: обновление_позиции - {"client_id": 0, "position": {"x": 960, "y": 540}, "inputs": {"left": false, "right": false, "up": false, "down": false}}
2025-09-29 16:20:32,147 - game_server - INFO - log_game_event:61 - Игровое событие: обновление_позиции - {"client_id": 0, "position": {"x": 960, "y": 540}, "inputs": {"left": false, "right": false, "up": false, "down": false}}
2025-09-29 16:20:32,184 - game_server - INFO - log_game_event:61 - Игровое событие: обновление_позиции - {"client_id": 0, "position": {"x": 960, "y": 540}, "inputs": {"left": false, "right": false, "up": false, "down": false}}
2025-09-29 16:20:32,223 - game_server - INFO - log_game_event:61 - Игровое событие: обновление_позиции - {"client_id": 0, "position": {"x": 960, "y": 540}, "inputs": {"left": false, "right": false, "up": false, "down": false}}
2025-09-29 16:20:32,258 - game_server - INFO - log_game_event:61 - Игровое событие: обновление_позиции - {"client_id": 0, "position": {"x": 960, "y": 540}, "inputs": {"left": false, "right": false, "up": false, "down": false}}
2025-09-29 16:20:32,291 - game_server - INFO - log_game_event:61 - Игровое событие: обновление_позиции - {"client_id": 0, "position": {"x": 960, "y": 540}, "inputs": {"left": false, "right": false, "up": false, "down": false}}
2025-09-29 16:20:32,319 - game_server - INFO - log_game_event:61 - Игровое событие: обновление_позиции - {"client_id": 0, "position": {"x": 960, "y": 540}, "inputs": {"left": false, "right": false, "up": false, "down": false}}
2025-09-29 16:20:32,355 - game_server - INFO - log_game_event:61 - Игровое событие: обновление_позиции - {"client_id": 0, "position": {"x": 960, "y": 540}, "inputs": {"left": false, "right": false, "up": false, "down": false}}
2025-09-29 16:20:32,388 - game_server - INFO - log_game_event:61 - Игровое событие: обновление_позиции - {"client_id": 0, "position": {"x": 960, "y": 540}, "inputs": {"left": false, "right": false, "up": false, "down": false}}
2025-09-29 16:20:32,424 - game_server - INFO - log_game_event:61 - Игровое событие: обновление_позиции - {"client_id": 0, "position": {"x": 960, "y": 540}, "inputs": {"left": false, "right": false, "up": false, "down": false}}
2025-09-29 16:20:32,460 - game_server - INFO - log_game_event:61 - Игровое событие: обновление_позиции - {"client_id": 0, "position": {"x": 960, "y": 540}, "inputs": {"left": false, "right": false, "up": false, "down": false}}
2025-09-29 16:20:32,497 - game_server - INFO - log_game_event:61 - Игровое событие: обновление_позиции - {"client_id": 0, "position": {"x": 960, "y": 540}, "inputs": {"left": false, "right": false, "up": false, "down": false}}
2025-09-29 16:20:32,527 - game_server - INFO - log_game_event:61 - Игровое событие: обновление_позиции - {"client_id": 0, "position": {"x": 960, "y": 540}, "inputs": {"left": false, "right": false, "up": false, "down": false}}
2025-09-29 16:20:32,562 - game_server - INFO - log_game_event:61 - Игровое событие: обновление_позиции - {"client_id": 0, "position": {"x": 960, "y": 540}, "inputs": {"left": false, "right": false, "up": false, "down": false}}
2025-09-29 16:20:32,598 - game_server - INFO - log_game_event:61 - Игровое событие: обновление_позиции - {"client_id": 0, "position": {"x": 960, "y": 540}, "inputs": {"left": false, "right": false, "up": false, "down": false}}
2025-09-29 16:20:32,630 - game_server - INFO - log_game_event:61 - Игровое событие: обновление_позиции - {"client_id": 0, "position": {"x": 960, "y": 540}, "inputs": {"left": false, "right": false, "up": false, "down": false}}
2025-09-29 16:20:32,661 - game_server - INFO - log_game_event:61 - Игровое событие: обновление_позиции - {"client_id": 0, "position": {"x": 960, "y": 540}, "inputs": {"left": false, "right": false, "up": false, "down": false}}
2025-09-29 16:20:32,696 - game_server - INFO - log_game_event:61 - Игровое событие: обновление_позиции - {"client_id": 0, "position": {"x": 960, "y": 540}, "inputs": {"left": false, "right": false, "up": false, "down": false}}
2025-09-29 16:20:32,727 - game_server - INFO - log_game_event:61 - Игровое событие: обновление_позиции - {"client_id": 0, "position": {"x": 960, "y": 540}, "inputs": {"left": false, "right": false, "up": false, "down": false}}
2025-09-29 16:20:32,758 - game_server - INFO - log_game_event:61 - Игровое событие: обновление_позиции - {"client_id": 0, "position": {"x": 960, "y": 540}, "inputs": {"left": false, "right": false, "up": false, "down": false}}
2025-09-29 16:20:32,791 - game_server - INFO - log_game_event:61 - Игровое событие: обновление_позиции - {"client_id": 0, "position": {"x": 960, "y": 540}, "inputs": {"left": false, "right": false, "up": false, "down": false}}
2025-09-29 16:20:32,825 - game_server - INFO - log_game_event:61 - Игровое событие: обновление_позиции - {"client_id": 0, "position": {"x": 960, "y": 540}, "inputs": {"left": false, "right": false, "up": false, "down": false}}
2025-09-29 16:20:32,855 - game_server - INFO - log_game_event:61 - Игровое событие: обновление_позиции - {"client_id": 0, "position": {"x": 960, "y": 540}, "inputs": {"left": false, "right": false, "up": false, "down": false}}
2025-09-29 16:20:32,890 - game_server - INFO - log_game_event:61 - Игровое событие: обновление_позиции - {"client_id": 0, "position": {"x": 960, "y": 540}, "inputs": {"left": false, "right": false, "up": false, "down": false}}
2025-09-29 16:20:32,919 - game_server - INFO - log_game_event:61 - Игровое событие: обновление_позиции - {"client_id": 0, "position": {"x": 960, "y": 540}, "inputs": {"left": false, "right": false, "up": false, "down": false}}
2025-09-29 16:20:32,949 - game_server - INFO - log_game_event:61 - Игровое событие: обновление_позиции - {"client_id": 0, "position": {"x": 960, "y": 540}, "inputs": {"left": false, "right": false, "up": false, "down": false}}
2025-09-29 16:20:32,985 - game_server - INFO - log_game_event:61 - Игровое событие: обновление_позиции - {"client_id": 0, "position": {"x": 960, "y": 540}, "inputs": {"left": false, "right": false, "up": false, "down": false}}
2025-09-29 16:20:33,023 - game_server - INFO - log_game_event:61 - Игровое событие: обновление_позиции - {"client_id": 0, "position": {"x": 960, "y": 540}, "inputs": {"left": false, "right": false, "up": false, "down": false}}
2025-09-29 16:20:33,059 - game_server - INFO - log_game_event:61 - Игровое событие: обновление_позиции - {"client_id": 0, "position": {"x": 960, "y": 540}, "inputs": {"left": false, "right": false, "up": false, "down": false}}
2025-09-29 16:20:33,096 - game_server - INFO - log_game_event:61 - Игровое событие: обновление_позиции - {"client_id": 0, "position": {"x": 960, "y": 540}, "inputs": {"left": false, "right": false, "up": false, "down": false}}
2025-09-29 16:20:33,132 - game_server - INFO - log_game_event:61 - Игровое событие: обновление_позиции - {"client_id": 0, "position": {"x": 960, "y": 540}, "inputs": {"left": false, "right": false, "up": false, "down": false}}
2025-09-29 16:20:33,171 - game_server - INFO - log_game_event:61 - Игровое событие: обновление_позиции - {"client_id": 0, "position": {"x": 960, "y": 540}, "inputs": {"left": false, "right": false, "up": false, "down": false}}
2025-09-29 16:20:33,208 - game_server - INFO - log_game_event:61 - Игровое событие: обновление_позиции - {"client_id": 0, "position": {"x": 960, "y": 540}, "inputs": {"left": false, "right": false, "up": false, "down": false}}
2025-09-29 16:20:33,244 - game_server - INFO - log_game_event:61 - Игровое событие: обновление_позиции - {"client_id": 0, "position": {"x": 960, "y": 540}, "inputs": {"left": false, "right": false, "up": false, "down": false}}
2025-09-29 16:20:33,280 - game_server - INFO - log_game_event:61 - Игровое событие: обновление_позиции - {"client_id": 0, "position": {"x": 960, "y": 540}, "inputs": {"left": false, "right": false, "up": false, "down": false}}
2025-09-29 16:20:33,317 - game_server - INFO - log_game_event:61 - Игровое событие: обновление_позиции - {"client_id": 0, "position": {"x": 960, "y": 540}, "inputs": {"left": false, "right": false, "up": false, "down": false}}
2025-09-29 16:20:33,353 - game_server - INFO - log_game_event:61 - Игровое событие: обновление_позиции - {"client_id": 0, "position": {"x": 960, "y": 540}, "inputs": {"left": false, "right": false, "up": false, "down": false}}
2025-09-29 16:20:33,389 - game_server - INFO - log_game_event:61 - Игровое событие: обновление_позиции - {"client_id": 0, "position": {"x": 960, "y": 540}, "inputs": {"left": false, "right": false, "up": false, "down": false}}
2025-09-29 16:20:33,426 - game_server - INFO - log_game_event:61 - Игровое событие: обновление_позиции - {"client_id": 0, "position": {"x": 960, "y": 540}, "inputs": {"left": false, "right": false, "up": false, "down": false}}
2025-09-29 16:20:33,462 - game_server - INFO - log_game_event:61 - Игровое событие: обновление_позиции - {"client_id": 0, "position": {"x": 960, "y": 540}, "inputs": {"left": false, "right": false, "up": false, "down": false}}
2025-09-29 16:20:33,497 - game_server - INFO - log_game_event:61 - Игровое событие: обновление_позиции - {"client_id": 0, "position": {"x": 960, "y": 540}, "inputs": {"left": false, "right": false, "up": false, "down": false}}
2025-09-29 16:20:33,535 - game_server - INFO - log_game_event:61 - Игровое событие: обновление_позиции - {"client_id": 0, "position": {"x": 960, "y": 540}, "inputs": {"left": false, "right": false, "up": false, "down": false}}
2025-09-29 16:20:33,573 - game_server - INFO - log_game_event:61 - Игровое событие: обновление_позиции - {"client_id": 0, "position": {"x": 960, "y": 540}, "inputs": {"left": false, "right": false, "up": false, "down": false}}
2025-09-29 16:20:33,612 - game_server - INFO - log_game_event:61 - Игровое событие: обновление_позиции - {"client_id": 0, "position": {"x": 960, "y": 540}, "inputs": {"left": false, "right": false, "up": false, "down": false}}
2025-09-29 16:20:33,649 - game_server - INFO - log_game_event:61 - Игровое событие: обновление_позиции - {"client_id": 0, "position": {"x": 960, "y": 540}, "inputs": {"left": false, "right": false, "up": false, "down": false}}
2025-09-29 16:20:33,686 - game_server - INFO - log_game_event:61 - Игровое событие: обновление_позиции - {"client_id": 0, "position": {"x": 960, "y": 540}, "inputs": {"left": false, "right": false, "up": false, "down": false}}
2025-09-29 16:20:33,722 - game_server - INFO - log_game_event:61 - Игровое событие: обновление_позиции - {"client_id": 0, "position": {"x": 960, "y": 540}, "inputs": {"left": false, "right": false, "up": false, "down": false}}
2025-09-29 16:20:33,759 - game_server - INFO - log_game_event:61 - Игровое событие: обновление_позиции - {"client_id": 0, "position": {"x": 960, "y": 540}, "inputs": {"left": false, "right": false, "up": false, "down": false}}
2025-09-29 16:20:33,793 - game_server - INFO - log_game_event:61 - Игровое событие: обновление_позиции - {"client_id": 0, "position": {"x": 960, "y": 540}, "inputs": {"left": false, "right": false, "up": false, "down": false}}
2025-09-29 16:20:33,860 - game_server - INFO - log_game_event:61 - Игровое событие: обновление_позиции - {"client_id": 0, "position": {"x": 960, "y": 540}, "inputs": {"left": false, "right": false, "up": false, "down": false}}
2025-09-29 16:20:33,894 - game_server - INFO - log_game_event:61 - Игровое событие: обновление_позиции - {"client_id": 0, "position": {"x": 960, "y": 540}, "inputs": {"left": false, "right": false, "up": false, "down": false}}
2025-09-29 16:20:33,933 - game_server - INFO - log_game_event:61 - Игровое событие: обновление_позиции - {"client_id": 0, "position": {"x": 960, "y": 540}, "inputs": {"left": false, "right": false, "up": false, "down": false}}
2025-09-29 16:20:33,965 - game_server - INFO - log_game_event:61 - Игровое событие: обновление_позиции - {"client_id": 0, "position": {"x": 960, "y": 540}, "inputs": {"left": false, "right": false, "up": false, "down": false}}
2025-09-29 16:20:33,998 - game_server - INFO - log_game_event:61 - Игровое событие: обновление_позиции - {"client_id": 0, "position": {"x": 960, "y": 540}, "inputs": {"left": false, "right": false, "up": false, "down": false}}
2025-09-29 16:20:34,030 - game_server - INFO - log_game_event:61 - Игровое событие: обновление_позиции - {"client_id": 0, "position": {"x": 960, "y": 540}, "inputs": {"left": false, "right": false, "up": false, "down": false}}
2025-09-29 16:20:34,066 - game_server - INFO - log_game_event:61 - Игровое событие: обновление_позиции - {"client_id": 0, "position": {"x": 960, "y": 540}, "inputs": {"left": false, "right": false, "up": false, "down": false}}
2025-09-29 16:20:34,101 - game_server - INFO - log_game_event:61 - Игровое событие: обновление_позиции - {"client_id": 0, "position": {"x": 960, "y": 540}, "inputs": {"left": false, "right": false, "up": false, "down": false}}
2025-09-29 16:20:34,138 - game_server - INFO - log_game_event:61 - Игровое событие: обновление_позиции - {"client_id": 0, "position": {"x": 960, "y": 540}, "inputs": {"left": false, "right": false, "up": false, "down": false}}
2025-09-29 16:20:34,175 - game_server - INFO - log_game_event:61 - Игровое событие: обновление_позиции - {"client_id": 0, "position": {"x": 960, "y": 540}, "inputs": {"left": false, "right": false, "up": false, "down": false}}
2025-09-29 16:20:34,212 - game_server - INFO - log_game_event:61 - Игровое событие: обновление_позиции - {"client_id": 0, "position": {"x": 960, "y": 540}, "inputs": {"left": false, "right": false, "up": false, "down": false}}
2025-09-29 16:20:34,250 - game_server - INFO - log_game_event:61 - Игровое событие: обновление_позиции - {"client_id": 0, "position": {"x": 960, "y": 540}, "inputs": {"left": false, "right": false, "up": false, "down": false}}
2025-09-29 16:20:34,286 - game_server - INFO - log_game_event:61 - Игровое событие: обновление_позиции - {"client_id": 0, "position": {"x": 960, "y": 540}, "inputs": {"left": false, "right": false, "up": false, "down": false}}
2025-09-29 16:20:34,323 - game_server - INFO - log_game_event:61 - Игровое событие: обновление_позиции - {"client_id": 0, "position": {"x": 960, "y": 540}, "inputs": {"left": false, "right": false, "up": false, "down": false}}
2025-09-29 16:20:34,359 - game_server - INFO - log_game_event:61 - Игровое событие: обновление_позиции - {"client_id": 0, "position": {"x": 960, "y": 540}, "inputs": {"left": false, "right": false, "up": false, "down": false}}
2025-09-29 16:20:34,396 - game_server - INFO - log_game_event:61 - Игровое событие: обновление_позиции - {"client_id": 0, "position": {"x": 960, "y": 540}, "inputs": {"left": false, "right": false, "up": false, "down": false}}
2025-09-29 16:20:34,433 - game_server - INFO - log_game_event:61 - Игровое событие: обновление_позиции - {"client_id": 0, "position": {"x": 960, "y": 540}, "inputs": {"left": false, "right": false, "up": false, "down": false}}
2025-09-29 16:20:34,471 - game_server - INFO - log_game_event:61 - Игровое событие: обновление_позиции - {"client_id": 0, "position": {"x": 960, "y": 540}, "inputs": {"left": false, "right": false, "up": false, "down": false}}
2025-09-29 16:20:34,509 - game_server - INFO - log_game_event:61 - Игровое событие: обновление_позиции - {"client_id": 0, "position": {"x": 960, "y": 540}, "inputs": {"left": false, "right": false, "up": false, "down": false}}
2025-09-29 16:20:34,543 - game_server - INFO - log_game_event:61 - Игровое событие: обновление_позиции - {"client_id": 0, "position": {"x": 960, "y": 540}, "inputs": {"left": false, "right": false, "up": false, "down": false}}
2025-09-29 16:20:34,580 - game_server - INFO - log_game_event:61 - Игровое событие: обновление_позиции - {"client_id": 0, "position": {"x": 960, "y": 540}, "inputs": {"left": false, "right": false, "up": false, "down": false}}
2025-09-29 16:20:34,617 - game_server - INFO - log_game_event:61 - Игровое событие: обновление_позиции - {"client_id": 0, "position": {"x": 960, "y": 540}, "inputs": {"left": false, "right": false, "up": false, "down": false}}
2025-09-29 16:20:34,653 - game_server - INFO - log_game_event:61 - Игровое событие: обновление_позиции - {"client_id": 0, "position": {"x": 960, "y": 540}, "inputs": {"left": false, "right": false, "up": false, "down": false}}
2025-09-29 16:20:34,690 - game_server - INFO - log_game_event:61 - Игровое событие: обновление_позиции - {"client_id": 0, "position": {"x": 960, "y": 540}, "inputs": {"left": false, "right": false, "up": false, "down": false}}
2025-09-29 16:20:34,730 - game_server - INFO - log_game_event:61 - Игровое событие: обновление_позиции - {"client_id": 0, "position": {"x": 960, "y": 540}, "inputs": {"left": false, "right": false, "up": false, "down": false}}
2025-09-29 16:20:34,766 - game_server - INFO - log_game_event:61 - Игровое событие: обновление_позиции - {"client_id": 0, "position": {"x": 960, "y": 540}, "inputs": {"left": false, "right": false, "up": false, "down": false}}
2025-09-29 16:20:34,802 - game_server - INFO - log_game_event:61 - Игровое событие: обновление_позиции - {"client_id": 0, "position": {"x": 960, "y": 540}, "inputs": {"left": false, "right": false, "up": false, "down": false}}
2025-09-29 16:20:34,841 - game_server - INFO - log_game_event:61 - Игровое событие: обновление_позиции - {"client_id": 0, "position": {"x": 960, "y": 540}, "inputs": {"left": false, "right": false, "up": false, "down": false}}
2025-09-29 16:20:34,877 - game_server - INFO - log_game_event:61 - Игровое событие: обновление_позиции - {"client_id": 0, "position": {"x": 960, "y": 540}, "inputs": {"left": false, "right": false, "up": false, "down": false}}
2025-09-29 16:20:34,913 - game_server - INFO - log_game_event:61 - Игровое событие: обновление_позиции - {"client_id": 0, "position": {"x": 960, "y": 540}, "inputs": {"left": false, "right": false, "up": false, "down": false}}
2025-09-29 16:20:34,949 - game_server - INFO - log_game_event:61 - Игровое событие: обновление_позиции - {"client_id": 0, "position": {"x": 960, "y": 540}, "inputs": {"left": false, "right": false, "up": false, "down": false}}
2025-09-29 16:20:34,987 - game_server - INFO - log_game_event:61 - Игровое событие: обновление_позиции - {"client_id": 0, "position": {"x": 960, "y": 540}, "inputs": {"left": false, "right": false, "up": false, "down": false}}
2025-09-29 16:20:35,028 - game_server - INFO - log_game_event:61 - Игровое событие: обновление_позиции - {"client_id": 0, "position": {"x": 965, "y": 540}, "inputs": {"left": false, "right": true, "up": false, "down": false}}
2025-09-29 16:20:35,063 - game_server - INFO - log_game_event:61 - Игровое событие: обновление_позиции - {"client_id": 0, "position": {"x": 970, "y": 540}, "inputs": {"left": false, "right": true, "up": false, "down": false}}
2025-09-29 16:20:35,101 - game_server - INFO - log_game_event:61 - Игровое событие: обновление_позиции - {"client_id": 0, "position": {"x": 975, "y": 540}, "inputs": {"left": false, "right": true, "up": false, "down": false}}
2025-09-29 16:20:35,139 - game_server - INFO - log_game_event:61 - Игровое событие: обновление_позиции - {"client_id": 0, "position": {"x": 980, "y": 540}, "inputs": {"left": false, "right": true, "up": false, "down": false}}
2025-09-29 16:20:35,176 - game_server - INFO - log_game_event:61 - Игровое событие: обновление_позиции - {"client_id": 0, "position": {"x": 985, "y": 540}, "inputs": {"left": false, "right": true, "up": false, "down": false}}
2025-09-29 16:20:35,215 - game_server - INFO - log_game_event:61 - Игровое событие: обновление_позиции - {"client_id": 0, "position": {"x": 990, "y": 540}, "inputs": {"left": false, "right": true, "up": false, "down": false}}
2025-09-29 16:20:35,252 - game_server - INFO - log_game_event:61 - Игровое событие: обновление_позиции - {"client_id": 0, "position": {"x": 995, "y": 540}, "inputs": {"left": false, "right": true, "up": false, "down": false}}
2025-09-29 16:20:35,290 - game_server - INFO - log_game_event:61 - Игровое событие: обновление_позиции - {"client_id": 0, "position": {"x": 1000, "y": 540}, "inputs": {"left": false, "right": true, "up": false, "down": false}}
2025-09-29 16:20:35,326 - game_server - INFO - log_game_event:61 - Игровое событие: обновление_позиции - {"client_id": 0, "position": {"x": 1005, "y": 540}, "inputs": {"left": false, "right": true, "up": false, "down": false}}
2025-09-29 16:20:35,361 - game_server - INFO - log_game_event:61 - Игровое событие: обновление_позиции - {"client_id": 0, "position": {"x": 1010, "y": 540}, "inputs": {"left": false, "right": true, "up": false, "down": false}}
2025-09-29 16:20:35,399 - game_server - INFO - log_game_event:61 - Игровое событие: обновление_позиции - {"client_id": 0, "position": {"x": 1015, "y": 540}, "inputs": {"left": false, "right": true, "up": false, "down": false}}
2025-09-29 16:20:35,436 - game_server - INFO - log_game_event:61 - Игровое событие: обновление_позиции - {"client_id": 0, "position": {"x": 1020, "y": 540}, "inputs": {"left": false, "right": true, "up": false, "down": false}}
2025-09-29 16:20:35,473 - game_server - INFO - log_game_event:61 - Игровое событие: обновление_позиции - {"client_id": 0, "position": {"x": 1025, "y": 540}, "inputs": {"left": false, "right": true, "up": false, "down": false}}
2025-09-29 16:20:35,512 - game_server - INFO - log_game_event:61 - Игровое событие: обновление_позиции - {"client_id": 0, "position": {"x": 1025, "y": 540}, "inputs": {"left": false, "right": false, "up": false, "down": false}}
2025-09-29 16:20:35,549 - game_server - INFO - log_game_event:61 - Игровое событие: обновление_позиции - {"client_id": 0, "position": {"x": 1025, "y": 540}, "inputs": {"left": false, "right": false, "up": false, "down": false}}
2025-09-29 16:20:35,587 - game_server - INFO - log_game_event:61 - Игровое событие: обновление_позиции - {"client_id": 0, "position": {"x": 1025, "y": 540}, "inputs": {"left": false, "right": false, "up": false, "down": false}}
2025-09-29 16:20:35,626 - game_server - INFO - log_game_event:61 - Игровое событие: обновление_позиции - {"client_id": 0, "position": {"x": 1025, "y": 540}, "inputs": {"left": false, "right": false, "up": false, "down": false}}
2025-09-29 16:20:35,662 - game_server - INFO - log_game_event:61 - Игровое событие: обновление_позиции - {"client_id": 0, "position": {"x": 1025, "y": 540}, "inputs": {"left": false, "right": false, "up": false, "down": false}}
2025-09-29 16:20:35,700 - game_server - INFO - log_game_event:61 - Игровое событие: обновление_позиции - {"client_id": 0, "position": {"x": 1025, "y": 540}, "inputs": {"left": false, "right": false, "up": false, "down": false}}
2025-09-29 16:20:35,737 - game_server - INFO - log_game_event:61 - Игровое событие: обновление_позиции - {"client_id": 0, "position": {"x": 1025, "y": 540}, "inputs": {"left": false, "right": false, "up": false, "down": false}}
2025-09-29 16:20:35,774 - game_server - INFO - log_game_event:61 - Игровое событие: обновление_позиции - {"client_id": 0, "position": {"x": 1025, "y": 540}, "inputs": {"left": false, "right": false, "up": false, "down": false}}
2025-09-29 16:20:35,810 - game_server - INFO - log_game_event:61 - Игровое событие: обновление_позиции - {"client_id": 0, "position": {"x": 1025, "y": 540}, "inputs": {"left": false, "right": false, "up": false, "down": false}}
2025-09-29 16:20:35,846 - game_server - INFO - log_game_event:61 - Игровое событие: обновление_позиции - {"client_id": 0, "position": {"x": 1025, "y": 540}, "inputs": {"left": false, "right": false, "up": false, "down": false}}
2025-09-29 16:20:35,881 - game_server - INFO - log_game_event:61 - Игровое событие: обновление_позиции - {"client_id": 0, "position": {"x": 1025, "y": 540}, "inputs": {"left": false, "right": false, "up": false, "down": false}}
2025-09-29 16:20:35,918 - game_server - INFO - log_game_event:61 - Игровое событие: обновление_позиции - {"client_id": 0, "position": {"x": 1025, "y": 545}, "inputs": {"left": false, "right": false, "up": false, "down": true}}
2025-09-29 16:20:35,950 - game_server - INFO - log_game_event:61 - Игровое событие: обновление_позиции - {"client_id": 0, "position": {"x": 1025, "y": 550}, "inputs": {"left": false, "right": false, "up": false, "down": true}}
2025-09-29 16:20:35,988 - game_server - INFO - log_game_event:61 - Игровое событие: обновление_позиции - {"client_id": 0, "position": {"x": 1025, "y": 555}, "inputs": {"left": false, "right": false, "up": false, "down": true}}
2025-09-29 16:20:36,026 - game_server - INFO - log_game_event:61 - Игровое событие: обновление_позиции - {"client_id": 0, "position": {"x": 1025, "y": 560}, "inputs": {"left": false, "right": false, "up": false, "down": true}}
2025-09-29 16:20:36,063 - game_server - INFO - log_game_event:61 - Игровое событие: обновление_позиции - {"client_id": 0, "position": {"x": 1025, "y": 565}, "inputs": {"left": false, "right": false, "up": false, "down": true}}
2025-09-29 16:20:36,098 - game_server - INFO - log_game_event:61 - Игровое событие: обновление_позиции - {"client_id": 0, "position": {"x": 1025, "y": 570}, "inputs": {"left": false, "right": false, "up": false, "down": true}}
2025-09-29 16:20:36,132 - game_server - INFO - log_game_event:61 - Игровое событие: обновление_позиции - {"client_id": 0, "position": {"x": 1025, "y": 575}, "inputs": {"left": false, "right": false, "up": false, "down": true}}
2025-09-29 16:20:36,168 - game_server - INFO - log_game_event:61 - Игровое событие: обновление_позиции - {"client_id": 0, "position": {"x": 1025, "y": 580}, "inputs": {"left": false, "right": false, "up": false, "down": true}}
2025-09-29 16:20:36,204 - game_server - INFO - log_game_event:61 - Игровое событие: обновление_позиции - {"client_id": 0, "position": {"x": 1025, "y": 585}, "inputs": {"left": false, "right": false, "up": false, "down": true}}
2025-09-29 16:20:36,239 - game_server - INFO - log_game_event:61 - Игровое событие: обновление_позиции - {"client_id": 0, "position": {"x": 1025, "y": 590}, "inputs": {"left": false, "right": false, "up": false, "down": true}}
2025-09-29 16:20:36,277 - game_server - INFO - log_game_event:61 - Игровое событие: обновление_позиции - {"client_id": 0, "position": {"x": 1025, "y": 595}, "inputs": {"left": false, "right": false, "up": false, "down": true}}
2025-09-29 16:20:36,312 - game_server - INFO - log_game_event:61 - Игровое событие: обновление_позиции - {"client_id": 0, "position": {"x": 1025, "y": 600}, "inputs": {"left": false, "right": false, "up": false, "down": true}}
2025-09-29 16:20:36,348 - game_server - INFO - log_game_event:61 - Игровое событие: обновление_позиции - {"client_id": 0, "position": {"x": 1025, "y": 605}, "inputs": {"left": false, "right": false, "up": false, "down": true}}
2025-09-29 16:20:36,386 - game_server - INFO - log_game_event:61 - Игровое событие: обновление_позиции - {"client_id": 0, "position": {"x": 1025, "y": 610}, "inputs": {"left": false, "right": false, "up": false, "down": true}}
2025-09-29 16:20:36,423 - game_server - INFO - log_game_event:61 - Игровое событие: обновление_позиции - {"client_id": 0, "position": {"x": 1025, "y": 615}, "inputs": {"left": false, "right": false, "up": false, "down": true}}
2025-09-29 16:20:36,461 - game_server - INFO - log_game_event:61 - Игровое событие: обновление_позиции - {"client_id": 0, "position": {"x": 1025, "y": 620}, "inputs": {"left": false, "right": false, "up": false, "down": true}}
2025-09-29 16:20:36,496 - game_server - INFO - log_game_event:61 - Игровое событие: обновление_позиции - {"client_id": 0, "position": {"x": 1025, "y": 625}, "inputs": {"left": false, "right": false, "up": false, "down": true}}
2025-09-29 16:20:36,531 - game_server - INFO - log_game_event:61 - Игровое событие: обновление_позиции - {"client_id": 0, "position": {"x": 1025, "y": 630}, "inputs": {"left": false, "right": false, "up": false, "down": true}}
2025-09-29 16:20:36,569 - game_server - INFO - log_game_event:61 - Игровое событие: обновление_позиции - {"client_id": 0, "position": {"x": 1025, "y": 635}, "inputs": {"left": false, "right": false, "up": false, "down": true}}
2025-09-29 16:20:36,606 - game_server - INFO - log_game_event:61 - Игровое событие: обновление_позиции - {"client_id": 0, "position": {"x": 1025, "y": 640}, "inputs": {"left": false, "right": false, "up": false, "down": true}}
2025-09-29 16:20:36,645 - game_server - INFO - log_game_event:61 - Игровое событие: обновление_позиции - {"client_id": 0, "position": {"x": 1025, "y": 645}, "inputs": {"left": false, "right": false, "up": false, "down": true}}
2025-09-29 16:20:36,669 - game_server - INFO - log_game_event:61 - Игровое событие: обновление_позиции - {"client_id": 0, "position": {"x": 1025, "y": 650}, "inputs": {"left": false, "right": false, "up": false, "down": true}}
2025-09-29 16:20:36,694 - game_server - INFO - log_game_event:61 - Игровое событие: обновление_позиции - {"client_id": 0, "position": {"x": 1025, "y": 655}, "inputs": {"left": false, "right": false, "up": false, "down": true}}
2025-09-29 16:20:36,717 - game_server - INFO - log_game_event:61 - Игровое событие: обновление_позиции - {"client_id": 0, "position": {"x": 1025, "y": 660}, "inputs": {"left": false, "right": false, "up": false, "down": true}}
2025-09-29 16:20:36,745 - game_server - INFO - log_game_event:61 - Игровое событие: обновление_позиции - {"client_id": 0, "position": {"x": 1025, "y": 665}, "inputs": {"left": false, "right": false, "up": false, "down": true}}
2025-09-29 16:20:36,784 - game_server - INFO - log_game_event:61 - Игровое событие: обновление_позиции - {"client_id": 0, "position": {"x": 1025, "y": 670}, "inputs": {"left": false, "right": false, "up": false, "down": true}}
2025-09-29 16:20:36,820 - game_server - INFO - log_game_event:61 - Игровое событие: обновление_позиции - {"client_id": 0, "position": {"x": 1025, "y": 675}, "inputs": {"left": false, "right": false, "up": false, "down": true}}
2025-09-29 16:20:36,858 - game_server - INFO - log_game_event:61 - Игровое событие: обновление_позиции - {"client_id": 0, "position": {"x": 1025, "y": 680}, "inputs": {"left": false, "right": false, "up": false, "down": true}}
2025-09-29 16:20:36,892 - game_server - INFO - log_game_event:61 - Игровое событие: обновление_позиции - {"client_id": 0, "position": {"x": 1025, "y": 685}, "inputs": {"left": false, "right": false, "up": false, "down": true}}
2025-09-29 16:20:36,928 - game_server - INFO - log_game_event:61 - Игровое событие: обновление_позиции - {"client_id": 0, "position": {"x": 1025, "y": 690}, "inputs": {"left": false, "right": false, "up": false, "down": true}}
2025-09-29 16:20:36,963 - game_server - INFO - log_game_event:61 - Игровое событие: обновление_позиции - {"client_id": 0, "position": {"x": 1025, "y": 695}, "inputs": {"left": false, "right": false, "up": false, "down": true}}
2025-09-29 16:20:37,000 - game_server - INFO - log_game_event:61 - Игровое событие: обновление_позиции - {"client_id": 0, "position": {"x": 1025, "y": 700}, "inputs": {"left": false, "right": false, "up": false, "down": true}}
2025-09-29 16:20:37,039 - game_server - INFO - log_game_event:61 - Игровое событие: обновление_позиции - {"client_id": 0, "position": {"x": 1030, "y": 705}, "inputs": {"left": false, "right": true, "up": false, "down": true}}
2025-09-29 16:20:37,075 - game_server - INFO - log_game_event:61 - Игровое событие: обновление_позиции - {"client_id": 0, "position": {"x": 1035, "y": 710}, "inputs": {"left": false, "right": true, "up": false, "down": true}}
2025-09-29 16:20:37,111 - game_server - INFO - log_game_event:61 - Игровое событие: обновление_позиции - {"client_id": 0, "position": {"x": 1040, "y": 715}, "inputs": {"left": false, "right": true, "up": false, "down": true}}
2025-09-29 16:20:37,148 - game_server - INFO - log_game_event:61 - Игровое событие: обновление_позиции - {"client_id": 0, "position": {"x": 1045, "y": 720}, "inputs": {"left": false, "right": true, "up": false, "down": true}}
2025-09-29 16:20:37,187 - game_server - INFO - log_game_event:61 - Игровое событие: обновление_позиции - {"client_id": 0, "position": {"x": 1050, "y": 720}, "inputs": {"left": false, "right": true, "up": false, "down": false}}
2025-09-29 16:20:37,225 - game_server - INFO - log_game_event:61 - Игровое событие: обновление_позиции - {"client_id": 0, "position": {"x": 1055, "y": 720}, "inputs": {"left": false, "right": true, "up": false, "down": false}}
2025-09-29 16:20:37,260 - game_server - INFO - log_game_event:61 - Игровое событие: обновление_позиции - {"client_id": 0, "position": {"x": 1060, "y": 720}, "inputs": {"left": false, "right": true, "up": false, "down": false}}
2025-09-29 16:20:37,296 - game_server - INFO - log_game_event:61 - Игровое событие: обновление_позиции - {"client_id": 0, "position": {"x": 1065, "y": 720}, "inputs": {"left": false, "right": true, "up": false, "down": false}}
2025-09-29 16:20:37,333 - game_server - INFO - log_game_event:61 - Игровое событие: обновление_позиции - {"client_id": 0, "position": {"x": 1070, "y": 720}, "inputs": {"left": false, "right": true, "up": false, "down": false}}
2025-09-29 16:20:37,371 - game_server - INFO - log_game_event:61 - Игровое событие: обновление_позиции - {"client_id": 0, "position": {"x": 1075, "y": 720}, "inputs": {"left": false, "right": true, "up": false, "down": false}}
2025-09-29 16:20:37,408 - game_server - INFO - log_game_event:61 - Игровое событие: обновление_позиции - {"client_id": 0, "position": {"x": 1080, "y": 720}, "inputs": {"left": false, "right": true, "up": false, "down": false}}
2025-09-29 16:20:37,445 - game_server - INFO - log_game_event:61 - Игровое событие: обновление_позиции - {"client_id": 0, "position": {"x": 1085, "y": 720}, "inputs": {"left": false, "right": true, "up": false, "down": false}}
2025-09-29 16:20:37,481 - game_server - INFO - log_game_event:61 - Игровое событие: обновление_позиции - {"client_id": 0, "position": {"x": 1090, "y": 720}, "inputs": {"left": false, "right": true, "up": false, "down": false}}
2025-09-29 16:20:37,518 - game_server - INFO - log_game_event:61 - Игровое событие: обновление_позиции - {"client_id": 0, "position": {"x": 1095, "y": 720}, "inputs": {"left": false, "right": true, "up": false, "down": false}}
2025-09-29 16:20:37,555 - game_server - INFO - log_game_event:61 - Игровое событие: обновление_позиции - {"client_id": 0, "position": {"x": 1100, "y": 720}, "inputs": {"left": false, "right": true, "up": false, "down": false}}
2025-09-29 16:20:37,590 - game_server - INFO - log_game_event:61 - Игровое событие: обновление_позиции - {"client_id": 0, "position": {"x": 1105, "y": 720}, "inputs": {"left": false, "right": true, "up": false, "down": false}}
2025-09-29 16:20:37,627 - game_server - INFO - log_game_event:61 - Игровое событие: обновление_позиции - {"client_id": 0, "position": {"x": 1110, "y": 720}, "inputs": {"left": false, "right": true, "up": false, "down": false}}
2025-09-29 16:20:37,662 - game_server - INFO - log_game_event:61 - Игровое событие: обновление_позиции - {"client_id": 0, "position": {"x": 1115, "y": 720}, "inputs": {"left": false, "right": true, "up": false, "down": false}}
2025-09-29 16:20:37,698 - game_server - INFO - log_game_event:61 - Игровое событие: обновление_позиции - {"client_id": 0, "position": {"x": 1120, "y": 720}, "inputs": {"left": false, "right": true, "up": false, "down": false}}
2025-09-29 16:20:37,735 - game_server - INFO - log_game_event:61 - Игровое событие: обновление_позиции - {"client_id": 0, "position": {"x": 1125, "y": 720}, "inputs": {"left": false, "right": true, "up": false, "down": false}}
2025-09-29 16:20:37,771 - game_server - INFO - log_game_event:61 - Игровое событие: обновление_позиции - {"client_id": 0, "position": {"x": 1130, "y": 720}, "inputs": {"left": false, "right": true, "up": false, "down": false}}
2025-09-29 16:20:37,807 - game_server - INFO - log_game_event:61 - Игровое событие: обновление_позиции - {"client_id": 0, "position": {"x": 1135, "y": 720}, "inputs": {"left": false, "right": true, "up": false, "down": false}}
2025-09-29 16:20:37,843 - game_server - INFO - log_game_event:61 - Игровое событие: обновление_позиции - {"client_id": 0, "position": {"x": 1140, "y": 720}, "inputs": {"left": false, "right": true, "up": false, "down": false}}
2025-09-29 16:20:37,879 - game_server - INFO - log_game_event:61 - Игровое событие: обновление_позиции - {"client_id": 0, "position": {"x": 1145, "y": 720}, "inputs": {"left": false, "right": true, "up": false, "down": false}}
2025-09-29 16:20:37,916 - game_server - INFO - log_game_event:61 - Игровое событие: обновление_позиции - {"client_id": 0, "position": {"x": 1150, "y": 720}, "inputs": {"left": false, "right": true, "up": false, "down": false}}
2025-09-29 16:20:37,955 - game_server - INFO - log_game_event:61 - Игровое событие: обновление_позиции - {"client_id": 0, "position": {"x": 1155, "y": 720}, "inputs": {"left": false, "right": true, "up": false, "down": false}}
2025-09-29 16:20:37,991 - game_server - INFO - log_game_event:61 - Игровое событие: обновление_позиции - {"client_id": 0, "position": {"x": 1160, "y": 720}, "inputs": {"left": false, "right": true, "up": false, "down": false}}
2025-09-29 16:20:38,028 - game_server - INFO - log_game_event:61 - Игровое событие: обновление_позиции - {"client_id": 0, "position": {"x": 1165, "y": 720}, "inputs": {"left": false, "right": true, "up": false, "down": false}}
2025-09-29 16:20:38,066 - game_server - INFO - log_game_event:61 - Игровое событие: обновление_позиции - {"client_id": 0, "position": {"x": 1170, "y": 720}, "inputs": {"left": false, "right": true, "up": false, "down": false}}
2025-09-29 16:20:38,103 - game_server - INFO - log_game_event:61 - Игровое событие: обновление_позиции - {"client_id": 0, "position": {"x": 1175, "y": 720}, "inputs": {"left": false, "right": true, "up": false, "down": false}}
2025-09-29 16:20:38,140 - game_server - INFO - log_game_event:61 - Игровое событие: обновление_позиции - {"client_id": 0, "position": {"x": 1180, "y": 720}, "inputs": {"left": false, "right": true, "up": false, "down": false}}
2025-09-29 16:20:38,177 - game_server - INFO - log_game_event:61 - Игровое событие: обновление_позиции - {"client_id": 0, "position": {"x": 1185, "y": 720}, "inputs": {"left": false, "right": true, "up": false, "down": false}}
2025-09-29 16:20:38,215 - game_server - INFO - log_game_event:61 - Игровое событие: обновление_позиции - {"client_id": 0, "position": {"x": 1190, "y": 720}, "inputs": {"left": false, "right": true, "up": false, "down": false}}
2025-09-29 16:20:38,248 - game_server - INFO - log_game_event:61 - Игровое событие: обновление_позиции - {"client_id": 0, "position": {"x": 1195, "y": 720}, "inputs": {"left": false, "right": true, "up": false, "down": false}}
2025-09-29 16:20:38,273 - game_server - INFO - log_game_event:61 - Игровое событие: обновление_позиции - {"client_id": 0, "position": {"x": 1200, "y": 720}, "inputs": {"left": false, "right": true, "up": false, "down": false}}
2025-09-29 16:20:38,311 - game_server - INFO - log_game_event:61 - Игровое событие: обновление_позиции - {"client_id": 0, "position": {"x": 1205, "y": 720}, "inputs": {"left": false, "right": true, "up": false, "down": false}}
2025-09-29 16:20:38,345 - game_server - INFO - log_game_event:61 - Игровое событие: обновление_позиции - {"client_id": 0, "position": {"x": 1210, "y": 720}, "inputs": {"left": false, "right": true, "up": false, "down": false}}
2025-09-29 16:20:38,375 - game_server - INFO - log_game_event:61 - Игровое событие: обновление_позиции - {"client_id": 0, "position": {"x": 1215, "y": 720}, "inputs": {"left": false, "right": true, "up": false, "down": false}}
2025-09-29 16:20:38,407 - game_server - INFO - log_game_event:61 - Игровое событие: обновление_позиции - {"client_id": 0, "position": {"x": 1220, "y": 720}, "inputs": {"left": false, "right": true, "up": false, "down": false}}
2025-09-29 16:20:38,440 - game_server - INFO - log_game_event:61 - Игровое событие: обновление_позиции - {"client_id": 0, "position": {"x": 1225, "y": 720}, "inputs": {"left": false, "right": true, "up": false, "down": false}}
2025-09-29 16:20:38,473 - game_server - INFO - log_game_event:61 - Игровое событие: обновление_позиции - {"client_id": 0, "position": {"x": 1230, "y": 720}, "inputs": {"left": false, "right": true, "up": false, "down": false}}
2025-09-29 16:20:38,504 - game_server - INFO - log_game_event:61 - Игровое событие: обновление_позиции - {"client_id": 0, "position": {"x": 1235, "y": 720}, "inputs": {"left": false, "right": true, "up": false, "down": false}}
2025-09-29 16:20:38,530 - game_server - INFO - log_game_event:61 - Игровое событие: обновление_позиции - {"client_id": 0, "position": {"x": 1240, "y": 720}, "inputs": {"left": false, "right": true, "up": false, "down": false}}
2025-09-29 16:20:38,563 - game_server - INFO - log_game_event:61 - Игровое событие: обновление_позиции - {"client_id": 0, "position": {"x": 1245, "y": 720}, "inputs": {"left": false, "right": true, "up": false, "down": false}}
2025-09-29 16:20:38,592 - game_server - INFO - log_game_event:61 - Игровое событие: обновление_позиции - {"client_id": 0, "position": {"x": 1250, "y": 720}, "inputs": {"left": false, "right": true, "up": false, "down": false}}
2025-09-29 16:20:38,617 - game_server - INFO - log_game_event:61 - Игровое событие: обновление_позиции - {"client_id": 0, "position": {"x": 1255, "y": 720}, "inputs": {"left": false, "right": true, "up": false, "down": false}}
2025-09-29 16:20:38,647 - game_server - INFO - log_game_event:61 - Игровое событие: обновление_позиции - {"client_id": 0, "position": {"x": 1260, "y": 720}, "inputs": {"left": false, "right": true, "up": false, "down": false}}
2025-09-29 16:20:38,677 - game_server - INFO - log_game_event:61 - Игровое событие: обновление_позиции - {"client_id": 0, "position": {"x": 1265, "y": 720}, "inputs": {"left": false, "right": true, "up": false, "down": false}}
2025-09-29 16:20:38,713 - game_server - INFO - log_game_event:61 - Игровое событие: обновление_позиции - {"client_id": 0, "position": {"x": 1270, "y": 720}, "inputs": {"left": false, "right": true, "up": false, "down": false}}
2025-09-29 16:20:38,751 - game_server - INFO - log_game_event:61 - Игровое событие: обновление_позиции - {"client_id": 0, "position": {"x": 1275, "y": 720}, "inputs": {"left": false, "right": true, "up": false, "down": false}}
2025-09-29 16:20:38,787 - game_server - INFO - log_game_event:61 - Игровое событие: обновление_позиции - {"client_id": 0, "position": {"x": 1280, "y": 720}, "inputs": {"left": false, "right": true, "up": false, "down": false}}
2025-09-29 16:20:38,824 - game_server - INFO - log_game_event:61 - Игровое событие: обновление_позиции - {"client_id": 0, "position": {"x": 1285, "y": 720}, "inputs": {"left": false, "right": true, "up": false, "down": false}}
2025-09-29 16:20:38,859 - game_server - INFO - log_game_event:61 - Игровое событие: обновление_позиции - {"client_id": 0, "position": {"x": 1290, "y": 720}, "inputs": {"left": true, "right": true, "up": false, "down": false}}
2025-09-29 16:20:38,890 - game_server - INFO - log_game_event:61 - Игровое событие: обновление_позиции - {"client_id": 0, "position": {"x": 1285, "y": 720}, "inputs": {"left": true, "right": false, "up": false, "down": false}}
2025-09-29 16:20:38,929 - game_server - INFO - log_game_event:61 - Игровое событие: обновление_позиции - {"client_id": 0, "position": {"x": 1280, "y": 720}, "inputs": {"left": true, "right": false, "up": false, "down": false}}
2025-09-29 16:20:38,966 - game_server - INFO - log_game_event:61 - Игровое событие: обновление_позиции - {"client_id": 0, "position": {"x": 1275, "y": 720}, "inputs": {"left": true, "right": false, "up": false, "down": false}}
2025-09-29 16:20:39,002 - game_server - INFO - log_game_event:61 - Игровое событие: обновление_позиции - {"client_id": 0, "position": {"x": 1270, "y": 720}, "inputs": {"left": true, "right": false, "up": false, "down": false}}
2025-09-29 16:20:39,040 - game_server - INFO - log_game_event:61 - Игровое событие: обновление_позиции - {"client_id": 0, "position": {"x": 1265, "y": 720}, "inputs": {"left": true, "right": false, "up": false, "down": false}}
2025-09-29 16:20:39,076 - game_server - INFO - log_game_event:61 - Игровое событие: обновление_позиции - {"client_id": 0, "position": {"x": 1260, "y": 720}, "inputs": {"left": true, "right": false, "up": false, "down": false}}
2025-09-29 16:20:39,112 - game_server - INFO - log_game_event:61 - Игровое событие: обновление_позиции - {"client_id": 0, "position": {"x": 1255, "y": 720}, "inputs": {"left": true, "right": false, "up": false, "down": false}}
2025-09-29 16:20:39,149 - game_server - INFO - log_game_event:61 - Игровое событие: обновление_позиции - {"client_id": 0, "position": {"x": 1250, "y": 720}, "inputs": {"left": true, "right": false, "up": false, "down": false}}
2025-09-29 16:20:39,186 - game_server - INFO - log_game_event:61 - Игровое событие: обновление_позиции - {"client_id": 0, "position": {"x": 1245, "y": 720}, "inputs": {"left": true, "right": false, "up": false, "down": false}}
2025-09-29 16:20:39,223 - game_server - INFO - log_game_event:61 - Игровое событие: обновление_позиции - {"client_id": 0, "position": {"x": 1240, "y": 720}, "inputs": {"left": true, "right": false, "up": false, "down": false}}
2025-09-29 16:20:39,261 - game_server - INFO - log_game_event:61 - Игровое событие: обновление_позиции - {"client_id": 0, "position": {"x": 1235, "y": 720}, "inputs": {"left": true, "right": false, "up": false, "down": false}}
2025-09-29 16:20:39,297 - game_server - INFO - log_game_event:61 - Игровое событие: обновление_позиции - {"client_id": 0, "position": {"x": 1230, "y": 720}, "inputs": {"left": true, "right": false, "up": false, "down": false}}
2025-09-29 16:20:39,335 - game_server - INFO - log_game_event:61 - Игровое событие: обновление_позиции - {"client_id": 0, "position": {"x": 1225, "y": 720}, "inputs": {"left": true, "right": false, "up": false, "down": false}}
2025-09-29 16:20:39,373 - game_server - INFO - log_game_event:61 - Игровое событие: обновление_позиции - {"client_id": 0, "position": {"x": 1220, "y": 720}, "inputs": {"left": true, "right": false, "up": false, "down": false}}
2025-09-29 16:20:39,409 - game_server - INFO - log_game_event:61 - Игровое событие: обновление_позиции - {"client_id": 0, "position": {"x": 1215, "y": 720}, "inputs": {"left": true, "right": false, "up": false, "down": false}}
2025-09-29 16:20:39,446 - game_server - INFO - log_game_event:61 - Игровое событие: обновление_позиции - {"client_id": 0, "position": {"x": 1210, "y": 720}, "inputs": {"left": true, "right": false, "up": false, "down": false}}
2025-09-29 16:20:39,481 - game_server - INFO - log_game_event:61 - Игровое событие: обновление_позиции - {"client_id": 0, "position": {"x": 1205, "y": 720}, "inputs": {"left": true, "right": false, "up": false, "down": false}}
2025-09-29 16:20:39,516 - game_server - INFO - log_game_event:61 - Игровое событие: обновление_позиции - {"client_id": 0, "position": {"x": 1200, "y": 720}, "inputs": {"left": true, "right": false, "up": false, "down": false}}
2025-09-29 16:20:39,549 - game_server - INFO - log_game_event:61 - Игровое событие: обновление_позиции - {"client_id": 0, "position": {"x": 1195, "y": 720}, "inputs": {"left": true, "right": false, "up": false, "down": false}}
2025-09-29 16:20:39,587 - game_server - INFO - log_game_event:61 - Игровое событие: обновление_позиции - {"client_id": 0, "position": {"x": 1190, "y": 720}, "inputs": {"left": true, "right": false, "up": false, "down": false}}
2025-09-29 16:20:39,623 - game_server - INFO - log_game_event:61 - Игровое событие: обновление_позиции - {"client_id": 0, "position": {"x": 1185, "y": 720}, "inputs": {"left": true, "right": false, "up": false, "down": false}}
2025-09-29 16:20:39,658 - game_server - INFO - log_game_event:61 - Игровое событие: обновление_позиции - {"client_id": 0, "position": {"x": 1180, "y": 720}, "inputs": {"left": true, "right": false, "up": false, "down": false}}
2025-09-29 16:20:39,690 - game_server - INFO - log_game_event:61 - Игровое событие: обновление_позиции - {"client_id": 0, "position": {"x": 1175, "y": 720}, "inputs": {"left": true, "right": false, "up": false, "down": false}}
2025-09-29 16:20:39,723 - game_server - INFO - log_game_event:61 - Игровое событие: обновление_позиции - {"client_id": 0, "position": {"x": 1170, "y": 720}, "inputs": {"left": true, "right": false, "up": false, "down": false}}
2025-09-29 16:20:39,753 - game_server - INFO - log_game_event:61 - Игровое событие: обновление_позиции - {"client_id": 0, "position": {"x": 1165, "y": 720}, "inputs": {"left": true, "right": false, "up": false, "down": false}}
2025-09-29 16:20:39,786 - game_server - INFO - log_game_event:61 - Игровое событие: обновление_позиции - {"client_id": 0, "position": {"x": 1160, "y": 720}, "inputs": {"left": true, "right": false, "up": false, "down": false}}
2025-09-29 16:20:39,823 - game_server - INFO - log_game_event:61 - Игровое событие: обновление_позиции - {"client_id": 0, "position": {"x": 1155, "y": 720}, "inputs": {"left": true, "right": false, "up": false, "down": false}}
2025-09-29 16:20:39,860 - game_server - INFO - log_game_event:61 - Игровое событие: обновление_позиции - {"client_id": 0, "position": {"x": 1150, "y": 720}, "inputs": {"left": true, "right": false, "up": false, "down": false}}
2025-09-29 16:20:39,895 - game_server - INFO - log_game_event:61 - Игровое событие: обновление_позиции - {"client_id": 0, "position": {"x": 1145, "y": 720}, "inputs": {"left": true, "right": false, "up": false, "down": false}}
2025-09-29 16:20:39,926 - game_server - INFO - log_game_event:61 - Игровое событие: обновление_позиции - {"client_id": 0, "position": {"x": 1140, "y": 720}, "inputs": {"left": true, "right": false, "up": false, "down": false}}
2025-09-29 16:20:39,960 - game_server - INFO - log_game_event:61 - Игровое событие: обновление_позиции - {"client_id": 0, "position": {"x": 1135, "y": 720}, "inputs": {"left": true, "right": false, "up": false, "down": false}}
2025-09-29 16:20:39,991 - game_server - INFO - log_game_event:61 - Игровое событие: обновление_позиции - {"client_id": 0, "position": {"x": 1130, "y": 720}, "inputs": {"left": true, "right": false, "up": false, "down": false}}
2025-09-29 16:20:40,025 - game_server - INFO - log_game_event:61 - Игровое событие: обновление_позиции - {"client_id": 0, "position": {"x": 1125, "y": 720}, "inputs": {"left": true, "right": false, "up": false, "down": false}}
2025-09-29 16:20:40,061 - game_server - INFO - log_game_event:61 - Игровое событие: обновление_позиции - {"client_id": 0, "position": {"x": 1120, "y": 720}, "inputs": {"left": true, "right": false, "up": false, "down": false}}
2025-09-29 16:20:40,097 - game_server - INFO - log_game_event:61 - Игровое событие: обновление_позиции - {"client_id": 0, "position": {"x": 1115, "y": 720}, "inputs": {"left": true, "right": false, "up": false, "down": false}}
2025-09-29 16:20:40,134 - game_server - INFO - log_game_event:61 - Игровое событие: обновление_позиции - {"client_id": 0, "position": {"x": 1110, "y": 715}, "inputs": {"left": true, "right": false, "up": true, "down": false}}
2025-09-29 16:20:40,171 - game_server - INFO - log_game_event:61 - Игровое событие: обновление_позиции - {"client_id": 0, "position": {"x": 1105, "y": 710}, "inputs": {"left": true, "right": false, "up": true, "down": false}}
2025-09-29 16:20:40,207 - game_server - INFO - log_game_event:61 - Игровое событие: обновление_позиции - {"client_id": 0, "position": {"x": 1100, "y": 705}, "inputs": {"left": true, "right": false, "up": true, "down": false}}
2025-09-29 16:20:40,243 - game_server - INFO - log_game_event:61 - Игровое событие: обновление_позиции - {"client_id": 0, "position": {"x": 1095, "y": 700}, "inputs": {"left": true, "right": false, "up": true, "down": false}}
2025-09-29 16:20:40,278 - game_server - INFO - log_game_event:61 - Игровое событие: обновление_позиции - {"client_id": 0, "position": {"x": 1090, "y": 695}, "inputs": {"left": true, "right": false, "up": true, "down": false}}
2025-09-29 16:20:40,317 - game_server - INFO - log_game_event:61 - Игровое событие: обновление_позиции - {"client_id": 0, "position": {"x": 1090, "y": 690}, "inputs": {"left": false, "right": false, "up": true, "down": false}}
2025-09-29 16:20:40,354 - game_server - INFO - log_game_event:61 - Игровое событие: обновление_позиции - {"client_id": 0, "position": {"x": 1090, "y": 685}, "inputs": {"left": false, "right": false, "up": true, "down": false}}
2025-09-29 16:20:40,390 - game_server - INFO - log_game_event:61 - Игровое событие: обновление_позиции - {"client_id": 0, "position": {"x": 1090, "y": 680}, "inputs": {"left": false, "right": false, "up": true, "down": false}}
2025-09-29 16:20:40,416 - game_server - INFO - log_game_event:61 - Игровое событие: обновление_позиции - {"client_id": 0, "position": {"x": 1090, "y": 675}, "inputs": {"left": false, "right": false, "up": true, "down": false}}
2025-09-29 16:20:40,453 - game_server - INFO - log_game_event:61 - Игровое событие: обновление_позиции - {"client_id": 0, "position": {"x": 1090, "y": 670}, "inputs": {"left": false, "right": false, "up": true, "down": false}}
2025-09-29 16:20:40,490 - game_server - INFO - log_game_event:61 - Игровое событие: обновление_позиции - {"client_id": 0, "position": {"x": 1090, "y": 665}, "inputs": {"left": false, "right": false, "up": true, "down": false}}
2025-09-29 16:20:40,526 - game_server - INFO - log_game_event:61 - Игровое событие: обновление_позиции - {"client_id": 0, "position": {"x": 1090, "y": 660}, "inputs": {"left": false, "right": false, "up": true, "down": false}}
2025-09-29 16:20:40,565 - game_server - INFO - log_game_event:61 - Игровое событие: обновление_позиции - {"client_id": 0, "position": {"x": 1090, "y": 655}, "inputs": {"left": false, "right": false, "up": true, "down": false}}
2025-09-29 16:20:40,602 - game_server - INFO - log_game_event:61 - Игровое событие: обновление_позиции - {"client_id": 0, "position": {"x": 1090, "y": 650}, "inputs": {"left": false, "right": false, "up": true, "down": false}}
2025-09-29 16:20:40,637 - game_server - INFO - log_game_event:61 - Игровое событие: обновление_позиции - {"client_id": 0, "position": {"x": 1090, "y": 645}, "inputs": {"left": false, "right": false, "up": true, "down": false}}
2025-09-29 16:20:40,674 - game_server - INFO - log_game_event:61 - Игровое событие: обновление_позиции - {"client_id": 0, "position": {"x": 1090, "y": 640}, "inputs": {"left": false, "right": false, "up": true, "down": false}}
2025-09-29 16:20:40,709 - game_server - INFO - log_game_event:61 - Игровое событие: обновление_позиции - {"client_id": 0, "position": {"x": 1090, "y": 635}, "inputs": {"left": false, "right": false, "up": true, "down": false}}
2025-09-29 16:20:40,743 - game_server - INFO - log_game_event:61 - Игровое событие: обновление_позиции - {"client_id": 0, "position": {"x": 1090, "y": 630}, "inputs": {"left": false, "right": false, "up": true, "down": false}}
2025-09-29 16:20:40,779 - game_server - INFO - log_game_event:61 - Игровое событие: обновление_позиции - {"client_id": 0, "position": {"x": 1090, "y": 625}, "inputs": {"left": false, "right": false, "up": true, "down": false}}
2025-09-29 16:20:40,818 - game_server - INFO - log_game_event:61 - Игровое событие: обновление_позиции - {"client_id": 0, "position": {"x": 1090, "y": 620}, "inputs": {"left": false, "right": false, "up": true, "down": false}}
2025-09-29 16:20:40,855 - game_server - INFO - log_game_event:61 - Игровое событие: обновление_позиции - {"client_id": 0, "position": {"x": 1090, "y": 615}, "inputs": {"left": false, "right": false, "up": true, "down": false}}
2025-09-29 16:20:40,893 - game_server - INFO - log_game_event:61 - Игровое событие: обновление_позиции - {"client_id": 0, "position": {"x": 1090, "y": 615}, "inputs": {"left": false, "right": false, "up": false, "down": false}}
2025-09-29 16:20:40,930 - game_server - INFO - log_game_event:61 - Игровое событие: обновление_позиции - {"client_id": 0, "position": {"x": 1090, "y": 615}, "inputs": {"left": false, "right": false, "up": false, "down": false}}
2025-09-29 16:20:40,967 - game_server - INFO - log_game_event:61 - Игровое событие: обновление_позиции - {"client_id": 0, "position": {"x": 1090, "y": 615}, "inputs": {"left": false, "right": false, "up": false, "down": false}}
2025-09-29 16:20:41,006 - game_server - INFO - log_game_event:61 - Игровое событие: обновление_позиции - {"client_id": 0, "position": {"x": 1090, "y": 615}, "inputs": {"left": false, "right": false, "up": false, "down": false}}
2025-09-29 16:20:41,043 - game_server - INFO - log_game_event:61 - Игровое событие: обновление_позиции - {"client_id": 0, "position": {"x": 1090, "y": 615}, "inputs": {"left": false, "right": false, "up": false, "down": false}}
2025-09-29 16:20:41,080 - game_server - INFO - log_game_event:61 - Игровое событие: обновление_позиции - {"client_id": 0, "position": {"x": 1090, "y": 615}, "inputs": {"left": false, "right": false, "up": false, "down": false}}
2025-09-29 16:20:41,117 - game_server - INFO - log_game_event:61 - Игровое событие: обновление_позиции - {"client_id": 0, "position": {"x": 1090, "y": 615}, "inputs": {"left": false, "right": false, "up": false, "down": false}}
2025-09-29 16:20:41,154 - game_server - INFO - log_game_event:61 - Игровое событие: обновление_позиции - {"client_id": 0, "position": {"x": 1090, "y": 615}, "inputs": {"left": false, "right": false, "up": false, "down": false}}
2025-09-29 16:20:41,185 - game_server - INFO - log_game_event:61 - Игровое событие: обновление_позиции - {"client_id": 0, "position": {"x": 1090, "y": 615}, "inputs": {"left": false, "right": false, "up": false, "down": false}}
2025-09-29 16:20:41,222 - game_server - INFO - log_game_event:61 - Игровое событие: обновление_позиции - {"client_id": 0, "position": {"x": 1090, "y": 615}, "inputs": {"left": false, "right": false, "up": false, "down": false}}
2025-09-29 16:20:41,259 - game_server - INFO - log_game_event:61 - Игровое событие: обновление_позиции - {"client_id": 0, "position": {"x": 1090, "y": 615}, "inputs": {"left": false, "right": false, "up": false, "down": false}}
2025-09-29 16:20:41,295 - game_server - INFO - log_game_event:61 - Игровое событие: обновление_позиции - {"client_id": 0, "position": {"x": 1090, "y": 615}, "inputs": {"left": false, "right": false, "up": false, "down": false}}
2025-09-29 16:20:41,331 - game_server - INFO - log_game_event:61 - Игровое событие: обновление_позиции - {"client_id": 0, "position": {"x": 1090, "y": 615}, "inputs": {"left": false, "right": false, "up": false, "down": false}}
2025-09-29 16:20:41,368 - game_server - INFO - log_game_event:61 - Игровое событие: обновление_позиции - {"client_id": 0, "position": {"x": 1090, "y": 615}, "inputs": {"left": false, "right": false, "up": false, "down": false}}
2025-09-29 16:20:41,405 - game_server - INFO - log_game_event:61 - Игровое событие: обновление_позиции - {"client_id": 0, "position": {"x": 1090, "y": 615}, "inputs": {"left": false, "right": false, "up": false, "down": false}}
2025-09-29 16:20:41,441 - game_server - INFO - log_game_event:61 - Игровое событие: обновление_позиции - {"client_id": 0, "position": {"x": 1090, "y": 615}, "inputs": {"left": false, "right": false, "up": false, "down": false}}
2025-09-29 16:20:41,477 - game_server - INFO - log_game_event:61 - Игровое событие: обновление_позиции - {"client_id": 0, "position": {"x": 1090, "y": 615}, "inputs": {"left": false, "right": false, "up": false, "down": false}}
2025-09-29 16:20:41,512 - game_server - INFO - log_game_event:61 - Игровое событие: обновление_позиции - {"client_id": 0, "position": {"x": 1090, "y": 615}, "inputs": {"left": false, "right": false, "up": false, "down": false}}
2025-09-29 16:20:41,550 - game_server - INFO - log_game_event:61 - Игровое событие: обновление_позиции - {"client_id": 0, "position": {"x": 1090, "y": 615}, "inputs": {"left": false, "right": false, "up": false, "down": false}}
2025-09-29 16:20:41,588 - game_server - INFO - log_game_event:61 - Игровое событие: обновление_позиции - {"client_id": 0, "position": {"x": 1090, "y": 615}, "inputs": {"left": false, "right": false, "up": false, "down": false}}
2025-09-29 16:20:41,626 - game_server - INFO - log_game_event:61 - Игровое событие: обновление_позиции - {"client_id": 0, "position": {"x": 1090, "y": 615}, "inputs": {"left": false, "right": false, "up": false, "down": false}}
2025-09-29 16:20:41,662 - game_server - INFO - log_game_event:61 - Игровое событие: обновление_позиции - {"client_id": 0, "position": {"x": 1090, "y": 615}, "inputs": {"left": false, "right": false, "up": false, "down": false}}
2025-09-29 16:20:41,987 - game_server - INFO - log_game_event:61 - Игровое событие: обновление_позиции - {"client_id": 0, "position": {"x": 1090, "y": 615}, "inputs": {"left": false, "right": false, "up": false, "down": false}}
2025-09-29 16:20:42,029 - game_server - INFO - log_game_event:61 - Игровое событие: обновление_позиции - {"client_id": 0, "position": {"x": 1090, "y": 615}, "inputs": {"left": false, "right": false, "up": false, "down": false}}
2025-09-29 16:20:42,054 - game_server - INFO - log_game_event:61 - Игровое событие: обновление_позиции - {"client_id": 0, "position": {"x": 1090, "y": 615}, "inputs": {"left": false, "right": false, "up": false, "down": false}}
2025-09-29 16:20:42,088 - game_server - INFO - log_game_event:61 - Игровое событие: обновление_позиции - {"client_id": 0, "position": {"x": 1090, "y": 615}, "inputs": {"left": false, "right": false, "up": false, "down": false}}
2025-09-29 16:20:42,116 - game_server - INFO - log_game_event:61 - Игровое событие: обновление_позиции - {"client_id": 0, "position": {"x": 1090, "y": 615}, "inputs": {"left": false, "right": false, "up": false, "down": false}}
2025-09-29 16:20:42,140 - game_server - INFO - log_game_event:61 - Игровое событие: обновление_позиции - {"client_id": 0, "position": {"x": 1090, "y": 615}, "inputs": {"left": false, "right": false, "up": false, "down": false}}
2025-09-29 16:20:42,167 - game_server - INFO - log_game_event:61 - Игровое событие: обновление_позиции - {"client_id": 0, "position": {"x": 1090, "y": 615}, "inputs": {"left": false, "right": false, "up": false, "down": false}}
2025-09-29 16:20:42,202 - game_server - INFO - log_game_event:61 - Игровое событие: обновление_позиции - {"client_id": 0, "position": {"x": 1090, "y": 615}, "inputs": {"left": false, "right": false, "up": false, "down": false}}
2025-09-29 16:20:42,229 - game_server - INFO - log_game_event:61 - Игровое событие: обновление_позиции - {"client_id": 0, "position": {"x": 1090, "y": 615}, "inputs": {"left": false, "right": false, "up": false, "down": false}}
2025-09-29 16:20:42,262 - game_server - INFO - log_game_event:61 - Игровое событие: обновление_позиции - {"client_id": 0, "position": {"x": 1090, "y": 615}, "inputs": {"left": false, "right": false, "up": false, "down": false}}
2025-09-29 16:20:42,299 - game_server - INFO - log_game_event:61 - Игровое событие: обновление_позиции - {"client_id": 0, "position": {"x": 1090, "y": 615}, "inputs": {"left": false, "right": false, "up": false, "down": false}}
2025-09-29 16:20:42,337 - game_server - INFO - log_game_event:61 - Игровое событие: обновление_позиции - {"client_id": 0, "position": {"x": 1090, "y": 615}, "inputs": {"left": false, "right": false, "up": false, "down": false}}
2025-09-29 16:20:42,375 - game_server - INFO - log_game_event:61 - Игровое событие: обновление_позиции - {"client_id": 0, "position": {"x": 1090, "y": 615}, "inputs": {"left": false, "right": false, "up": false, "down": false}}
2025-09-29 16:20:42,411 - game_server - INFO - log_game_event:61 - Игровое событие: обновление_позиции - {"client_id": 0, "position": {"x": 1090, "y": 615}, "inputs": {"left": false, "right": false, "up": false, "down": false}}
2025-09-29 16:20:42,445 - game_server - INFO - log_game_event:61 - Игровое событие: обновление_позиции - {"client_id": 0, "position": {"x": 1090, "y": 615}, "inputs": {"left": false, "right": false, "up": false, "down": false}}
2025-09-29 16:20:42,483 - game_server - INFO - log_game_event:61 - Игровое событие: обновление_позиции - {"client_id": 0, "position": {"x": 1090, "y": 615}, "inputs": {"left": false, "right": false, "up": false, "down": false}}
2025-09-29 16:20:42,518 - game_server - INFO - log_game_event:61 - Игровое событие: обновление_позиции - {"client_id": 0, "position": {"x": 1090, "y": 615}, "inputs": {"left": false, "right": false, "up": false, "down": false}}
2025-09-29 16:20:42,550 - game_server - INFO - log_game_event:61 - Игровое событие: обновление_позиции - {"client_id": 0, "position": {"x": 1090, "y": 615}, "inputs": {"left": false, "right": false, "up": false, "down": false}}
2025-09-29 16:20:42,580 - game_server - INFO - log_game_event:61 - Игровое событие: обновление_позиции - {"client_id": 0, "position": {"x": 1090, "y": 615}, "inputs": {"left": false, "right": false, "up": false, "down": false}}
2025-09-29 16:20:42,615 - game_server - INFO - log_game_event:61 - Игровое событие: обновление_позиции - {"client_id": 0, "position": {"x": 1090, "y": 615}, "inputs": {"left": false, "right": false, "up": false, "down": false}}
2025-09-29 16:20:42,648 - game_server - INFO - log_game_event:61 - Игровое событие: обновление_позиции - {"client_id": 0, "position": {"x": 1090, "y": 615}, "inputs": {"left": false, "right": false, "up": false, "down": false}}
2025-09-29 16:20:42,682 - game_server - INFO - log_game_event:61 - Игровое событие: обновление_позиции - {"client_id": 0, "position": {"x": 1090, "y": 615}, "inputs": {"left": false, "right": false, "up": false, "down": false}}
2025-09-29 16:20:42,717 - game_server - INFO - log_game_event:61 - Игровое событие: обновление_позиции - {"client_id": 0, "position": {"x": 1090, "y": 615}, "inputs": {"left": false, "right": false, "up": false, "down": false}}
2025-09-29 16:20:42,753 - game_server - INFO - log_game_event:61 - Игровое событие: обновление_позиции - {"client_id": 0, "position": {"x": 1090, "y": 615}, "inputs": {"left": false, "right": false, "up": false, "down": false}}
2025-09-29 16:20:42,788 - game_server - INFO - log_game_event:61 - Игровое событие: обновление_позиции - {"client_id": 0, "position": {"x": 1090, "y": 615}, "inputs": {"left": false, "right": false, "up": false, "down": false}}
2025-09-29 16:20:42,827 - game_server - INFO - log_game_event:61 - Игровое событие: обновление_позиции - {"client_id": 0, "position": {"x": 1090, "y": 615}, "inputs": {"left": false, "right": false, "up": false, "down": false}}
2025-09-29 16:20:42,863 - game_server - INFO - log_game_event:61 - Игровое событие: обновление_позиции - {"client_id": 0, "position": {"x": 1090, "y": 615}, "inputs": {"left": false, "right": false, "up": false, "down": false}}
2025-09-29 16:20:42,903 - game_server - INFO - log_game_event:61 - Игровое событие: обновление_позиции - {"client_id": 0, "position": {"x": 1090, "y": 615}, "inputs": {"left": false, "right": false, "up": false, "down": false}}
2025-09-29 16:20:42,940 - game_server - INFO - log_game_event:61 - Игровое событие: обновление_позиции - {"client_id": 0, "position": {"x": 1090, "y": 615}, "inputs": {"left": false, "right": false, "up": false, "down": false}}
2025-09-29 16:20:42,973 - game_server - INFO - log_game_event:61 - Игровое событие: обновление_позиции - {"client_id": 0, "position": {"x": 1090, "y": 615}, "inputs": {"left": false, "right": false, "up": false, "down": false}}
2025-09-29 16:20:43,011 - game_server - INFO - log_game_event:61 - Игровое событие: обновление_позиции - {"client_id": 0, "position": {"x": 1090, "y": 615}, "inputs": {"left": false, "right": false, "up": false, "down": false}}
2025-09-29 16:20:43,049 - game_server - INFO - log_game_event:61 - Игровое событие: обновление_позиции - {"client_id": 0, "position": {"x": 1090, "y": 615}, "inputs": {"left": false, "right": false, "up": false, "down": false}}
2025-09-29 16:20:43,089 - game_server - INFO - log_game_event:61 - Игровое событие: обновление_позиции - {"client_id": 0, "position": {"x": 1090, "y": 615}, "inputs": {"left": false, "right": false, "up": false, "down": false}}
2025-09-29 16:20:43,127 - game_server - INFO - log_game_event:61 - Игровое событие: обновление_позиции - {"client_id": 0, "position": {"x": 1090, "y": 615}, "inputs": {"left": false, "right": false, "up": false, "down": false}}
2025-09-29 16:20:43,169 - game_server - INFO - log_game_event:61 - Игровое событие: обновление_позиции - {"client_id": 0, "position": {"x": 1090, "y": 615}, "inputs": {"left": false, "right": false, "up": false, "down": false}}
2025-09-29 16:20:43,205 - game_server - INFO - log_game_event:61 - Игровое событие: обновление_позиции - {"client_id": 0, "position": {"x": 1090, "y": 615}, "inputs": {"left": false, "right": false, "up": false, "down": false}}
2025-09-29 16:20:43,242 - game_server - INFO - log_game_event:61 - Игровое событие: обновление_позиции - {"client_id": 0, "position": {"x": 1090, "y": 615}, "inputs": {"left": false, "right": false, "up": false, "down": false}}
2025-09-29 16:20:43,280 - game_server - INFO - log_game_event:61 - Игровое событие: обновление_позиции - {"client_id": 0, "position": {"x": 1090, "y": 615}, "inputs": {"left": false, "right": false, "up": false, "down": false}}
2025-09-29 16:20:43,313 - game_server - INFO - log_game_event:61 - Игровое событие: обновление_позиции - {"client_id": 0, "position": {"x": 1090, "y": 615}, "inputs": {"left": false, "right": false, "up": false, "down": false}}
2025-09-29 16:20:43,345 - game_server - INFO - log_game_event:61 - Игровое событие: обновление_позиции - {"client_id": 0, "position": {"x": 1090, "y": 615}, "inputs": {"left": false, "right": false, "up": false, "down": false}}
2025-09-29 16:20:43,377 - game_server - INFO - log_game_event:61 - Игровое событие: обновление_позиции - {"client_id": 0, "position": {"x": 1090, "y": 615}, "inputs": {"left": false, "right": false, "up": false, "down": false}}
2025-09-29 16:20:43,414 - game_server - INFO - log_game_event:61 - Игровое событие: обновление_позиции - {"client_id": 0, "position": {"x": 1090, "y": 615}, "inputs": {"left": false, "right": false, "up": false, "down": false}}
2025-09-29 16:20:43,453 - game_server - INFO - log_game_event:61 - Игровое событие: обновление_позиции - {"client_id": 0, "position": {"x": 1090, "y": 615}, "inputs": {"left": false, "right": false, "up": false, "down": false}}
2025-09-29 16:20:43,491 - game_server - INFO - log_game_event:61 - Игровое событие: обновление_позиции - {"client_id": 0, "position": {"x": 1090, "y": 615}, "inputs": {"left": false, "right": false, "up": false, "down": false}}
2025-09-29 16:20:43,527 - game_server - INFO - log_game_event:61 - Игровое событие: обновление_позиции - {"client_id": 0, "position": {"x": 1090, "y": 615}, "inputs": {"left": false, "right": false, "up": false, "down": false}}
2025-09-29 16:20:43,564 - game_server - INFO - log_game_event:61 - Игровое событие: обновление_позиции - {"client_id": 0, "position": {"x": 1090, "y": 615}, "inputs": {"left": false, "right": false, "up": false, "down": false}}
2025-09-29 16:20:43,603 - game_server - INFO - log_game_event:61 - Игровое событие: обновление_позиции - {"client_id": 0, "position": {"x": 1090, "y": 615}, "inputs": {"left": false, "right": false, "up": false, "down": false}}
2025-09-29 16:20:43,642 - game_server - INFO - log_game_event:61 - Игровое событие: обновление_позиции - {"client_id": 0, "position": {"x": 1090, "y": 615}, "inputs": {"left": false, "right": false, "up": false, "down": false}}
2025-09-29 16:20:43,677 - game_server - INFO - log_game_event:61 - Игровое событие: обновление_позиции - {"client_id": 0, "position": {"x": 1090, "y": 615}, "inputs": {"left": false, "right": false, "up": false, "down": false}}
2025-09-29 16:20:43,708 - game_server - INFO - log_game_event:61 - Игровое событие: обновление_позиции - {"client_id": 0, "position": {"x": 1090, "y": 615}, "inputs": {"left": false, "right": false, "up": false, "down": false}}
2025-09-29 16:20:43,734 - game_server - INFO - log_game_event:61 - Игровое событие: обновление_позиции - {"client_id": 0, "position": {"x": 1090, "y": 615}, "inputs": {"left": false, "right": false, "up": false, "down": false}}
2025-09-29 16:20:43,757 - game_server - INFO - log_game_event:61 - Игровое событие: обновление_позиции - {"client_id": 0, "position": {"x": 1090, "y": 615}, "inputs": {"left": false, "right": false, "up": false, "down": false}}
2025-09-29 16:20:43,780 - game_server - INFO - log_game_event:61 - Игровое событие: обновление_позиции - {"client_id": 0, "position": {"x": 1090, "y": 615}, "inputs": {"left": false, "right": false, "up": false, "down": false}}
2025-09-29 16:20:43,804 - game_server - INFO - log_game_event:61 - Игровое событие: обновление_позиции - {"client_id": 0, "position": {"x": 1090, "y": 615}, "inputs": {"left": false, "right": false, "up": false, "down": false}}
2025-09-29 16:20:43,826 - game_server - INFO - log_game_event:61 - Игровое событие: обновление_позиции - {"client_id": 0, "position": {"x": 1090, "y": 615}, "inputs": {"left": false, "right": false, "up": false, "down": false}}
2025-09-29 16:20:43,850 - game_server - INFO - log_game_event:61 - Игровое событие: обновление_позиции - {"client_id": 0, "position": {"x": 1090, "y": 615}, "inputs": {"left": false, "right": false, "up": false, "down": false}}
2025-09-29 16:20:43,873 - game_server - INFO - log_game_event:61 - Игровое событие: обновление_позиции - {"client_id": 0, "position": {"x": 1090, "y": 615}, "inputs": {"left": false, "right": false, "up": false, "down": false}}
2025-09-29 16:20:43,909 - game_server - INFO - log_game_event:61 - Игровое событие: обновление_позиции - {"client_id": 0, "position": {"x": 1090, "y": 615}, "inputs": {"left": false, "right": false, "up": false, "down": false}}
2025-09-29 16:20:43,949 - game_server - INFO - log_game_event:61 - Игровое событие: обновление_позиции - {"client_id": 0, "position": {"x": 1090, "y": 615}, "inputs": {"left": false, "right": false, "up": false, "down": false}}
2025-09-29 16:20:43,984 - game_server - INFO - log_game_event:61 - Игровое событие: обновление_позиции - {"client_id": 0, "position": {"x": 1090, "y": 615}, "inputs": {"left": false, "right": false, "up": false, "down": false}}
2025-09-29 16:20:44,020 - game_server - INFO - log_game_event:61 - Игровое событие: обновление_позиции - {"client_id": 0, "position": {"x": 1090, "y": 615}, "inputs": {"left": false, "right": false, "up": false, "down": false}}
2025-09-29 16:20:44,058 - game_server - INFO - log_game_event:61 - Игровое событие: обновление_позиции - {"client_id": 0, "position": {"x": 1090, "y": 615}, "inputs": {"left": false, "right": false, "up": false, "down": false}}
2025-09-29 16:20:44,091 - game_server - INFO - log_game_event:61 - Игровое событие: обновление_позиции - {"client_id": 0, "position": {"x": 1090, "y": 615}, "inputs": {"left": false, "right": false, "up": false, "down": false}}
2025-09-29 16:20:44,128 - game_server - INFO - log_game_event:61 - Игровое событие: обновление_позиции - {"client_id": 0, "position": {"x": 1090, "y": 615}, "inputs": {"left": false, "right": false, "up": false, "down": false}}
2025-09-29 16:20:44,164 - game_server - INFO - log_game_event:61 - Игровое событие: обновление_позиции - {"client_id": 0, "position": {"x": 1090, "y": 615}, "inputs": {"left": false, "right": false, "up": false, "down": false}}
2025-09-29 16:20:44,199 - game_server - INFO - log_game_event:61 - Игровое событие: обновление_позиции - {"client_id": 0, "position": {"x": 1090, "y": 615}, "inputs": {"left": false, "right": false, "up": false, "down": false}}
2025-09-29 16:20:44,238 - game_server - INFO - log_game_event:61 - Игровое событие: обновление_позиции - {"client_id": 0, "position": {"x": 1090, "y": 615}, "inputs": {"left": false, "right": false, "up": false, "down": false}}
2025-09-29 16:20:44,272 - game_server - INFO - log_game_event:61 - Игровое событие: обновление_позиции - {"client_id": 0, "position": {"x": 1090, "y": 615}, "inputs": {"left": false, "right": false, "up": false, "down": false}}
2025-09-29 16:20:44,312 - game_server - INFO - log_game_event:61 - Игровое событие: обновление_позиции - {"client_id": 0, "position": {"x": 1090, "y": 615}, "inputs": {"left": false, "right": false, "up": false, "down": false}}
2025-09-29 16:20:44,350 - game_server - INFO - log_game_event:61 - Игровое событие: обновление_позиции - {"client_id": 0, "position": {"x": 1090, "y": 615}, "inputs": {"left": false, "right": false, "up": false, "down": false}}
2025-09-29 16:20:44,388 - game_server - INFO - log_game_event:61 - Игровое событие: обновление_позиции - {"client_id": 0, "position": {"x": 1090, "y": 615}, "inputs": {"left": false, "right": false, "up": false, "down": false}}
2025-09-29 16:20:44,425 - game_server - INFO - log_game_event:61 - Игровое событие: обновление_позиции - {"client_id": 0, "position": {"x": 1090, "y": 615}, "inputs": {"left": false, "right": false, "up": false, "down": false}}
2025-09-29 16:20:44,458 - game_server - INFO - log_game_event:61 - Игровое событие: обновление_позиции - {"client_id": 0, "position": {"x": 1090, "y": 615}, "inputs": {"left": false, "right": false, "up": false, "down": false}}
2025-09-29 16:20:44,495 - game_server - INFO - log_game_event:61 - Игровое событие: обновление_позиции - {"client_id": 0, "position": {"x": 1090, "y": 615}, "inputs": {"left": false, "right": false, "up": false, "down": false}}
2025-09-29 16:20:44,531 - game_server - INFO - log_game_event:61 - Игровое событие: обновление_позиции - {"client_id": 0, "position": {"x": 1090, "y": 615}, "inputs": {"left": false, "right": false, "up": false, "down": false}}
2025-09-29 16:20:44,566 - game_server - INFO - log_game_event:61 - Игровое событие: обновление_позиции - {"client_id": 0, "position": {"x": 1090, "y": 615}, "inputs": {"left": false, "right": false, "up": false, "down": false}}
2025-09-29 16:20:44,603 - game_server - INFO - log_game_event:61 - Игровое событие: обновление_позиции - {"client_id": 0, "position": {"x": 1090, "y": 615}, "inputs": {"left": false, "right": false, "up": false, "down": false}}
2025-09-29 16:20:44,639 - game_server - INFO - log_game_event:61 - Игровое событие: обновление_позиции - {"client_id": 0, "position": {"x": 1090, "y": 615}, "inputs": {"left": false, "right": false, "up": false, "down": false}}
2025-09-29 16:20:44,679 - game_server - INFO - log_game_event:61 - Игровое событие: обновление_позиции - {"client_id": 0, "position": {"x": 1090, "y": 615}, "inputs": {"left": false, "right": false, "up": false, "down": false}}
2025-09-29 16:20:44,714 - game_server - INFO - log_game_event:61 - Игровое событие: обновление_позиции - {"client_id": 0, "position": {"x": 1090, "y": 615}, "inputs": {"left": false, "right": false, "up": false, "down": false}}
2025-09-29 16:20:44,749 - game_server - INFO - log_game_event:61 - Игровое событие: обновление_позиции - {"client_id": 0, "position": {"x": 1090, "y": 615}, "inputs": {"left": false, "right": false, "up": false, "down": false}}
2025-09-29 16:20:44,785 - game_server - INFO - log_game_event:61 - Игровое событие: обновление_позиции - {"client_id": 0, "position": {"x": 1090, "y": 615}, "inputs": {"left": false, "right": false, "up": false, "down": false}}
2025-09-29 16:20:44,820 - game_server - INFO - log_game_event:61 - Игровое событие: обновление_позиции - {"client_id": 0, "position": {"x": 1090, "y": 615}, "inputs": {"left": false, "right": false, "up": false, "down": false}}
2025-09-29 16:20:44,853 - game_server - INFO - log_game_event:61 - Игровое событие: обновление_позиции - {"client_id": 0, "position": {"x": 1090, "y": 615}, "inputs": {"left": false, "right": false, "up": false, "down": false}}
2025-09-29 16:20:44,892 - game_server - ERROR - log_error:66 - Ошибка в Обработка клиента 0: [WinError 10054] Удаленный хост принудительно разорвал существующее подключение
Traceback (most recent call last):
  File "C:\Users\User\Desktop\Карта\server.py", line 114, in handle_client
    data = client_sock.recv(1024)
           ^^^^^^^^^^^^^^^^^^^^^^
ConnectionResetError: [WinError 10054] Удаленный хост принудительно разорвал существующее подключение
2025-09-29 16:20:44,914 - game_server - INFO - log_connection:56 - Клиент 0: отключен
